Link map of __startup
  1] __startup (func,global) found in MPC5606B_Startup_c.obj 
   2] __start (func,global) found in librt_E200z0_VLE_Soft.a D:\w\EPPC\workspace_codegen\ewl\EWL_Runtime\Runtime_PA_CmdLineData\librt_E200z0_VLE_Soft\obj\__start.o
    3] __init_registers (func,weak) found in librt_E200z0_VLE_Soft.a D:\w\EPPC\workspace_codegen\ewl\EWL_Runtime\Runtime_PA_CmdLineData\librt_E200z0_VLE_Soft\obj\__start.o
     4] _stack_addr found as linker generated symbol
     4] _SDA2_BASE_ found as linker generated symbol
     4] _SDA_BASE_ found as linker generated symbol
    3] __init_hardware (func,global) found in __ppc_eabi_init_c.obj 
     4] usr_init (func,global) found in MPC5606B_init_flash_c.obj 
      5] INIT_Derivative (func,global) found in MPC5606B_HWInit_c.obj 
       6] L2SRAM_LOCATION found as linker generated symbol
       6] L2SRAM_CNT found as linker generated symbol
      5] EXCEP_InitExceptionHandlers (func,global) found in SERV_Exceptions_c.obj 
       6] EXCEPTION_HANDLERS found as linker generated symbol
      5] INTC_InitINTCInterrupts (func,global) found in SERV_IntcInterrupts_c.obj 
       6] INTCInterruptsHandlerTable (object,global) found in SERV_IntcInterrupts_c.obj 
    3] __init_data (func,weak) found in librt_E200z0_VLE_Soft.a D:\w\EPPC\workspace_codegen\ewl\EWL_Runtime\Runtime_PA_CmdLineData\librt_E200z0_VLE_Soft\obj\__start.o
     4] _rom_copy_info (object,global) found in Linker Generated Symbol File 
     4] __copy_rom_section (func,global) found in librt_E200z0_VLE_Soft.a D:\w\EPPC\workspace_codegen\ewl\EWL_Runtime\Runtime_PA_CmdLineData\librt_E200z0_VLE_Soft\obj\__start.o
      5] memcpy (func,global) found in librt_E200z0_VLE_Soft.a D:\w\EPPC\workspace_codegen\ewl\EWL_Runtime\Runtime_PA_CmdLineData\librt_E200z0_VLE_Soft\obj\__mem.o
      5] __flush_cache (func,global) found in __ppc_eabi_init_c.obj 
     4] _bss_init_info (object,global) found in Linker Generated Symbol File 
     4] __init_bss_section (func,global) found in librt_E200z0_VLE_Soft.a D:\w\EPPC\workspace_codegen\ewl\EWL_Runtime\Runtime_PA_CmdLineData\librt_E200z0_VLE_Soft\obj\__start.o
      5] memset (func,global) found in librt_E200z0_VLE_Soft.a D:\w\EPPC\workspace_codegen\ewl\EWL_Runtime\Runtime_PA_CmdLineData\librt_E200z0_VLE_Soft\obj\__mem.o
       6] __fill_mem (func,global) found in librt_E200z0_VLE_Soft.a D:\w\EPPC\workspace_codegen\ewl\EWL_Runtime\Runtime_PA_CmdLineData\librt_E200z0_VLE_Soft\obj\__mem.o
    3] __init_user (func,global) found in __ppc_eabi_init_c.obj 
     4] FlashConfig (func,global) found in __ppc_eabi_init_c.obj 
      5] @23 (object,local) found in __ppc_eabi_init_c.obj 
    3] main (func,global) found in main_c.obj 
     4] sysinit_InitMode (func,global) found in BIOS_sysinit_c.obj 
      5] sysinit_ChangeMode (func,global) found in BIOS_sysinit_c.obj 
     4] sysinit_InitSysClock (func,global) found in BIOS_sysinit_c.obj 
      5] sysinit_disableWatchdog (func,global) found in BIOS_sysinit_c.obj 
     4] vfnGPIO_LED_Init (func,global) found in BIOS_GPIO_c.obj 
      5] vfnGPIO_Init_channel (func,global) found in BIOS_GPIO_c.obj 
      5] vfnGPIO_Output (func,global) found in BIOS_GPIO_c.obj 
     4] InitDSPI_1 (func,global) found in BIOS_bspimain_c.obj 
     4] ConfigureMZC33905DSPI_1 (func,global) found in BIOS_bspimain_c.obj 
      5] ReadDataDSPI_1 (func,global) found in BIOS_bspimain_c.obj 
       6] RecDataMaster (object,global) found in BIOS_bspimain_c.obj 
     4] can_driver_config (object,global) found in BIOS_Can_Cfg_c.obj 
      5] bios_cnf_can_dev (object,global) found in BIOS_Can_Cfg_c.obj 
       6] bios_cnf_can_baudrate_options (object,global) found in BIOS_Can_Cfg_c.obj 
       6] bios_cnf_can_messages (object,global) found in BIOS_Can_Cfg_c.obj 
        7] Can_Manager_PduHandler0 (func,global) found in SERV_Can_Manager_c.obj 
         8] CanMessage_PduHandler0 (object,global) found in SERV_Can_Manager_c.obj 
         8] pdu_handler7 (object,global) found in SERV_Can_Manager_c.obj 
          9] dummy_msg2 (object,global) found in SERV_Can_Manager_c.obj 
         8] msg_rx_pdu0 (object,global) found in SERV_Can_Manager_c.obj 
         8] PduHandlerCnt0 (object,global) found in SERV_Can_Manager_c.obj 
        7] Can_Manager_PduHandler7 (func,global) found in SERV_Can_Manager_c.obj 
         8] CanMessage_PduHandler7 (object,global) found in SERV_Can_Manager_c.obj 
         8] msg_rx_pdu7 (object,global) found in SERV_Can_Manager_c.obj 
         8] pdu_handler8_cnt (object,global) found in SERV_Can_Manager_c.obj 
         8] dummy_msg8 (object,global) found in SERV_Can_Manager_c.obj 
         8] PduHandlerCnt6 (object,global) found in SERV_Can_Manager_c.obj 
     4] CAN_Initialization (func,global) found in BIOS_Can_c.obj 
      5] can_config_ptr (object,global) found in BIOS_Can_c.obj 
      5] can_config_dev_ptr (object,global) found in BIOS_Can_c.obj 
      5] bios_cnf_can_eng (object,global) found in BIOS_Can_c.obj 
      5] CAN_IO_Config (func,global) found in BIOS_Can_c.obj 
      5] bios_can_prevent_clear_flag_low (object,global) found in BIOS_Can_c.obj 
      5] bios_can_prevent_clear_flag_high (object,global) found in BIOS_Can_c.obj 
      5] CANB_Isr (func,global) found in BIOS_Can_c.obj 
       6] received_messages (object,global) found in BIOS_Can_c.obj 
       6] txd_messages (object,global) found in BIOS_Can_c.obj 
      5] INTC_InstallINTCInterruptHandler (func,global) found in SERV_IntcInterrupts_c.obj 
     4] SchM_Init (func,global) found in SERV_SchM_c.obj 
      5] rul_Index (object,global) found in SERV_SchM_c.obj 
      5] PIT_device_init (func,global) found in BIOS_PIT_c.obj 
      5] PIT_channel_configure (func,global) found in BIOS_PIT_c.obj 
      5] TickFlag (func,global) found in SERV_SchM_c.obj 
       6] rub_TickFlag (object,global) found in SERV_SchM_c.obj 
      5] cas_TaskList (object,global) found in SERV_SchM_c.obj 
       6] SchM_10ms_Task (func,global) found in SERV_SchM_Tasks_c.obj 
        7] P_SB_SensorState (func,global) found in APP_Passenger_Seatbealt_Bassic_c.obj 
         8] SB_State (object,global) found in APP_Passenger_Seatbealt_Bassic_c.obj 
         8] Passenger_Seatbelt (func,global) found in APP_Sensors_Flags_c.obj 
          9] P_SB_FLAG (object,global) found in APP_Sensors_Flags_c.obj 
          9] Pot_Get_Value (func,global) found in BIOS_ADC_Init_c.obj 
           10] A2D_GetSingleCh_10bit (func,global) found in BIOS_ADC_Init_c.obj 
       6] SchM_12p5ms_Task (func,global) found in SERV_SchM_Tasks_c.obj 
        7] CanManager_SendMessage_12p5ms (func,global) found in SERV_Can_Manager_c.obj 
         8] pdu_handler4 (object,global) found in SERV_Can_Manager_c.obj 
          9] dummy_msg0 (object,global) found in SERV_Can_Manager_c.obj 
         8] CAN_SendFrame (func,global) found in BIOS_Can_c.obj 
          9] CAN_SendFrameInt (func,global) found in BIOS_Can_c.obj 
         8] CanMessage_PduHandler2 (object,global) found in SERV_Can_Manager_c.obj 
         8] CAN_ReceiveFrame (func,global) found in BIOS_Can_c.obj 
         8] pdu_handler9 (object,global) found in SERV_Can_Manager_c.obj 
          9] dummy_msg9 (object,global) found in SERV_Can_Manager_c.obj 
       6] SchM_25ms_Task (func,global) found in SERV_SchM_Tasks_c.obj 
        7] P_S_SensorState (func,global) found in APP_Passenger_Seatbealt_Bassic_c.obj 
         8] S_State (object,global) found in APP_Passenger_Seatbealt_Bassic_c.obj 
         8] Passenger_Seat (func,global) found in APP_Sensors_Flags_c.obj 
          9] P_S_FLAG (object,global) found in APP_Sensors_Flags_c.obj 
        7] CanManager_SendMessage_25ms (func,global) found in SERV_Can_Manager_c.obj 
         8] pdu_handler6 (object,global) found in SERV_Can_Manager_c.obj 
         8] pdu_handler8 (object,global) found in SERV_Can_Manager_c.obj 
       6] SchM_50ms_Task (func,global) found in SERV_SchM_Tasks_c.obj 
        7] BasicReminder (func,global) found in APP_SBR_Driver_c.obj 
         8] driver_SB_State (object,global) found in APP_SBR_Driver_c.obj 
         8] Driver_Seatbelt (func,global) found in APP_Sensors_Flags_c.obj 
          9] D_SB_FLAG (object,global) found in APP_Sensors_Flags_c.obj 
         8] cmd_Telltale_StMach (func,global) found in APP_Basic_Enhanced_Cmd_Telltale_c.obj 
          9] rub_cmdTelltaleStateVar (object,global) found in APP_Basic_Enhanced_Cmd_Telltale_c.obj 
          9] @LOCAL@cmd_Telltale_StMach__Fv@lul_FlashingCounter (object,local) found in APP_Basic_Enhanced_Cmd_Telltale_c.obj 
          9] @LOCAL@cmd_Telltale_StMach__Fv@lul_OnCounter@0 (object,local) found in APP_Basic_Enhanced_Cmd_Telltale_c.obj 
          9] rul_TimeDelay (object,global) found in APP_Basic_Enhanced_Cmd_Telltale_c.obj 
          9] rub_TimeoutConf (object,global) found in APP_Basic_Enhanced_Cmd_Telltale_c.obj 
      5] raul_NTask (object,global) found in SERV_SchM_c.obj 
      5] PIT_channel_start (func,global) found in BIOS_PIT_c.obj 
     4] INTC_EnableInterrupts (func,global) found in SERV_IntcInterrupts_c.obj 
     4] adc_0_init_fnc (func,global) found in BIOS_ADC_Init_c.obj 
     4] kernel (func,global) found in SERV_SchM_c.obj 
      5] rul_Count (object,global) found in SERV_SchM_c.obj 
    3] exit (func,global) found in libc_E200z0_VLE_Soft.a D:\w\EPPC\workspace_codegen\ewl\EWL_C\EWL_C.PA_CmdLineData\libc_E200z0_VLE_Soft\obj\abort_exit.o
    3] >>> UNREFERENCED DUPLICATE exit
    3] >>> (func,weak) found in __ppc_eabi_init_c.obj 
     4] __destroy_global_chain (func,global) found in librt_E200z0_VLE_Soft.a D:\w\EPPC\workspace_codegen\ewl\EWL_Runtime\Runtime_PA_CmdLineData\librt_E200z0_VLE_Soft\obj\global_destructor_chain.o
      5] __global_destructor_chain (object,global) found in librt_E200z0_VLE_Soft.a D:\w\EPPC\workspace_codegen\ewl\EWL_Runtime\Runtime_PA_CmdLineData\librt_E200z0_VLE_Soft\obj\global_destructor_chain.o
     4] __stdio_exit (object,global) found in libc_E200z0_VLE_Soft.a D:\w\EPPC\workspace_codegen\ewl\EWL_C\EWL_C.PA_CmdLineData\libc_E200z0_VLE_Soft\obj\abort_exit.o
     4] __console_exit (object,global) found in libc_E200z0_VLE_Soft.a D:\w\EPPC\workspace_codegen\ewl\EWL_C\EWL_C.PA_CmdLineData\libc_E200z0_VLE_Soft\obj\abort_exit.o
     4] _ExitProcess (func,weak) found in __ppc_eabi_init_c.obj 
     4] __restore_frame_and_exit (func,global) found in librt_E200z0_VLE_Soft.a D:\w\EPPC\workspace_codegen\ewl\EWL_Runtime\Runtime_PA_CmdLineData\librt_E200z0_VLE_Soft\obj\runtime.o
  1] bam_rchw (object,global) found in MPC5606B_init_flash_c.obj 
  1] bam_resetvector (object,global) found in MPC5606B_init_flash_c.obj 
  1] EXCEP_DefaultExceptionHandler (func,global) found in SERV_Exceptions_c.obj 
  1] INTC_INTCInterruptHandler (func,global) found in SERV_IntcInterrupts_c.obj 
  1] ivor_branch_table_p0 (func,global) found in SERV_ivor_branch_table_c.obj 
    3] .init (section,local) found in MPC5606B_init_flash_c.obj 
    3] .init.13 (notype,local) found in MPC5606B_init_flash_c.obj 
    3] .init (section,local) found in MPC5606B_Startup_c.obj 
    3] .init.21 (notype,local) found in MPC5606B_Startup_c.obj 
    3] .text (section,local) found in MPC5606B_HWInit_c.obj 
    3] .text.13 (notype,local) found in MPC5606B_HWInit_c.obj 
    3] .text (section,local) found in APP_Sensors_Flags_c.obj 
    3] .text.77 (notype,local) found in APP_Sensors_Flags_c.obj 
    3] .text (section,local) found in APP_SBR_Driver_c.obj 
    3] .text.103 (notype,local) found in APP_SBR_Driver_c.obj 
    3] .text (section,local) found in APP_Passenger_Seatbealt_Bassic_c.obj 
    3] .text.108 (notype,local) found in APP_Passenger_Seatbealt_Bassic_c.obj 
    3] .text (section,local) found in APP_Basic_Enhanced_Cmd_Telltale_c.obj 
    3] .text.30 (notype,local) found in APP_Basic_Enhanced_Cmd_Telltale_c.obj 
    3] .text (section,local) found in BIOS_sysinit_c.obj 
    3] .text.35 (notype,local) found in BIOS_sysinit_c.obj 
    3] .text (section,local) found in BIOS_bspimain_c.obj 
    3] .text.23 (notype,local) found in BIOS_bspimain_c.obj 
    3] .text (section,local) found in BIOS_PIT_c.obj 
    3] .text.34 (notype,local) found in BIOS_PIT_c.obj 
    3] .text (section,local) found in BIOS_GPIO_c.obj 
    3] .text.39 (notype,local) found in BIOS_GPIO_c.obj 
    3] .text (section,local) found in BIOS_Can_c.obj 
    3] .text.256 (notype,local) found in BIOS_Can_c.obj 
    3] .text (section,local) found in BIOS_ADC_Init_c.obj 
    3] .text.30 (notype,local) found in BIOS_ADC_Init_c.obj 
    3] .ivor_branch_table (section,local) found in SERV_ivor_branch_table_c.obj 
    3] .ivor_branch_table.24 (notype,local) found in SERV_ivor_branch_table_c.obj 
    3] .text (section,local) found in SERV_SchM_Tasks_c.obj 
    3] .text.42 (notype,local) found in SERV_SchM_Tasks_c.obj 
    3] .text (section,local) found in SERV_SchM_c.obj 
    3] .text.53 (notype,local) found in SERV_SchM_c.obj 
    3] .text (section,local) found in SERV_Can_Manager_c.obj 
    3] .text.58 (notype,local) found in SERV_Can_Manager_c.obj 
    3] .text (section,local) found in main_c.obj 
    3] .text.46 (notype,local) found in main_c.obj 
    3] .text (section,local) found in libc_E200z0_VLE_Soft.a D:\w\EPPC\workspace_codegen\ewl\EWL_C\EWL_C.PA_CmdLineData\libc_E200z0_VLE_Soft\obj\abort_exit.o
    3] .text.86 (notype,local) found in libc_E200z0_VLE_Soft.a D:\w\EPPC\workspace_codegen\ewl\EWL_C\EWL_C.PA_CmdLineData\libc_E200z0_VLE_Soft\obj\abort_exit.o
    3] .init (section,local) found in librt_E200z0_VLE_Soft.a D:\w\EPPC\workspace_codegen\ewl\EWL_Runtime\Runtime_PA_CmdLineData\librt_E200z0_VLE_Soft\obj\__start.o
    3] .init.104 (notype,local) found in librt_E200z0_VLE_Soft.a D:\w\EPPC\workspace_codegen\ewl\EWL_Runtime\Runtime_PA_CmdLineData\librt_E200z0_VLE_Soft\obj\__start.o
    3] .text (section,local) found in librt_E200z0_VLE_Soft.a D:\w\EPPC\workspace_codegen\ewl\EWL_Runtime\Runtime_PA_CmdLineData\librt_E200z0_VLE_Soft\obj\global_destructor_chain.o
    3] .text.104 (notype,local) found in librt_E200z0_VLE_Soft.a D:\w\EPPC\workspace_codegen\ewl\EWL_Runtime\Runtime_PA_CmdLineData\librt_E200z0_VLE_Soft\obj\global_destructor_chain.o
    3] .text (section,local) found in librt_E200z0_VLE_Soft.a D:\w\EPPC\workspace_codegen\ewl\EWL_Runtime\Runtime_PA_CmdLineData\librt_E200z0_VLE_Soft\obj\runtime.o
    3] .text.205 (notype,local) found in librt_E200z0_VLE_Soft.a D:\w\EPPC\workspace_codegen\ewl\EWL_Runtime\Runtime_PA_CmdLineData\librt_E200z0_VLE_Soft\obj\runtime.o


.__bam_bootarea section layout
  Starting        Virtual  File
  address  Size   address  offset
  ---------------------------------
  00000000 000008 00000000 000002e0  1 .__bam_bootarea 	MPC5606B_init_flash_c.obj 
  00000000 000004 00000000 000002e0  4 bam_rchw 	MPC5606B_init_flash_c.obj 
  00000004 000004 00000004 000002e4  4 bam_resetvector 	MPC5606B_init_flash_c.obj 


.init section layout
  Starting        Virtual  File
  address  Size   address  offset
  ---------------------------------
  00000000 000098 00000008 000002e8  1 .init 	Linker Generated Symbol File 
  00000000 000078 00000008 000002e8  4 _rom_copy_info 	Linker Generated Symbol File 
  00000078 000020 00000080 00000360  4 _bss_init_info 	Linker Generated Symbol File 


.init_vle section layout
  Starting        Virtual  File
  address  Size   address  offset
  ---------------------------------
  00000000 00002c 000000a0 00000380  1 .init 	__ppc_eabi_init_c.obj 
  00000000 00000a 000000a0 00000380  2 __init_hardware 	__ppc_eabi_init_c.obj 
  0000000a 000022 000000aa 0000038a  2 __flush_cache 	__ppc_eabi_init_c.obj 
  0000002c 000012 000000cc 000003ac  1 .init 	MPC5606B_init_flash_c.obj 
  0000002c 000012 000000cc 000003ac  2 usr_init 	MPC5606B_init_flash_c.obj 
  0000003e 000000 000000de 000003be  1 .init.13 	MPC5606B_init_flash_c.obj 
  0000003e 000002 000000e0 000003c0  4 *fill*
  00000040 000004 000000e0 000003c0  1 .init 	MPC5606B_Startup_c.obj 
  00000040 000004 000000e0 000003c0  4 __startup 	MPC5606B_Startup_c.obj 
  00000044 000000 000000e4 000003c4  1 .init.21 	MPC5606B_Startup_c.obj 
  00000044 0000f4 000000e4 000003c4  1 .init 	librt_E200z0_VLE_Soft.a D:\w\EPPC\workspace_codegen\ewl\EWL_Runtime\Runtime_PA_CmdLineData\librt_E200z0_VLE_Soft\obj\__start.o
  00000044 000048 000000e4 000003c4  2 __start 	librt_E200z0_VLE_Soft.a D:\w\EPPC\workspace_codegen\ewl\EWL_Runtime\Runtime_PA_CmdLineData\librt_E200z0_VLE_Soft\obj\__start.o
  0000008c 000030 0000012c 0000040c  2 __copy_rom_section 	librt_E200z0_VLE_Soft.a D:\w\EPPC\workspace_codegen\ewl\EWL_Runtime\Runtime_PA_CmdLineData\librt_E200z0_VLE_Soft\obj\__start.o
  000000bc 00000e 0000015c 0000043c  2 __init_bss_section 	librt_E200z0_VLE_Soft.a D:\w\EPPC\workspace_codegen\ewl\EWL_Runtime\Runtime_PA_CmdLineData\librt_E200z0_VLE_Soft\obj\__start.o
  000000ca 00001a 0000016a 0000044a  2 __init_registers 	librt_E200z0_VLE_Soft.a D:\w\EPPC\workspace_codegen\ewl\EWL_Runtime\Runtime_PA_CmdLineData\librt_E200z0_VLE_Soft\obj\__start.o
  000000e4 000054 00000184 00000464  2 __init_data 	librt_E200z0_VLE_Soft.a D:\w\EPPC\workspace_codegen\ewl\EWL_Runtime\Runtime_PA_CmdLineData\librt_E200z0_VLE_Soft\obj\__start.o
  00000138 000000 000001d8 000004b8  1 .init.104 	librt_E200z0_VLE_Soft.a D:\w\EPPC\workspace_codegen\ewl\EWL_Runtime\Runtime_PA_CmdLineData\librt_E200z0_VLE_Soft\obj\__start.o
  00000138 0000d4 000001d8 000004b8  1 .init 	librt_E200z0_VLE_Soft.a D:\w\EPPC\workspace_codegen\ewl\EWL_Runtime\Runtime_PA_CmdLineData\librt_E200z0_VLE_Soft\obj\__mem.o
  00000138 000038 000001d8 000004b8  2 memcpy 	librt_E200z0_VLE_Soft.a D:\w\EPPC\workspace_codegen\ewl\EWL_Runtime\Runtime_PA_CmdLineData\librt_E200z0_VLE_Soft\obj\__mem.o
  00000170 000082 00000210 000004f0  2 __fill_mem 	librt_E200z0_VLE_Soft.a D:\w\EPPC\workspace_codegen\ewl\EWL_Runtime\Runtime_PA_CmdLineData\librt_E200z0_VLE_Soft\obj\__mem.o
  000001f2 00001a 00000292 00000572  2 memset 	librt_E200z0_VLE_Soft.a D:\w\EPPC\workspace_codegen\ewl\EWL_Runtime\Runtime_PA_CmdLineData\librt_E200z0_VLE_Soft\obj\__mem.o


.ivor_branch_table section layout
  Starting        Virtual  File
  address  Size   address  offset
  ---------------------------------
  00000000 0000f2 00001000 00000590  1 .ivor_branch_table 	SERV_ivor_branch_table_c.obj 
  00000000 0000f2 00001000 00000590 16 ivor_branch_table_p0 	SERV_ivor_branch_table_c.obj 
  000000f2 000000 000010f2 00000682  1 .ivor_branch_table.24 	SERV_ivor_branch_table_c.obj 


.intc_hw_branch_table section layout
  Starting        Virtual  File
  address  Size   address  offset
  ---------------------------------


.__exception_handlers section layout
  Starting        Virtual  File
  address  Size   address  offset
  ---------------------------------
  00000000 000096 00001100 00000690  1 .__exception_handlers 	SERV_IntcInterrupts_c.obj 
  00000000 000096 00001100 00000690 16 INTC_INTCInterruptHandler 	SERV_IntcInterrupts_c.obj 
  00000096 00000a 000011a0 00000730 16 *fill*
  000000a0 000002 000011a0 00000730  1 .__exception_handlers 	SERV_Exceptions_c.obj 
  000000a0 000002 000011a0 00000730 16 EXCEP_DefaultExceptionHandler 	SERV_Exceptions_c.obj 


.text section layout
  Starting        Virtual  File
  address  Size   address  offset
  ---------------------------------


.text_vle section layout
  Starting        Virtual  File
  address  Size   address  offset
  ---------------------------------
  00000000 000052 00003000 00000740  1 .text 	__ppc_eabi_init_c.obj 
  00000000 00003e 00003000 00000740  2 FlashConfig 	__ppc_eabi_init_c.obj 
  0000003e 000012 0000303e 0000077e  2 __init_user 	__ppc_eabi_init_c.obj 
  00000050 000002 00003050 00000790  2 _ExitProcess 	__ppc_eabi_init_c.obj 
  00000052 000050 00003052 00000792  1 .text 	MPC5606B_HWInit_c.obj 
  00000052 000050 00003052 00000792  2 INIT_Derivative 	MPC5606B_HWInit_c.obj 
  UNUSED   000002 ........ ........    INIT_ExternalBusAndMemory MPC5606B_HWInit_c.obj 
  000000a2 000000 000030a2 000007e2  1 .text.13 	MPC5606B_HWInit_c.obj 
  000000a2 000186 000030a2 000007e2  1 .text 	APP_Sensors_Flags_c.obj 
  000000a2 000082 000030a2 000007e2  2 Driver_Seatbelt 	APP_Sensors_Flags_c.obj 
  00000124 000082 00003124 00000864  2 Passenger_Seatbelt 	APP_Sensors_Flags_c.obj 
  000001a6 000082 000031a6 000008e6  2 Passenger_Seat 	APP_Sensors_Flags_c.obj 
  00000228 000000 00003228 00000968  1 .text.77 	APP_Sensors_Flags_c.obj 
  00000228 000046 00003228 00000968  1 .text 	APP_SBR_Driver_c.obj 
  UNUSED   000070 ........ ........    cmdEuroSequence APP_SBR_Driver_c.obj 
  00000228 000046 00003228 00000968  2 BasicReminder 	APP_SBR_Driver_c.obj 
  UNUSED   000090 ........ ........    EnhancedReminder APP_SBR_Driver_c.obj 
  UNUSED   0000ea ........ ........    EuroReminder APP_SBR_Driver_c.obj 
  UNUSED   00009e ........ ........    Driver_SB_SensorState APP_SBR_Driver_c.obj 
  0000026e 000000 0000326e 000009ae  1 .text.103 	APP_SBR_Driver_c.obj 
  0000026e 000142 0000326e 000009ae  1 .text 	APP_Passenger_Seatbealt_Bassic_c.obj 
  UNUSED   0000a2 ........ ........    BasicReminder_PSR APP_Passenger_Seatbealt_Bassic_c.obj 
  UNUSED   00008c ........ ........    Unfastened_Occupies_StateMachine APP_Passenger_Seatbealt_Bassic_c.obj 
  0000026e 00009e 0000326e 000009ae  2 P_SB_SensorState 	APP_Passenger_Seatbealt_Bassic_c.obj 
  0000030c 0000a4 0000330c 00000a4c  2 P_S_SensorState 	APP_Passenger_Seatbealt_Bassic_c.obj 
  000003b0 000000 000033b0 00000af0  1 .text.108 	APP_Passenger_Seatbealt_Bassic_c.obj 
  000003b0 0000d2 000033b0 00000af0  1 .text 	APP_Basic_Enhanced_Cmd_Telltale_c.obj 
  000003b0 0000d2 000033b0 00000af0  2 cmd_Telltale_StMach 	APP_Basic_Enhanced_Cmd_Telltale_c.obj 
  00000482 000000 00003482 00000bc2  1 .text.30 	APP_Basic_Enhanced_Cmd_Telltale_c.obj 
  00000482 00018e 00003482 00000bc2  1 .text 	BIOS_sysinit_c.obj 
  00000482 000032 00003482 00000bc2  2 sysinit_disableWatchdog 	BIOS_sysinit_c.obj 
  000004b4 000086 000034b4 00000bf4  2 sysinit_InitSysClock 	BIOS_sysinit_c.obj 
  0000053a 000094 0000353a 00000c7a  2 sysinit_InitMode 	BIOS_sysinit_c.obj 
  000005ce 000042 000035ce 00000d0e  2 sysinit_ChangeMode 	BIOS_sysinit_c.obj 
  00000610 000000 00003610 00000d50  1 .text.35 	BIOS_sysinit_c.obj 
  00000610 0001d2 00003610 00000d50  1 .text 	BIOS_bspimain_c.obj 
  00000610 000080 00003610 00000d50  2 InitDSPI_1 	BIOS_bspimain_c.obj 
  00000690 00002c 00003690 00000dd0  2 ReadDataDSPI_1 	BIOS_bspimain_c.obj 
  000006bc 000126 000036bc 00000dfc  2 ConfigureMZC33905DSPI_1 	BIOS_bspimain_c.obj 
  000007e2 000000 000037e2 00000f22  1 .text.23 	BIOS_bspimain_c.obj 
  000007e2 000092 000037e2 00000f22  1 .text 	BIOS_PIT_c.obj 
  000007e2 00001e 000037e2 00000f22  2 PIT_device_init 	BIOS_PIT_c.obj 
  00000800 000054 00003800 00000f40  2 PIT_channel_configure 	BIOS_PIT_c.obj 
  00000854 000020 00003854 00000f94  2 PIT_channel_start 	BIOS_PIT_c.obj 
  UNUSED   000018 ........ ........    PIT_channel_stop BIOS_PIT_c.obj 
  00000874 000000 00003874 00000fb4  1 .text.34 	BIOS_PIT_c.obj 
  00000874 0001b8 00003874 00000fb4  1 .text 	BIOS_GPIO_c.obj 
  00000874 0000f2 00003874 00000fb4  2 vfnGPIO_Init_channel 	BIOS_GPIO_c.obj 
  00000966 00001e 00003966 000010a6  2 vfnGPIO_Output 	BIOS_GPIO_c.obj 
  00000984 0000a8 00003984 000010c4  2 vfnGPIO_LED_Init 	BIOS_GPIO_c.obj 
  00000a2c 000000 00003a2c 0000116c  1 .text.39 	BIOS_GPIO_c.obj 
  00000a2c 001086 00003a2c 0000116c  1 .text 	BIOS_Can_c.obj 
  00000a2c 00013e 00003a2c 0000116c  2 CAN_SendFrameInt 	BIOS_Can_c.obj 
  00000b6a 0002a2 00003b6a 000012aa  2 CANB_Isr 	BIOS_Can_c.obj 
  00000e0c 000110 00003e0c 0000154c  2 CAN_IO_Config 	BIOS_Can_c.obj 
  00000f1c 000978 00003f1c 0000165c  2 CAN_Initialization 	BIOS_Can_c.obj 
  00001894 00003c 00004894 00001fd4  2 CAN_SendFrame 	BIOS_Can_c.obj 
  000018d0 0001e2 000048d0 00002010  2 CAN_ReceiveFrame 	BIOS_Can_c.obj 
  UNUSED   000170 ........ ........    CAN_Stop BIOS_Can_c.obj 
  00001ab2 000000 00004ab2 000021f2  1 .text.256 	BIOS_Can_c.obj 
  00001ab2 00015a 00004ab2 000021f2  1 .text 	BIOS_ADC_Init_c.obj 
  00001ab2 00001c 00004ab2 000021f2  2 Pot_Get_Value 	BIOS_ADC_Init_c.obj 
  00001ace 000084 00004ace 0000220e  2 A2D_GetSingleCh_10bit 	BIOS_ADC_Init_c.obj 
  00001b52 0000ba 00004b52 00002292  2 adc_0_init_fnc 	BIOS_ADC_Init_c.obj 
  00001c0c 000000 00004c0c 0000234c  1 .text.30 	BIOS_ADC_Init_c.obj 
  00001c0c 000054 00004c0c 0000234c  1 .text 	SERV_SchM_Tasks_c.obj 
  00001c0c 000014 00004c0c 0000234c  2 SchM_10ms_Task 	SERV_SchM_Tasks_c.obj 
  00001c20 000014 00004c20 00002360  2 SchM_12p5ms_Task 	SERV_SchM_Tasks_c.obj 
  00001c34 000018 00004c34 00002374  2 SchM_25ms_Task 	SERV_SchM_Tasks_c.obj 
  00001c4c 000014 00004c4c 0000238c  2 SchM_50ms_Task 	SERV_SchM_Tasks_c.obj 
  UNUSED   000014 ........ ........    SchM_100ms_Task SERV_SchM_Tasks_c.obj 
  00001c60 000000 00004c60 000023a0  1 .text.42 	SERV_SchM_Tasks_c.obj 
  00001c60 00014c 00004c60 000023a0  1 .text 	SERV_SchM_c.obj 
  00001c60 00007c 00004c60 000023a0  2 SchM_Init 	SERV_SchM_c.obj 
  00001cdc 0000a6 00004cdc 0000241c  2 kernel 	SERV_SchM_c.obj 
  00001d82 00002a 00004d82 000024c2  2 TickFlag 	SERV_SchM_c.obj 
  00001dac 000000 00004dac 000024ec  1 .text.53 	SERV_SchM_c.obj 
  00001dac 000066 00004dac 000024ec  1 .text 	SERV_IntcInterrupts_c.obj 
  00001dac 00002c 00004dac 000024ec  2 INTC_InstallINTCInterruptHandler 	SERV_IntcInterrupts_c.obj 
  00001dd8 000018 00004dd8 00002518  2 INTC_EnableInterrupts 	SERV_IntcInterrupts_c.obj 
  00001df0 000022 00004df0 00002530  2 INTC_InitINTCInterrupts 	SERV_IntcInterrupts_c.obj 
  00001e12 00000e 00004e12 00002552  1 .text 	SERV_Exceptions_c.obj 
  00001e12 00000e 00004e12 00002552  2 EXCEP_InitExceptionHandlers 	SERV_Exceptions_c.obj 
  00001e20 000164 00004e20 00002560  1 .text 	SERV_Can_Manager_c.obj 
  00001e20 00005a 00004e20 00002560  2 Can_Manager_PduHandler0 	SERV_Can_Manager_c.obj 
  00001e7a 000064 00004e7a 000025ba  2 Can_Manager_PduHandler7 	SERV_Can_Manager_c.obj 
  00001ede 000062 00004ede 0000261e  2 CanManager_SendMessage_12p5ms 	SERV_Can_Manager_c.obj 
  00001f40 000044 00004f40 00002680  2 CanManager_SendMessage_25ms 	SERV_Can_Manager_c.obj 
  UNUSED   000018 ........ ........    CanManager_SendMessage_100ms SERV_Can_Manager_c.obj 
  00001f84 000000 00004f84 000026c4  1 .text.58 	SERV_Can_Manager_c.obj 
  00001f84 000046 00004f84 000026c4  1 .text 	main_c.obj 
  00001f84 000046 00004f84 000026c4  2 main 	main_c.obj 
  00001fca 000000 00004fca 0000270a  1 .text.46 	main_c.obj 
  00001fca 000040 00004fca 0000270a  1 .text 	libc_E200z0_VLE_Soft.a D:\w\EPPC\workspace_codegen\ewl\EWL_C\EWL_C.PA_CmdLineData\libc_E200z0_VLE_Soft\obj\abort_exit.o
  UNUSED   00002c ........ ........    abort libc_E200z0_VLE_Soft.a D:\w\EPPC\workspace_codegen\ewl\EWL_C\EWL_C.PA_CmdLineData\libc_E200z0_VLE_Soft\obj\abort_exit.o
  UNUSED   000004 ........ ........    atexit libc_E200z0_VLE_Soft.a D:\w\EPPC\workspace_codegen\ewl\EWL_C\EWL_C.PA_CmdLineData\libc_E200z0_VLE_Soft\obj\abort_exit.o
  00001fca 000040 00004fca 0000270a  2 exit 	libc_E200z0_VLE_Soft.a D:\w\EPPC\workspace_codegen\ewl\EWL_C\EWL_C.PA_CmdLineData\libc_E200z0_VLE_Soft\obj\abort_exit.o
  UNUSED   00002a ........ ........    __atexit libc_E200z0_VLE_Soft.a D:\w\EPPC\workspace_codegen\ewl\EWL_C\EWL_C.PA_CmdLineData\libc_E200z0_VLE_Soft\obj\abort_exit.o
  UNUSED   000056 ........ ........    __exit libc_E200z0_VLE_Soft.a D:\w\EPPC\workspace_codegen\ewl\EWL_C\EWL_C.PA_CmdLineData\libc_E200z0_VLE_Soft\obj\abort_exit.o
  0000200a 000000 0000500a 0000274a  1 .text.86 	libc_E200z0_VLE_Soft.a D:\w\EPPC\workspace_codegen\ewl\EWL_C\EWL_C.PA_CmdLineData\libc_E200z0_VLE_Soft\obj\abort_exit.o
  0000200a 000032 0000500a 0000274a  1 .text 	librt_E200z0_VLE_Soft.a D:\w\EPPC\workspace_codegen\ewl\EWL_Runtime\Runtime_PA_CmdLineData\librt_E200z0_VLE_Soft\obj\global_destructor_chain.o
  UNUSED   000010 ........ ........    __register_global_object librt_E200z0_VLE_Soft.a D:\w\EPPC\workspace_codegen\ewl\EWL_Runtime\Runtime_PA_CmdLineData\librt_E200z0_VLE_Soft\obj\global_destructor_chain.o
  0000200a 000032 0000500a 0000274a  2 __destroy_global_chain 	librt_E200z0_VLE_Soft.a D:\w\EPPC\workspace_codegen\ewl\EWL_Runtime\Runtime_PA_CmdLineData\librt_E200z0_VLE_Soft\obj\global_destructor_chain.o
  UNUSED   00003a ........ ........    __register_atexit librt_E200z0_VLE_Soft.a D:\w\EPPC\workspace_codegen\ewl\EWL_Runtime\Runtime_PA_CmdLineData\librt_E200z0_VLE_Soft\obj\global_destructor_chain.o
  0000203c 000000 0000503c 0000277c  1 .text.104 	librt_E200z0_VLE_Soft.a D:\w\EPPC\workspace_codegen\ewl\EWL_Runtime\Runtime_PA_CmdLineData\librt_E200z0_VLE_Soft\obj\global_destructor_chain.o
  0000203c 000008 0000503c 0000277c  1 .text 	librt_E200z0_VLE_Soft.a D:\w\EPPC\workspace_codegen\ewl\EWL_Runtime\Runtime_PA_CmdLineData\librt_E200z0_VLE_Soft\obj\runtime.o
  UNUSED   00004a ........ ........    __save_gpr librt_E200z0_VLE_Soft.a D:\w\EPPC\workspace_codegen\ewl\EWL_Runtime\Runtime_PA_CmdLineData\librt_E200z0_VLE_Soft\obj\runtime.o
  UNUSED   000000 ........ ........    _savegpr_14 librt_E200z0_VLE_Soft.a D:\w\EPPC\workspace_codegen\ewl\EWL_Runtime\Runtime_PA_CmdLineData\librt_E200z0_VLE_Soft\obj\runtime.o
  UNUSED   000000 ........ ........    _save32gpr_14 librt_E200z0_VLE_Soft.a D:\w\EPPC\workspace_codegen\ewl\EWL_Runtime\Runtime_PA_CmdLineData\librt_E200z0_VLE_Soft\obj\runtime.o
  UNUSED   000000 ........ ........    _savegpr_15 librt_E200z0_VLE_Soft.a D:\w\EPPC\workspace_codegen\ewl\EWL_Runtime\Runtime_PA_CmdLineData\librt_E200z0_VLE_Soft\obj\runtime.o
  UNUSED   000000 ........ ........    _save32gpr_15 librt_E200z0_VLE_Soft.a D:\w\EPPC\workspace_codegen\ewl\EWL_Runtime\Runtime_PA_CmdLineData\librt_E200z0_VLE_Soft\obj\runtime.o
  UNUSED   000000 ........ ........    _savegpr_16 librt_E200z0_VLE_Soft.a D:\w\EPPC\workspace_codegen\ewl\EWL_Runtime\Runtime_PA_CmdLineData\librt_E200z0_VLE_Soft\obj\runtime.o
  UNUSED   000000 ........ ........    _save32gpr_16 librt_E200z0_VLE_Soft.a D:\w\EPPC\workspace_codegen\ewl\EWL_Runtime\Runtime_PA_CmdLineData\librt_E200z0_VLE_Soft\obj\runtime.o
  UNUSED   000000 ........ ........    _savegpr_17 librt_E200z0_VLE_Soft.a D:\w\EPPC\workspace_codegen\ewl\EWL_Runtime\Runtime_PA_CmdLineData\librt_E200z0_VLE_Soft\obj\runtime.o
  UNUSED   000000 ........ ........    _save32gpr_17 librt_E200z0_VLE_Soft.a D:\w\EPPC\workspace_codegen\ewl\EWL_Runtime\Runtime_PA_CmdLineData\librt_E200z0_VLE_Soft\obj\runtime.o
  UNUSED   000000 ........ ........    _savegpr_18 librt_E200z0_VLE_Soft.a D:\w\EPPC\workspace_codegen\ewl\EWL_Runtime\Runtime_PA_CmdLineData\librt_E200z0_VLE_Soft\obj\runtime.o
  UNUSED   000000 ........ ........    _save32gpr_18 librt_E200z0_VLE_Soft.a D:\w\EPPC\workspace_codegen\ewl\EWL_Runtime\Runtime_PA_CmdLineData\librt_E200z0_VLE_Soft\obj\runtime.o
  UNUSED   000000 ........ ........    _savegpr_19 librt_E200z0_VLE_Soft.a D:\w\EPPC\workspace_codegen\ewl\EWL_Runtime\Runtime_PA_CmdLineData\librt_E200z0_VLE_Soft\obj\runtime.o
  UNUSED   000000 ........ ........    _save32gpr_19 librt_E200z0_VLE_Soft.a D:\w\EPPC\workspace_codegen\ewl\EWL_Runtime\Runtime_PA_CmdLineData\librt_E200z0_VLE_Soft\obj\runtime.o
  UNUSED   000000 ........ ........    _savegpr_20 librt_E200z0_VLE_Soft.a D:\w\EPPC\workspace_codegen\ewl\EWL_Runtime\Runtime_PA_CmdLineData\librt_E200z0_VLE_Soft\obj\runtime.o
  UNUSED   000000 ........ ........    _save32gpr_20 librt_E200z0_VLE_Soft.a D:\w\EPPC\workspace_codegen\ewl\EWL_Runtime\Runtime_PA_CmdLineData\librt_E200z0_VLE_Soft\obj\runtime.o
  UNUSED   000000 ........ ........    _savegpr_21 librt_E200z0_VLE_Soft.a D:\w\EPPC\workspace_codegen\ewl\EWL_Runtime\Runtime_PA_CmdLineData\librt_E200z0_VLE_Soft\obj\runtime.o
  UNUSED   000000 ........ ........    _save32gpr_21 librt_E200z0_VLE_Soft.a D:\w\EPPC\workspace_codegen\ewl\EWL_Runtime\Runtime_PA_CmdLineData\librt_E200z0_VLE_Soft\obj\runtime.o
  UNUSED   000000 ........ ........    _savegpr_22 librt_E200z0_VLE_Soft.a D:\w\EPPC\workspace_codegen\ewl\EWL_Runtime\Runtime_PA_CmdLineData\librt_E200z0_VLE_Soft\obj\runtime.o
  UNUSED   000000 ........ ........    _save32gpr_22 librt_E200z0_VLE_Soft.a D:\w\EPPC\workspace_codegen\ewl\EWL_Runtime\Runtime_PA_CmdLineData\librt_E200z0_VLE_Soft\obj\runtime.o
  UNUSED   000000 ........ ........    _savegpr_23 librt_E200z0_VLE_Soft.a D:\w\EPPC\workspace_codegen\ewl\EWL_Runtime\Runtime_PA_CmdLineData\librt_E200z0_VLE_Soft\obj\runtime.o
  UNUSED   000000 ........ ........    _save32gpr_23 librt_E200z0_VLE_Soft.a D:\w\EPPC\workspace_codegen\ewl\EWL_Runtime\Runtime_PA_CmdLineData\librt_E200z0_VLE_Soft\obj\runtime.o
  UNUSED   000000 ........ ........    _savegpr_24 librt_E200z0_VLE_Soft.a D:\w\EPPC\workspace_codegen\ewl\EWL_Runtime\Runtime_PA_CmdLineData\librt_E200z0_VLE_Soft\obj\runtime.o
  UNUSED   000000 ........ ........    _save32gpr_24 librt_E200z0_VLE_Soft.a D:\w\EPPC\workspace_codegen\ewl\EWL_Runtime\Runtime_PA_CmdLineData\librt_E200z0_VLE_Soft\obj\runtime.o
  UNUSED   000000 ........ ........    _savegpr_25 librt_E200z0_VLE_Soft.a D:\w\EPPC\workspace_codegen\ewl\EWL_Runtime\Runtime_PA_CmdLineData\librt_E200z0_VLE_Soft\obj\runtime.o
  UNUSED   000000 ........ ........    _save32gpr_25 librt_E200z0_VLE_Soft.a D:\w\EPPC\workspace_codegen\ewl\EWL_Runtime\Runtime_PA_CmdLineData\librt_E200z0_VLE_Soft\obj\runtime.o
  UNUSED   000000 ........ ........    _savegpr_26 librt_E200z0_VLE_Soft.a D:\w\EPPC\workspace_codegen\ewl\EWL_Runtime\Runtime_PA_CmdLineData\librt_E200z0_VLE_Soft\obj\runtime.o
  UNUSED   000000 ........ ........    _save32gpr_26 librt_E200z0_VLE_Soft.a D:\w\EPPC\workspace_codegen\ewl\EWL_Runtime\Runtime_PA_CmdLineData\librt_E200z0_VLE_Soft\obj\runtime.o
  UNUSED   000000 ........ ........    _savegpr_27 librt_E200z0_VLE_Soft.a D:\w\EPPC\workspace_codegen\ewl\EWL_Runtime\Runtime_PA_CmdLineData\librt_E200z0_VLE_Soft\obj\runtime.o
  UNUSED   000000 ........ ........    _save32gpr_27 librt_E200z0_VLE_Soft.a D:\w\EPPC\workspace_codegen\ewl\EWL_Runtime\Runtime_PA_CmdLineData\librt_E200z0_VLE_Soft\obj\runtime.o
  UNUSED   000000 ........ ........    _savegpr_28 librt_E200z0_VLE_Soft.a D:\w\EPPC\workspace_codegen\ewl\EWL_Runtime\Runtime_PA_CmdLineData\librt_E200z0_VLE_Soft\obj\runtime.o
  UNUSED   000000 ........ ........    _save32gpr_28 librt_E200z0_VLE_Soft.a D:\w\EPPC\workspace_codegen\ewl\EWL_Runtime\Runtime_PA_CmdLineData\librt_E200z0_VLE_Soft\obj\runtime.o
  UNUSED   000000 ........ ........    _savegpr_29 librt_E200z0_VLE_Soft.a D:\w\EPPC\workspace_codegen\ewl\EWL_Runtime\Runtime_PA_CmdLineData\librt_E200z0_VLE_Soft\obj\runtime.o
  UNUSED   000000 ........ ........    _save32gpr_29 librt_E200z0_VLE_Soft.a D:\w\EPPC\workspace_codegen\ewl\EWL_Runtime\Runtime_PA_CmdLineData\librt_E200z0_VLE_Soft\obj\runtime.o
  UNUSED   000000 ........ ........    _savegpr_30 librt_E200z0_VLE_Soft.a D:\w\EPPC\workspace_codegen\ewl\EWL_Runtime\Runtime_PA_CmdLineData\librt_E200z0_VLE_Soft\obj\runtime.o
  UNUSED   000000 ........ ........    _save32gpr_30 librt_E200z0_VLE_Soft.a D:\w\EPPC\workspace_codegen\ewl\EWL_Runtime\Runtime_PA_CmdLineData\librt_E200z0_VLE_Soft\obj\runtime.o
  UNUSED   000000 ........ ........    _savegpr_31 librt_E200z0_VLE_Soft.a D:\w\EPPC\workspace_codegen\ewl\EWL_Runtime\Runtime_PA_CmdLineData\librt_E200z0_VLE_Soft\obj\runtime.o
  UNUSED   000000 ........ ........    _save32gpr_31 librt_E200z0_VLE_Soft.a D:\w\EPPC\workspace_codegen\ewl\EWL_Runtime\Runtime_PA_CmdLineData\librt_E200z0_VLE_Soft\obj\runtime.o
  UNUSED   00004a ........ ........    __restore_gpr librt_E200z0_VLE_Soft.a D:\w\EPPC\workspace_codegen\ewl\EWL_Runtime\Runtime_PA_CmdLineData\librt_E200z0_VLE_Soft\obj\runtime.o
  UNUSED   000000 ........ ........    _restgpr_14 librt_E200z0_VLE_Soft.a D:\w\EPPC\workspace_codegen\ewl\EWL_Runtime\Runtime_PA_CmdLineData\librt_E200z0_VLE_Soft\obj\runtime.o
  UNUSED   000000 ........ ........    _rest32gpr_14 librt_E200z0_VLE_Soft.a D:\w\EPPC\workspace_codegen\ewl\EWL_Runtime\Runtime_PA_CmdLineData\librt_E200z0_VLE_Soft\obj\runtime.o
  UNUSED   000000 ........ ........    _restgpr_15 librt_E200z0_VLE_Soft.a D:\w\EPPC\workspace_codegen\ewl\EWL_Runtime\Runtime_PA_CmdLineData\librt_E200z0_VLE_Soft\obj\runtime.o
  UNUSED   000000 ........ ........    _rest32gpr_15 librt_E200z0_VLE_Soft.a D:\w\EPPC\workspace_codegen\ewl\EWL_Runtime\Runtime_PA_CmdLineData\librt_E200z0_VLE_Soft\obj\runtime.o
  UNUSED   000000 ........ ........    _restgpr_16 librt_E200z0_VLE_Soft.a D:\w\EPPC\workspace_codegen\ewl\EWL_Runtime\Runtime_PA_CmdLineData\librt_E200z0_VLE_Soft\obj\runtime.o
  UNUSED   000000 ........ ........    _rest32gpr_16 librt_E200z0_VLE_Soft.a D:\w\EPPC\workspace_codegen\ewl\EWL_Runtime\Runtime_PA_CmdLineData\librt_E200z0_VLE_Soft\obj\runtime.o
  UNUSED   000000 ........ ........    _restgpr_17 librt_E200z0_VLE_Soft.a D:\w\EPPC\workspace_codegen\ewl\EWL_Runtime\Runtime_PA_CmdLineData\librt_E200z0_VLE_Soft\obj\runtime.o
  UNUSED   000000 ........ ........    _rest32gpr_17 librt_E200z0_VLE_Soft.a D:\w\EPPC\workspace_codegen\ewl\EWL_Runtime\Runtime_PA_CmdLineData\librt_E200z0_VLE_Soft\obj\runtime.o
  UNUSED   000000 ........ ........    _restgpr_18 librt_E200z0_VLE_Soft.a D:\w\EPPC\workspace_codegen\ewl\EWL_Runtime\Runtime_PA_CmdLineData\librt_E200z0_VLE_Soft\obj\runtime.o
  UNUSED   000000 ........ ........    _rest32gpr_18 librt_E200z0_VLE_Soft.a D:\w\EPPC\workspace_codegen\ewl\EWL_Runtime\Runtime_PA_CmdLineData\librt_E200z0_VLE_Soft\obj\runtime.o
  UNUSED   000000 ........ ........    _restgpr_19 librt_E200z0_VLE_Soft.a D:\w\EPPC\workspace_codegen\ewl\EWL_Runtime\Runtime_PA_CmdLineData\librt_E200z0_VLE_Soft\obj\runtime.o
  UNUSED   000000 ........ ........    _rest32gpr_19 librt_E200z0_VLE_Soft.a D:\w\EPPC\workspace_codegen\ewl\EWL_Runtime\Runtime_PA_CmdLineData\librt_E200z0_VLE_Soft\obj\runtime.o
  UNUSED   000000 ........ ........    _restgpr_20 librt_E200z0_VLE_Soft.a D:\w\EPPC\workspace_codegen\ewl\EWL_Runtime\Runtime_PA_CmdLineData\librt_E200z0_VLE_Soft\obj\runtime.o
  UNUSED   000000 ........ ........    _rest32gpr_20 librt_E200z0_VLE_Soft.a D:\w\EPPC\workspace_codegen\ewl\EWL_Runtime\Runtime_PA_CmdLineData\librt_E200z0_VLE_Soft\obj\runtime.o
  UNUSED   000000 ........ ........    _restgpr_21 librt_E200z0_VLE_Soft.a D:\w\EPPC\workspace_codegen\ewl\EWL_Runtime\Runtime_PA_CmdLineData\librt_E200z0_VLE_Soft\obj\runtime.o
  UNUSED   000000 ........ ........    _rest32gpr_21 librt_E200z0_VLE_Soft.a D:\w\EPPC\workspace_codegen\ewl\EWL_Runtime\Runtime_PA_CmdLineData\librt_E200z0_VLE_Soft\obj\runtime.o
  UNUSED   000000 ........ ........    _restgpr_22 librt_E200z0_VLE_Soft.a D:\w\EPPC\workspace_codegen\ewl\EWL_Runtime\Runtime_PA_CmdLineData\librt_E200z0_VLE_Soft\obj\runtime.o
  UNUSED   000000 ........ ........    _rest32gpr_22 librt_E200z0_VLE_Soft.a D:\w\EPPC\workspace_codegen\ewl\EWL_Runtime\Runtime_PA_CmdLineData\librt_E200z0_VLE_Soft\obj\runtime.o
  UNUSED   000000 ........ ........    _restgpr_23 librt_E200z0_VLE_Soft.a D:\w\EPPC\workspace_codegen\ewl\EWL_Runtime\Runtime_PA_CmdLineData\librt_E200z0_VLE_Soft\obj\runtime.o
  UNUSED   000000 ........ ........    _rest32gpr_23 librt_E200z0_VLE_Soft.a D:\w\EPPC\workspace_codegen\ewl\EWL_Runtime\Runtime_PA_CmdLineData\librt_E200z0_VLE_Soft\obj\runtime.o
  UNUSED   000000 ........ ........    _restgpr_24 librt_E200z0_VLE_Soft.a D:\w\EPPC\workspace_codegen\ewl\EWL_Runtime\Runtime_PA_CmdLineData\librt_E200z0_VLE_Soft\obj\runtime.o
  UNUSED   000000 ........ ........    _rest32gpr_24 librt_E200z0_VLE_Soft.a D:\w\EPPC\workspace_codegen\ewl\EWL_Runtime\Runtime_PA_CmdLineData\librt_E200z0_VLE_Soft\obj\runtime.o
  UNUSED   000000 ........ ........    _restgpr_25 librt_E200z0_VLE_Soft.a D:\w\EPPC\workspace_codegen\ewl\EWL_Runtime\Runtime_PA_CmdLineData\librt_E200z0_VLE_Soft\obj\runtime.o
  UNUSED   000000 ........ ........    _rest32gpr_25 librt_E200z0_VLE_Soft.a D:\w\EPPC\workspace_codegen\ewl\EWL_Runtime\Runtime_PA_CmdLineData\librt_E200z0_VLE_Soft\obj\runtime.o
  UNUSED   000000 ........ ........    _restgpr_26 librt_E200z0_VLE_Soft.a D:\w\EPPC\workspace_codegen\ewl\EWL_Runtime\Runtime_PA_CmdLineData\librt_E200z0_VLE_Soft\obj\runtime.o
  UNUSED   000000 ........ ........    _rest32gpr_26 librt_E200z0_VLE_Soft.a D:\w\EPPC\workspace_codegen\ewl\EWL_Runtime\Runtime_PA_CmdLineData\librt_E200z0_VLE_Soft\obj\runtime.o
  UNUSED   000000 ........ ........    _restgpr_27 librt_E200z0_VLE_Soft.a D:\w\EPPC\workspace_codegen\ewl\EWL_Runtime\Runtime_PA_CmdLineData\librt_E200z0_VLE_Soft\obj\runtime.o
  UNUSED   000000 ........ ........    _rest32gpr_27 librt_E200z0_VLE_Soft.a D:\w\EPPC\workspace_codegen\ewl\EWL_Runtime\Runtime_PA_CmdLineData\librt_E200z0_VLE_Soft\obj\runtime.o
  UNUSED   000000 ........ ........    _restgpr_28 librt_E200z0_VLE_Soft.a D:\w\EPPC\workspace_codegen\ewl\EWL_Runtime\Runtime_PA_CmdLineData\librt_E200z0_VLE_Soft\obj\runtime.o
  UNUSED   000000 ........ ........    _rest32gpr_28 librt_E200z0_VLE_Soft.a D:\w\EPPC\workspace_codegen\ewl\EWL_Runtime\Runtime_PA_CmdLineData\librt_E200z0_VLE_Soft\obj\runtime.o
  UNUSED   000000 ........ ........    _restgpr_29 librt_E200z0_VLE_Soft.a D:\w\EPPC\workspace_codegen\ewl\EWL_Runtime\Runtime_PA_CmdLineData\librt_E200z0_VLE_Soft\obj\runtime.o
  UNUSED   000000 ........ ........    _rest32gpr_29 librt_E200z0_VLE_Soft.a D:\w\EPPC\workspace_codegen\ewl\EWL_Runtime\Runtime_PA_CmdLineData\librt_E200z0_VLE_Soft\obj\runtime.o
  UNUSED   000000 ........ ........    _restgpr_30 librt_E200z0_VLE_Soft.a D:\w\EPPC\workspace_codegen\ewl\EWL_Runtime\Runtime_PA_CmdLineData\librt_E200z0_VLE_Soft\obj\runtime.o
  UNUSED   000000 ........ ........    _rest32gpr_30 librt_E200z0_VLE_Soft.a D:\w\EPPC\workspace_codegen\ewl\EWL_Runtime\Runtime_PA_CmdLineData\librt_E200z0_VLE_Soft\obj\runtime.o
  UNUSED   000000 ........ ........    _restgpr_31 librt_E200z0_VLE_Soft.a D:\w\EPPC\workspace_codegen\ewl\EWL_Runtime\Runtime_PA_CmdLineData\librt_E200z0_VLE_Soft\obj\runtime.o
  UNUSED   000000 ........ ........    _rest32gpr_31 librt_E200z0_VLE_Soft.a D:\w\EPPC\workspace_codegen\ewl\EWL_Runtime\Runtime_PA_CmdLineData\librt_E200z0_VLE_Soft\obj\runtime.o
  0000203c 000008 0000503c 0000277c  2 __restore_frame_and_exit 	librt_E200z0_VLE_Soft.a D:\w\EPPC\workspace_codegen\ewl\EWL_Runtime\Runtime_PA_CmdLineData\librt_E200z0_VLE_Soft\obj\runtime.o
  UNUSED   000000 ........ ........    __finish_restore_frame_and_exit2 librt_E200z0_VLE_Soft.a D:\w\EPPC\workspace_codegen\ewl\EWL_Runtime\Runtime_PA_CmdLineData\librt_E200z0_VLE_Soft\obj\runtime.o
  UNUSED   00000a ........ ........    __restore_gpr_31_exit librt_E200z0_VLE_Soft.a D:\w\EPPC\workspace_codegen\ewl\EWL_Runtime\Runtime_PA_CmdLineData\librt_E200z0_VLE_Soft\obj\runtime.o
  UNUSED   000000 ........ ........    __finish_restore_frame_and_exit librt_E200z0_VLE_Soft.a D:\w\EPPC\workspace_codegen\ewl\EWL_Runtime\Runtime_PA_CmdLineData\librt_E200z0_VLE_Soft\obj\runtime.o
  UNUSED   000008 ........ ........    __restore_gpr_30_exit librt_E200z0_VLE_Soft.a D:\w\EPPC\workspace_codegen\ewl\EWL_Runtime\Runtime_PA_CmdLineData\librt_E200z0_VLE_Soft\obj\runtime.o
  UNUSED   000008 ........ ........    __restore_gpr_29_exit librt_E200z0_VLE_Soft.a D:\w\EPPC\workspace_codegen\ewl\EWL_Runtime\Runtime_PA_CmdLineData\librt_E200z0_VLE_Soft\obj\runtime.o
  UNUSED   000008 ........ ........    __restore_gpr_28_exit librt_E200z0_VLE_Soft.a D:\w\EPPC\workspace_codegen\ewl\EWL_Runtime\Runtime_PA_CmdLineData\librt_E200z0_VLE_Soft\obj\runtime.o
  UNUSED   000008 ........ ........    __restore_gpr_27_exit librt_E200z0_VLE_Soft.a D:\w\EPPC\workspace_codegen\ewl\EWL_Runtime\Runtime_PA_CmdLineData\librt_E200z0_VLE_Soft\obj\runtime.o
  UNUSED   000008 ........ ........    __restore_gpr_26_exit librt_E200z0_VLE_Soft.a D:\w\EPPC\workspace_codegen\ewl\EWL_Runtime\Runtime_PA_CmdLineData\librt_E200z0_VLE_Soft\obj\runtime.o
  UNUSED   00000a ........ ........    __restore_gpr_25_exit librt_E200z0_VLE_Soft.a D:\w\EPPC\workspace_codegen\ewl\EWL_Runtime\Runtime_PA_CmdLineData\librt_E200z0_VLE_Soft\obj\runtime.o
  UNUSED   000008 ........ ........    __restore_gpr_24_exit librt_E200z0_VLE_Soft.a D:\w\EPPC\workspace_codegen\ewl\EWL_Runtime\Runtime_PA_CmdLineData\librt_E200z0_VLE_Soft\obj\runtime.o
  UNUSED   000008 ........ ........    __restore_gpr_23_exit librt_E200z0_VLE_Soft.a D:\w\EPPC\workspace_codegen\ewl\EWL_Runtime\Runtime_PA_CmdLineData\librt_E200z0_VLE_Soft\obj\runtime.o
  UNUSED   000008 ........ ........    __restore_gpr_22_exit librt_E200z0_VLE_Soft.a D:\w\EPPC\workspace_codegen\ewl\EWL_Runtime\Runtime_PA_CmdLineData\librt_E200z0_VLE_Soft\obj\runtime.o
  UNUSED   000008 ........ ........    __restore_gpr_21_exit librt_E200z0_VLE_Soft.a D:\w\EPPC\workspace_codegen\ewl\EWL_Runtime\Runtime_PA_CmdLineData\librt_E200z0_VLE_Soft\obj\runtime.o
  UNUSED   000008 ........ ........    __restore_gpr_20_exit librt_E200z0_VLE_Soft.a D:\w\EPPC\workspace_codegen\ewl\EWL_Runtime\Runtime_PA_CmdLineData\librt_E200z0_VLE_Soft\obj\runtime.o
  UNUSED   000008 ........ ........    __restore_gpr_19_exit librt_E200z0_VLE_Soft.a D:\w\EPPC\workspace_codegen\ewl\EWL_Runtime\Runtime_PA_CmdLineData\librt_E200z0_VLE_Soft\obj\runtime.o
  UNUSED   000008 ........ ........    __restore_gpr_18_exit librt_E200z0_VLE_Soft.a D:\w\EPPC\workspace_codegen\ewl\EWL_Runtime\Runtime_PA_CmdLineData\librt_E200z0_VLE_Soft\obj\runtime.o
  UNUSED   000008 ........ ........    __restore_gpr_17_exit librt_E200z0_VLE_Soft.a D:\w\EPPC\workspace_codegen\ewl\EWL_Runtime\Runtime_PA_CmdLineData\librt_E200z0_VLE_Soft\obj\runtime.o
  UNUSED   000008 ........ ........    __restore_gpr_16_exit librt_E200z0_VLE_Soft.a D:\w\EPPC\workspace_codegen\ewl\EWL_Runtime\Runtime_PA_CmdLineData\librt_E200z0_VLE_Soft\obj\runtime.o
  UNUSED   000008 ........ ........    __restore_gpr_15_exit librt_E200z0_VLE_Soft.a D:\w\EPPC\workspace_codegen\ewl\EWL_Runtime\Runtime_PA_CmdLineData\librt_E200z0_VLE_Soft\obj\runtime.o
  UNUSED   000008 ........ ........    __restore_gpr_14_exit librt_E200z0_VLE_Soft.a D:\w\EPPC\workspace_codegen\ewl\EWL_Runtime\Runtime_PA_CmdLineData\librt_E200z0_VLE_Soft\obj\runtime.o
  UNUSED   00000c ........ ........    __create_frame librt_E200z0_VLE_Soft.a D:\w\EPPC\workspace_codegen\ewl\EWL_Runtime\Runtime_PA_CmdLineData\librt_E200z0_VLE_Soft\obj\runtime.o
  UNUSED   000000 ........ ........    __save_lr librt_E200z0_VLE_Soft.a D:\w\EPPC\workspace_codegen\ewl\EWL_Runtime\Runtime_PA_CmdLineData\librt_E200z0_VLE_Soft\obj\runtime.o
  UNUSED   00000c ........ ........    __create_frame_and_save_gpr_31 librt_E200z0_VLE_Soft.a D:\w\EPPC\workspace_codegen\ewl\EWL_Runtime\Runtime_PA_CmdLineData\librt_E200z0_VLE_Soft\obj\runtime.o
  UNUSED   00000c ........ ........    __create_frame_and_save_gpr_30 librt_E200z0_VLE_Soft.a D:\w\EPPC\workspace_codegen\ewl\EWL_Runtime\Runtime_PA_CmdLineData\librt_E200z0_VLE_Soft\obj\runtime.o
  UNUSED   00000c ........ ........    __create_frame_and_save_gpr_29 librt_E200z0_VLE_Soft.a D:\w\EPPC\workspace_codegen\ewl\EWL_Runtime\Runtime_PA_CmdLineData\librt_E200z0_VLE_Soft\obj\runtime.o
  UNUSED   00000c ........ ........    __create_frame_and_save_gpr_28 librt_E200z0_VLE_Soft.a D:\w\EPPC\workspace_codegen\ewl\EWL_Runtime\Runtime_PA_CmdLineData\librt_E200z0_VLE_Soft\obj\runtime.o
  UNUSED   00000c ........ ........    __create_frame_and_save_gpr_27 librt_E200z0_VLE_Soft.a D:\w\EPPC\workspace_codegen\ewl\EWL_Runtime\Runtime_PA_CmdLineData\librt_E200z0_VLE_Soft\obj\runtime.o
  UNUSED   00000c ........ ........    __create_frame_and_save_gpr_26 librt_E200z0_VLE_Soft.a D:\w\EPPC\workspace_codegen\ewl\EWL_Runtime\Runtime_PA_CmdLineData\librt_E200z0_VLE_Soft\obj\runtime.o
  UNUSED   00000c ........ ........    __create_frame_and_save_gpr_25 librt_E200z0_VLE_Soft.a D:\w\EPPC\workspace_codegen\ewl\EWL_Runtime\Runtime_PA_CmdLineData\librt_E200z0_VLE_Soft\obj\runtime.o
  UNUSED   00000c ........ ........    __create_frame_and_save_gpr_24 librt_E200z0_VLE_Soft.a D:\w\EPPC\workspace_codegen\ewl\EWL_Runtime\Runtime_PA_CmdLineData\librt_E200z0_VLE_Soft\obj\runtime.o
  UNUSED   00000c ........ ........    __create_frame_and_save_gpr_23 librt_E200z0_VLE_Soft.a D:\w\EPPC\workspace_codegen\ewl\EWL_Runtime\Runtime_PA_CmdLineData\librt_E200z0_VLE_Soft\obj\runtime.o
  UNUSED   00000c ........ ........    __create_frame_and_save_gpr_22 librt_E200z0_VLE_Soft.a D:\w\EPPC\workspace_codegen\ewl\EWL_Runtime\Runtime_PA_CmdLineData\librt_E200z0_VLE_Soft\obj\runtime.o
  UNUSED   00000c ........ ........    __create_frame_and_save_gpr_21 librt_E200z0_VLE_Soft.a D:\w\EPPC\workspace_codegen\ewl\EWL_Runtime\Runtime_PA_CmdLineData\librt_E200z0_VLE_Soft\obj\runtime.o
  UNUSED   00000c ........ ........    __create_frame_and_save_gpr_20 librt_E200z0_VLE_Soft.a D:\w\EPPC\workspace_codegen\ewl\EWL_Runtime\Runtime_PA_CmdLineData\librt_E200z0_VLE_Soft\obj\runtime.o
  UNUSED   00000c ........ ........    __create_frame_and_save_gpr_19 librt_E200z0_VLE_Soft.a D:\w\EPPC\workspace_codegen\ewl\EWL_Runtime\Runtime_PA_CmdLineData\librt_E200z0_VLE_Soft\obj\runtime.o
  UNUSED   00000c ........ ........    __create_frame_and_save_gpr_18 librt_E200z0_VLE_Soft.a D:\w\EPPC\workspace_codegen\ewl\EWL_Runtime\Runtime_PA_CmdLineData\librt_E200z0_VLE_Soft\obj\runtime.o
  UNUSED   00000c ........ ........    __create_frame_and_save_gpr_17 librt_E200z0_VLE_Soft.a D:\w\EPPC\workspace_codegen\ewl\EWL_Runtime\Runtime_PA_CmdLineData\librt_E200z0_VLE_Soft\obj\runtime.o
  UNUSED   00000c ........ ........    __create_frame_and_save_gpr_16 librt_E200z0_VLE_Soft.a D:\w\EPPC\workspace_codegen\ewl\EWL_Runtime\Runtime_PA_CmdLineData\librt_E200z0_VLE_Soft\obj\runtime.o
  UNUSED   00000c ........ ........    __create_frame_and_save_gpr_15 librt_E200z0_VLE_Soft.a D:\w\EPPC\workspace_codegen\ewl\EWL_Runtime\Runtime_PA_CmdLineData\librt_E200z0_VLE_Soft\obj\runtime.o
  UNUSED   00000c ........ ........    __create_frame_and_save_gpr_14 librt_E200z0_VLE_Soft.a D:\w\EPPC\workspace_codegen\ewl\EWL_Runtime\Runtime_PA_CmdLineData\librt_E200z0_VLE_Soft\obj\runtime.o
  UNUSED   0000c4 ........ ........    __div2u librt_E200z0_VLE_Soft.a D:\w\EPPC\workspace_codegen\ewl\EWL_Runtime\Runtime_PA_CmdLineData\librt_E200z0_VLE_Soft\obj\runtime.o
  UNUSED   000108 ........ ........    __div2i librt_E200z0_VLE_Soft.a D:\w\EPPC\workspace_codegen\ewl\EWL_Runtime\Runtime_PA_CmdLineData\librt_E200z0_VLE_Soft\obj\runtime.o
  UNUSED   0000ba ........ ........    __mod2u librt_E200z0_VLE_Soft.a D:\w\EPPC\workspace_codegen\ewl\EWL_Runtime\Runtime_PA_CmdLineData\librt_E200z0_VLE_Soft\obj\runtime.o
  UNUSED   0000e2 ........ ........    __mod2i librt_E200z0_VLE_Soft.a D:\w\EPPC\workspace_codegen\ewl\EWL_Runtime\Runtime_PA_CmdLineData\librt_E200z0_VLE_Soft\obj\runtime.o
  UNUSED   00001a ........ ........    __shl2i librt_E200z0_VLE_Soft.a D:\w\EPPC\workspace_codegen\ewl\EWL_Runtime\Runtime_PA_CmdLineData\librt_E200z0_VLE_Soft\obj\runtime.o
  UNUSED   00001a ........ ........    __shr2u librt_E200z0_VLE_Soft.a D:\w\EPPC\workspace_codegen\ewl\EWL_Runtime\Runtime_PA_CmdLineData\librt_E200z0_VLE_Soft\obj\runtime.o
  UNUSED   00001c ........ ........    __shr2i librt_E200z0_VLE_Soft.a D:\w\EPPC\workspace_codegen\ewl\EWL_Runtime\Runtime_PA_CmdLineData\librt_E200z0_VLE_Soft\obj\runtime.o
  00002044 000000 00005044 00002784  1 .text.205 	librt_E200z0_VLE_Soft.a D:\w\EPPC\workspace_codegen\ewl\EWL_Runtime\Runtime_PA_CmdLineData\librt_E200z0_VLE_Soft\obj\runtime.o


.rodata section layout
  Starting        Virtual  File
  address  Size   address  offset
  ---------------------------------
  00000000 00000c 00005048 00002788  1 .rodata 	__ppc_eabi_init_c.obj 
  00000000 00000c 00005048 00002788  4 @23 	__ppc_eabi_init_c.obj 
  0000000c 000004 00005058 00002798  8 *fill*
  00000010 000030 00005058 00002798  1 .rodata 	SERV_SchM_c.obj 
  00000010 000030 00005058 00002798  8 cas_TaskList 	SERV_SchM_c.obj 


.ctors section layout
  Starting        Virtual  File
  address  Size   address  offset
  ---------------------------------


.dtors section layout
  Starting        Virtual  File
  address  Size   address  offset
  ---------------------------------


extab section layout
  Starting        Virtual  File
  address  Size   address  offset
  ---------------------------------


extabindex section layout
  Starting        Virtual  File
  address  Size   address  offset
  ---------------------------------


.__uninitialized_intc_handlertable section layout
  Starting        Virtual  File
  address  Size   address  offset
  ---------------------------------
  00000000 0003a4 40000000 00002800  1 .__uninitialized_intc_handlertable 	SERV_IntcInterrupts_c.obj 
  00000000 0003a4 40000000 00002800  4 INTCInterruptsHandlerTable 	SERV_IntcInterrupts_c.obj 


.data section layout
  Starting        Virtual  File
  address  Size   address  offset
  ---------------------------------
  00000000 0000bc 400003a8 00002800  1 .data 	BIOS_Can_Cfg_c.obj 
  00000000 000010 400003a8 00002800  8 bios_cnf_can_baudrate_options 	BIOS_Can_Cfg_c.obj 
  00000010 0000a0 400003b8 00002810  8 bios_cnf_can_messages 	BIOS_Can_Cfg_c.obj 
  000000b0 00000c 40000458 000028b0  4 bios_cnf_can_dev 	BIOS_Can_Cfg_c.obj 


.sdata section layout
  Starting        Virtual  File
  address  Size   address  offset
  ---------------------------------
  00000000 000008 40000468 000028c0  1 .sdata 	APP_Basic_Enhanced_Cmd_Telltale_c.obj 
  00000000 000004 40000468 000028c0  4 @LOCAL@cmd_Telltale_StMach__Fv@lul_FlashingCounter 	APP_Basic_Enhanced_Cmd_Telltale_c.obj 
  00000004 000004 4000046c 000028c4  4 @LOCAL@cmd_Telltale_StMach__Fv@lul_OnCounter@0 	APP_Basic_Enhanced_Cmd_Telltale_c.obj 
  00000008 000008 40000470 000028c8  1 .sdata 	BIOS_Can_Cfg_c.obj 
  00000008 000008 40000470 000028c8  8 can_driver_config 	BIOS_Can_Cfg_c.obj 
  00000010 000040 40000478 000028d0  1 .sdata 	SERV_Can_Manager_c.obj 
  00000010 000008 40000478 000028d0  8 dummy_msg0 	SERV_Can_Manager_c.obj 
  UNUSED   000008 ........ ........    dummy_msg1 SERV_Can_Manager_c.obj 
  00000018 000008 40000480 000028d8  8 dummy_msg2 	SERV_Can_Manager_c.obj 
  00000020 000008 40000488 000028e0  8 dummy_msg9 	SERV_Can_Manager_c.obj 
  00000028 000008 40000490 000028e8  8 pdu_handler4 	SERV_Can_Manager_c.obj 
  UNUSED   000008 ........ ........    pdu_handler5 SERV_Can_Manager_c.obj 
  00000030 000008 40000498 000028f0  8 pdu_handler6 	SERV_Can_Manager_c.obj 
  00000038 000008 400004a0 000028f8  8 pdu_handler7 	SERV_Can_Manager_c.obj 
  00000040 000008 400004a8 00002900  8 pdu_handler8 	SERV_Can_Manager_c.obj 
  00000048 000008 400004b0 00002908  8 pdu_handler9 	SERV_Can_Manager_c.obj 


.sbss section layout
  Starting        Virtual  File
  address  Size   address  offset
  ---------------------------------
  00000000 00000c 400004b8 00002910  1 .sbss 	APP_Sensors_Flags_c.obj 
  00000000 000004 400004b8 00002910  4 P_S_FLAG 	APP_Sensors_Flags_c.obj 
  00000004 000004 400004bc 00002914  4 P_SB_FLAG 	APP_Sensors_Flags_c.obj 
  00000008 000004 400004c0 00002918  4 D_SB_FLAG 	APP_Sensors_Flags_c.obj 
  0000000c 000004 400004c8 00002920  8 *fill*
  00000010 000001 400004c8 00002920  1 .sbss 	APP_SBR_Driver_c.obj 
  UNUSED   000001 ........ ........    rub_EnhancedSequence APP_SBR_Driver_c.obj 
  UNUSED   000001 ........ ........    rub_EuroSequence APP_SBR_Driver_c.obj 
  UNUSED   000004 ........ ........    @LOCAL@cmdEuroSequence__Fv@lul_FlashingCounter APP_SBR_Driver_c.obj 
  UNUSED   000004 ........ ........    @LOCAL@EuroReminder__Fv@lul_ClusterDelay APP_SBR_Driver_c.obj 
  00000010 000001 400004c8 00002920  1 driver_SB_State 	APP_SBR_Driver_c.obj 
  00000011 000007 400004d0 00002928  8 *fill*
  00000018 000002 400004d0 00002928  1 .sbss 	APP_Passenger_Seatbealt_Bassic_c.obj 
  00000018 000001 400004d0 00002928  1 S_State 	APP_Passenger_Seatbealt_Bassic_c.obj 
  00000019 000001 400004d1 00002929  1 SB_State 	APP_Passenger_Seatbealt_Bassic_c.obj 
  0000001a 000006 400004d8 00002930  8 *fill*
  00000020 000008 400004d8 00002930  1 .sbss 	APP_Basic_Enhanced_Cmd_Telltale_c.obj 
  00000020 000001 400004d8 00002930  1 rub_cmdTelltaleStateVar 	APP_Basic_Enhanced_Cmd_Telltale_c.obj 
  00000021 000001 400004d9 00002931  1 rub_TimeoutConf 	APP_Basic_Enhanced_Cmd_Telltale_c.obj 
  00000024 000004 400004dc 00002934  4 rul_TimeDelay 	APP_Basic_Enhanced_Cmd_Telltale_c.obj 
  00000028 000002 400004e0 00002938  1 .sbss 	BIOS_bspimain_c.obj 
  00000028 000002 400004e0 00002938  2 RecDataMaster 	BIOS_bspimain_c.obj 
  0000002a 000006 400004e8 00002940  8 *fill*
  00000030 000020 400004e8 00002940  1 .sbss 	BIOS_Can_c.obj 
  00000030 000004 400004e8 00002940  4 bios_can_prevent_clear_flag_low 	BIOS_Can_c.obj 
  00000034 000004 400004ec 00002944  4 bios_can_prevent_clear_flag_high 	BIOS_Can_c.obj 
  00000038 000004 400004f0 00002948  4 can_config_ptr 	BIOS_Can_c.obj 
  00000040 000008 400004f8 00002950  8 can_config_dev_ptr 	BIOS_Can_c.obj 
  00000048 000008 40000500 00002958  8 bios_cnf_can_eng 	BIOS_Can_c.obj 
  00000050 00000c 40000508 00002960  1 .sbss 	SERV_SchM_c.obj 
  00000050 000001 40000508 00002960  1 rub_TickFlag 	SERV_SchM_c.obj 
  00000054 000004 4000050c 00002964  4 rul_Index 	SERV_SchM_c.obj 
  00000058 000004 40000510 00002968  4 rul_Count 	SERV_SchM_c.obj 
  0000005c 000004 40000518 00002970  8 *fill*
  00000060 000010 40000518 00002970  1 .sbss 	SERV_Can_Manager_c.obj 
  00000060 000002 40000518 00002970  4 dummy_msg8 	SERV_Can_Manager_c.obj 
  00000064 000004 4000051c 00002974  4 PduHandlerCnt0 	SERV_Can_Manager_c.obj 
  00000068 000004 40000520 00002978  4 PduHandlerCnt6 	SERV_Can_Manager_c.obj 
  0000006c 000002 40000524 0000297c  2 pdu_handler8_cnt 	SERV_Can_Manager_c.obj 
  0000006e 000001 40000526 0000297e  1 msg_rx_pdu0 	SERV_Can_Manager_c.obj 
  0000006f 000001 40000527 0000297f  1 msg_rx_pdu7 	SERV_Can_Manager_c.obj 
  00000070 000008 40000528 00002980  1 .sbss 	libc_E200z0_VLE_Soft.a D:\w\EPPC\workspace_codegen\ewl\EWL_C\EWL_C.PA_CmdLineData\libc_E200z0_VLE_Soft\obj\abort_exit.o
  UNUSED   000004 ........ ........    __atexit_curr_func_C libc_E200z0_VLE_Soft.a D:\w\EPPC\workspace_codegen\ewl\EWL_C\EWL_C.PA_CmdLineData\libc_E200z0_VLE_Soft\obj\abort_exit.o
  00000070 000004 40000528 00002980  4 __stdio_exit 	libc_E200z0_VLE_Soft.a D:\w\EPPC\workspace_codegen\ewl\EWL_C\EWL_C.PA_CmdLineData\libc_E200z0_VLE_Soft\obj\abort_exit.o
  00000074 000004 4000052c 00002984  4 __console_exit 	libc_E200z0_VLE_Soft.a D:\w\EPPC\workspace_codegen\ewl\EWL_C\EWL_C.PA_CmdLineData\libc_E200z0_VLE_Soft\obj\abort_exit.o
  00000078 000004 40000530 00002988  1 .sbss 	librt_E200z0_VLE_Soft.a D:\w\EPPC\workspace_codegen\ewl\EWL_Runtime\Runtime_PA_CmdLineData\librt_E200z0_VLE_Soft\obj\global_destructor_chain.o
  UNUSED   000004 ........ ........    atexit_curr_func librt_E200z0_VLE_Soft.a D:\w\EPPC\workspace_codegen\ewl\EWL_Runtime\Runtime_PA_CmdLineData\librt_E200z0_VLE_Soft\obj\global_destructor_chain.o
  00000078 000004 40000530 00002988  4 __global_destructor_chain 	librt_E200z0_VLE_Soft.a D:\w\EPPC\workspace_codegen\ewl\EWL_Runtime\Runtime_PA_CmdLineData\librt_E200z0_VLE_Soft\obj\global_destructor_chain.o


.sdata2 section layout
  Starting        Virtual  File
  address  Size   address  offset
  ---------------------------------


.sbss2 section layout
  Starting        Virtual  File
  address  Size   address  offset
  ---------------------------------


.bss section layout
  Starting        Virtual  File
  address  Size   address  offset
  ---------------------------------
  00000000 000a00 40000538 00002910  1 .bss 	BIOS_Can_c.obj 
  00000000 000500 40000538 00002910  8 txd_messages 	BIOS_Can_c.obj 
  00000500 000500 40000a38 00002e10  8 received_messages 	BIOS_Can_c.obj 
  00000a00 000010 40000f38 00003310  1 .bss 	SERV_SchM_c.obj 
  00000a00 000010 40000f38 00003310  8 raul_NTask 	SERV_SchM_c.obj 
  00000a10 00003c 40000f48 00003320  1 .bss 	SERV_Can_Manager_c.obj 
  00000a10 000014 40000f48 00003320  4 CanMessage_PduHandler2 	SERV_Can_Manager_c.obj 
  00000a24 000014 40000f5c 00003334  4 CanMessage_PduHandler7 	SERV_Can_Manager_c.obj 
  00000a38 000014 40000f70 00003348  4 CanMessage_PduHandler0 	SERV_Can_Manager_c.obj 


Memory map:
                       Starting Size     File     ROM      RAM Buffer  S-Record
                       address           Offset   Address  Address     Line
       .__bam_bootarea 00000000 00000008 000002e0 00000000 00000000          2
                 .init 00000008 00000098 000002e8 00000008 00000008          3
             .init_vle 000000a0 0000020c 00000380 000000a0 000000a0         11
    .ivor_branch_table 00001000 000000f4 00000590 00001000 00001000         38
  .intc_hw_branch_table 000010f4 00000000 00000800 000010f4 000010f4          0
  .__exception_handlers 00001100 000000a4 00000690 00001100 00001100         51
             .text_vle 00003000 00002044 00000740 00003000 00003000         60
               .rodata 00005048 00000040 00002788 00005048 00005048        473
                .ctors 00005088 00000000 000027c8 00005088 00005088          0
                .dtors 00005088 00000000 000027c8 00005088 00005088          0
                 extab 00005088 00000000 000027c8 00005088 00005088          0
            extabindex 00005088 00000000 000027c8 00005088 00005088          0
  .__uninitialized_intc_handlertable 40000000 000003a4 00002800 00005800 00005800          0
                 .data 400003a8 000000bc 00002800 00005800 00005800        477
                .sdata 40000468 00000050 000028c0 000058c0 000058c0        487
                 .sbss 400004b8 0000007c 00002910 00005910 00005910          0
               .sdata2 40000534 00000000 00002910 00005910 00005910          0
                .sbss2 40000534 00000000 00002910 00005910 00005910          0
                  .bss 40000538 00000a4c 00002910 00005910 00005910          0
      .PPC.EMB.apuinfo 0000cde4 00000000 0000f700 000126f4 000126f4          0
         .debug_abbrev          00000167 00002910
           .debug_info          00004c18 00002a77
           .debug_line          00005363 0000768f
            .debug_loc          000006e0 0000c9f2
       .debug_pubnames          00000b2e 0000d0d2


Linker generated symbols:
         _heap_start_addr 40012000
           _heap_end_addr 40013000
       EXCEPTION_HANDLERS 00001000
          L2SRAM_LOCATION 40000000
               L2SRAM_CNT 00000280
        _f___bam_bootarea 00000000
    _f___bam_bootarea_rom 00000000
        _e___bam_bootarea 00000008
                  _f_init 00000008
              _f_init_rom 00000008
                  _e_init 000000a0
              _f_init_vle 000000a0
          _f_init_vle_rom 000000a0
              _e_init_vle 000002ac
     _f_ivor_branch_table 00001000
 _f_ivor_branch_table_rom 00001000
     _e_ivor_branch_table 000010f4
  _f_intc_hw_branch_table 000010f4
_f_intc_hw_branch_table_rom 000010f4
  _e_intc_hw_branch_table 000010f4
  _f___exception_handlers 00001100
_f___exception_handlers_rom 00001100
  _e___exception_handlers 000011a4
                  _f_text 00003000
              _f_text_rom 00003000
                  _e_text 00003000
              _f_text_vle 00003000
          _f_text_vle_rom 00003000
              _e_text_vle 00005044
                _f_rodata 00005048
            _f_rodata_rom 00005048
                _e_rodata 00005088
                 _f_ctors 00005088
             _f_ctors_rom 00005088
                 _e_ctors 00005088
                 _f_dtors 00005088
             _f_dtors_rom 00005088
                 _e_dtors 00005088
                  _fextab 00005088
              _fextab_rom 00005088
                  _eextab 00005088
             _fextabindex 00005088
         _fextabindex_rom 00005088
             _eextabindex 00005088
_f___uninitialized_intc_handlertable 40000000
_e___uninitialized_intc_handlertable 400003a4
                  _f_data 400003a8
              _f_data_rom 00005800
                  _e_data 40000464
                 _f_sdata 40000468
             _f_sdata_rom 000058c0
                 _e_sdata 400004b8
                  _f_sbss 400004b8
                  _e_sbss 40000534
                _f_sdata2 40000534
            _f_sdata2_rom 00005910
                _e_sdata2 40000534
                 _f_sbss2 40000534
                 _e_sbss2 40000534
                   _f_bss 40000538
                   _e_bss 40000f84
              _stack_addr 40014000
               _stack_end 40013000
               _heap_addr 40012000
                _heap_end 40013000
             _nbfunctions 00000043
           SIZEOF_HEADERS 000002e0
               _SDA_BASE_ 40008468
              _SDA2_BASE_ 40008534
           _ABS_SDA_BASE_ 40008468
          _ABS_SDA2_BASE_ 40008534
                 _SP_INIT 40014000
             __HEAP_START 40012000
              __mem_limit 40013000
           __stack_safety 00000010
