Link map of __startup
  1] __startup (func,global) found in MPC5606B_Startup_c.obj 
   2] __start (func,global) found in librt_E200z0_VLE_Soft.a D:\w\EPPC\workspace_codegen\ewl\EWL_Runtime\Runtime_PA_CmdLineData\librt_E200z0_VLE_Soft\obj\__start.o
    3] __init_registers (func,weak) found in librt_E200z0_VLE_Soft.a D:\w\EPPC\workspace_codegen\ewl\EWL_Runtime\Runtime_PA_CmdLineData\librt_E200z0_VLE_Soft\obj\__start.o
     4] _stack_addr found as linker generated symbol
     4] _SDA2_BASE_ found as linker generated symbol
     4] _SDA_BASE_ found as linker generated symbol
    3] __init_hardware (func,global) found in __ppc_eabi_init_c.obj 
     4] usr_init (func,global) found in MPC5606B_init_ram_c.obj 
      5] EXCEP_InitExceptionHandlers (func,global) found in SERV_Exceptions_c.obj 
       6] EXCEPTION_HANDLERS found as linker generated symbol
      5] INTC_InitINTCInterrupts (func,global) found in SERV_IntcInterrupts_c.obj 
       6] INTCInterruptsHandlerTable (object,global) found in SERV_IntcInterrupts_c.obj 
    3] __init_data (func,weak) found in librt_E200z0_VLE_Soft.a D:\w\EPPC\workspace_codegen\ewl\EWL_Runtime\Runtime_PA_CmdLineData\librt_E200z0_VLE_Soft\obj\__start.o
     4] _rom_copy_info (object,global) found in Linker Generated Symbol File 
     4] __copy_rom_section (func,global) found in librt_E200z0_VLE_Soft.a D:\w\EPPC\workspace_codegen\ewl\EWL_Runtime\Runtime_PA_CmdLineData\librt_E200z0_VLE_Soft\obj\__start.o
      5] memcpy (func,global) found in librt_E200z0_VLE_Soft.a D:\w\EPPC\workspace_codegen\ewl\EWL_Runtime\Runtime_PA_CmdLineData\librt_E200z0_VLE_Soft\obj\__mem.o
      5] __flush_cache (func,global) found in __ppc_eabi_init_c.obj 
     4] _bss_init_info (object,global) found in Linker Generated Symbol File 
     4] __init_bss_section (func,global) found in librt_E200z0_VLE_Soft.a D:\w\EPPC\workspace_codegen\ewl\EWL_Runtime\Runtime_PA_CmdLineData\librt_E200z0_VLE_Soft\obj\__start.o
      5] memset (func,global) found in librt_E200z0_VLE_Soft.a D:\w\EPPC\workspace_codegen\ewl\EWL_Runtime\Runtime_PA_CmdLineData\librt_E200z0_VLE_Soft\obj\__mem.o
       6] __fill_mem (func,global) found in librt_E200z0_VLE_Soft.a D:\w\EPPC\workspace_codegen\ewl\EWL_Runtime\Runtime_PA_CmdLineData\librt_E200z0_VLE_Soft\obj\__mem.o
    3] __init_user (func,global) found in __ppc_eabi_init_c.obj 
     4] FlashConfig (func,global) found in __ppc_eabi_init_c.obj 
      5] @23 (object,local) found in __ppc_eabi_init_c.obj 
    3] main (func,global) found in main_c.obj 
     4] sysinit_InitMode (func,global) found in BIOS_sysinit_c.obj 
      5] sysinit_ChangeMode (func,global) found in BIOS_sysinit_c.obj 
     4] sysinit_InitSysClock (func,global) found in BIOS_sysinit_c.obj 
      5] sysinit_disableWatchdog (func,global) found in BIOS_sysinit_c.obj 
     4] MemAllocConfig (object,global) found in MemAlloc_Cfg_c.obj 
      5] _heap_start_addr found as linker generated symbol
      5] _heap_end_addr found as linker generated symbol
     4] MemAllocInit (func,global) found in MemAlloc_c.obj 
      5] pool_start (object,local) found in MemAlloc_c.obj 
      5] pool_end (object,local) found in MemAlloc_c.obj 
     4] vfnGPIO_LED_Init (func,global) found in BIOS_GPIO_c.obj 
      5] vfnGPIO_Init_channel (func,global) found in BIOS_GPIO_c.obj 
      5] vfnGPIO_Output (func,global) found in BIOS_GPIO_c.obj 
     4] InitDSPI_1 (func,global) found in BIOS_bspimain_c.obj 
     4] ConfigureMZC33905DSPI_1 (func,global) found in BIOS_bspimain_c.obj 
      5] ReadDataDSPI_1 (func,global) found in BIOS_bspimain_c.obj 
       6] RecDataMaster (object,global) found in BIOS_bspimain_c.obj 
     4] can_driver_config (object,global) found in BIOS_Can_Cfg_c.obj 
      5] bios_cnf_can_dev (object,global) found in BIOS_Can_Cfg_c.obj 
       6] bios_cnf_can_baudrate_options (object,global) found in BIOS_Can_Cfg_c.obj 
       6] bios_cnf_can_messages (object,global) found in BIOS_Can_Cfg_c.obj 
        7] Can_Manager_PduHandler0 (func,global) found in SERV_Can_Manager_c.obj 
         8] CanMessage_PduHandler0 (object,global) found in SERV_Can_Manager_c.obj 
         8] pdu_handler7 (object,global) found in SERV_Can_Manager_c.obj 
          9] dummy_msg2 (object,global) found in SERV_Can_Manager_c.obj 
         8] msg_rx_pdu0 (object,global) found in SERV_Can_Manager_c.obj 
         8] PduHandlerCnt0 (object,global) found in SERV_Can_Manager_c.obj 
        7] Can_Manager_PduHandler7 (func,global) found in SERV_Can_Manager_c.obj 
         8] CanMessage_PduHandler7 (object,global) found in SERV_Can_Manager_c.obj 
         8] msg_rx_pdu7 (object,global) found in SERV_Can_Manager_c.obj 
         8] pdu_handler8_cnt (object,global) found in SERV_Can_Manager_c.obj 
         8] dummy_msg8 (object,global) found in SERV_Can_Manager_c.obj 
         8] PduHandlerCnt6 (object,global) found in SERV_Can_Manager_c.obj 
     4] CAN_Initialization (func,global) found in BIOS_Can_c.obj 
      5] can_config_ptr (object,global) found in BIOS_Can_c.obj 
      5] can_config_dev_ptr (object,global) found in BIOS_Can_c.obj 
      5] bios_cnf_can_eng (object,global) found in BIOS_Can_c.obj 
      5] CAN_IO_Config (func,global) found in BIOS_Can_c.obj 
      5] bios_can_prevent_clear_flag_low (object,global) found in BIOS_Can_c.obj 
      5] bios_can_prevent_clear_flag_high (object,global) found in BIOS_Can_c.obj 
      5] CANB_Isr (func,global) found in BIOS_Can_c.obj 
       6] received_messages (object,global) found in BIOS_Can_c.obj 
       6] txd_messages (object,global) found in BIOS_Can_c.obj 
      5] INTC_InstallINTCInterruptHandler (func,global) found in SERV_IntcInterrupts_c.obj 
     4] SchMConfig (object,global) found in SERV_SchM_Cfg_c.obj 
      5] SchMTaskDescConfig (object,global) found in SERV_SchM_Cfg_c.obj 
       6] SchM_3p125ms_Task (func,global) found in SERV_SchM_Tasks_c.obj 
       6] SchM_6p25ms_Task (func,global) found in SERV_SchM_Tasks_c.obj 
        7] Test (func,global) found in APP_dummy_c.obj 
         8] @LOCAL@Test__Fv@rub_U16Counter (object,local) found in APP_dummy_c.obj 
       6] SchM_12p5ms_Task (func,global) found in SERV_SchM_Tasks_c.obj 
        7] CanManager_SendMessage_12p5ms (func,global) found in SERV_Can_Manager_c.obj 
         8] pdu_handler4 (object,global) found in SERV_Can_Manager_c.obj 
          9] dummy_msg0 (object,global) found in SERV_Can_Manager_c.obj 
         8] CAN_SendFrame (func,global) found in BIOS_Can_c.obj 
          9] CAN_SendFrameInt (func,global) found in BIOS_Can_c.obj 
         8] CanMessage_PduHandler2 (object,global) found in SERV_Can_Manager_c.obj 
         8] CAN_ReceiveFrame (func,global) found in BIOS_Can_c.obj 
         8] pdu_handler9 (object,global) found in SERV_Can_Manager_c.obj 
          9] dummy_msg9 (object,global) found in SERV_Can_Manager_c.obj 
       6] SchM_25ms_Task (func,global) found in SERV_SchM_Tasks_c.obj 
        7] CanManager_SendMessage_25ms (func,global) found in SERV_Can_Manager_c.obj 
         8] pdu_handler6 (object,global) found in SERV_Can_Manager_c.obj 
         8] pdu_handler8 (object,global) found in SERV_Can_Manager_c.obj 
       6] SchM_50ms_Task (func,global) found in SERV_SchM_Tasks_c.obj 
       6] SchM_100ms_Task (func,global) found in SERV_SchM_Tasks_c.obj 
        7] CanManager_SendMessage_100ms (func,global) found in SERV_Can_Manager_c.obj 
         8] pdu_handler5 (object,global) found in SERV_Can_Manager_c.obj 
          9] dummy_msg1 (object,global) found in SERV_Can_Manager_c.obj 
     4] SchM_Init (func,global) found in SERV_SchM_c.obj 
      5] SchMConfigGlob (object,global) found in SERV_SchM_c.obj 
      5] SchMTaskControlBlock (object,global) found in SERV_SchM_c.obj 
      5] PIT_device_init (func,global) found in BIOS_PIT_c.obj 
      5] SchM_OsTick (func,global) found in SERV_SchM_c.obj 
       6] SchMControl (object,global) found in SERV_SchM_c.obj 
      5] PIT_channel_configure (func,global) found in BIOS_PIT_c.obj 
       6] PIT_Callback (object,global) found in BIOS_PIT_c.obj 
       6] PIT_channel_0_isr (func,global) found in BIOS_PIT_c.obj 
      5] MemAlloc (func,global) found in MemAlloc_c.obj 
     4] INTC_EnableInterrupts (func,global) found in SERV_IntcInterrupts_c.obj 
     4] SchM_Start (func,global) found in SERV_SchM_c.obj 
      5] PIT_channel_start (func,global) found in BIOS_PIT_c.obj 
      5] SchM_Background (func,global) found in SERV_SchM_c.obj 
    3] exit (func,global) found in libc_E200z0_VLE_Soft.a D:\w\EPPC\workspace_codegen\ewl\EWL_C\EWL_C.PA_CmdLineData\libc_E200z0_VLE_Soft\obj\abort_exit.o
    3] >>> UNREFERENCED DUPLICATE exit
    3] >>> (func,weak) found in __ppc_eabi_init_c.obj 
     4] __destroy_global_chain (func,global) found in librt_E200z0_VLE_Soft.a D:\w\EPPC\workspace_codegen\ewl\EWL_Runtime\Runtime_PA_CmdLineData\librt_E200z0_VLE_Soft\obj\global_destructor_chain.o
      5] __global_destructor_chain (object,global) found in librt_E200z0_VLE_Soft.a D:\w\EPPC\workspace_codegen\ewl\EWL_Runtime\Runtime_PA_CmdLineData\librt_E200z0_VLE_Soft\obj\global_destructor_chain.o
     4] __stdio_exit (object,global) found in libc_E200z0_VLE_Soft.a D:\w\EPPC\workspace_codegen\ewl\EWL_C\EWL_C.PA_CmdLineData\libc_E200z0_VLE_Soft\obj\abort_exit.o
     4] __console_exit (object,global) found in libc_E200z0_VLE_Soft.a D:\w\EPPC\workspace_codegen\ewl\EWL_C\EWL_C.PA_CmdLineData\libc_E200z0_VLE_Soft\obj\abort_exit.o
     4] _ExitProcess (func,weak) found in __ppc_eabi_init_c.obj 
     4] __restore_frame_and_exit (func,global) found in librt_E200z0_VLE_Soft.a D:\w\EPPC\workspace_codegen\ewl\EWL_Runtime\Runtime_PA_CmdLineData\librt_E200z0_VLE_Soft\obj\runtime.o
  1] EXCEP_DefaultExceptionHandler (func,global) found in SERV_Exceptions_c.obj 
  1] INTC_INTCInterruptHandler (func,global) found in SERV_IntcInterrupts_c.obj 
  1] ivor_branch_table_p0 (func,global) found in SERV_ivor_branch_table_c.obj 
    3] .init (section,local) found in MPC5606B_init_ram_c.obj 
    3] .init.11 (notype,local) found in MPC5606B_init_ram_c.obj 
    3] .init (section,local) found in MPC5606B_Startup_c.obj 
    3] .init.21 (notype,local) found in MPC5606B_Startup_c.obj 
    3] .text (section,local) found in APP_dummy_c.obj 
    3] .text.22 (notype,local) found in APP_dummy_c.obj 
    3] .text (section,local) found in BIOS_sysinit_c.obj 
    3] .text.35 (notype,local) found in BIOS_sysinit_c.obj 
    3] .text (section,local) found in BIOS_bspimain_c.obj 
    3] .text.23 (notype,local) found in BIOS_bspimain_c.obj 
    3] .text (section,local) found in BIOS_PIT_c.obj 
    3] .text.45 (notype,local) found in BIOS_PIT_c.obj 
    3] .text (section,local) found in BIOS_GPIO_c.obj 
    3] .text.48 (notype,local) found in BIOS_GPIO_c.obj 
    3] .text (section,local) found in BIOS_Can_c.obj 
    3] .text.256 (notype,local) found in BIOS_Can_c.obj 
    3] .ivor_branch_table (section,local) found in SERV_ivor_branch_table_c.obj 
    3] .ivor_branch_table.24 (notype,local) found in SERV_ivor_branch_table_c.obj 
    3] .text (section,local) found in SERV_SchM_Tasks_c.obj 
    3] .text.41 (notype,local) found in SERV_SchM_Tasks_c.obj 
    3] .text (section,local) found in SERV_SchM_c.obj 
    3] .text.80 (notype,local) found in SERV_SchM_c.obj 
    3] .text (section,local) found in SERV_Can_Manager_c.obj 
    3] .text.58 (notype,local) found in SERV_Can_Manager_c.obj 
    3] .text (section,local) found in main_c.obj 
    3] .text.65 (notype,local) found in main_c.obj 
    3] .text (section,local) found in MemAlloc_c.obj 
    3] .text.29 (notype,local) found in MemAlloc_c.obj 
    3] .text (section,local) found in libc_E200z0_VLE_Soft.a D:\w\EPPC\workspace_codegen\ewl\EWL_C\EWL_C.PA_CmdLineData\libc_E200z0_VLE_Soft\obj\abort_exit.o
    3] .text.86 (notype,local) found in libc_E200z0_VLE_Soft.a D:\w\EPPC\workspace_codegen\ewl\EWL_C\EWL_C.PA_CmdLineData\libc_E200z0_VLE_Soft\obj\abort_exit.o
    3] .init (section,local) found in librt_E200z0_VLE_Soft.a D:\w\EPPC\workspace_codegen\ewl\EWL_Runtime\Runtime_PA_CmdLineData\librt_E200z0_VLE_Soft\obj\__start.o
    3] .init.104 (notype,local) found in librt_E200z0_VLE_Soft.a D:\w\EPPC\workspace_codegen\ewl\EWL_Runtime\Runtime_PA_CmdLineData\librt_E200z0_VLE_Soft\obj\__start.o
    3] .text (section,local) found in librt_E200z0_VLE_Soft.a D:\w\EPPC\workspace_codegen\ewl\EWL_Runtime\Runtime_PA_CmdLineData\librt_E200z0_VLE_Soft\obj\global_destructor_chain.o
    3] .text.104 (notype,local) found in librt_E200z0_VLE_Soft.a D:\w\EPPC\workspace_codegen\ewl\EWL_Runtime\Runtime_PA_CmdLineData\librt_E200z0_VLE_Soft\obj\global_destructor_chain.o
    3] .text (section,local) found in librt_E200z0_VLE_Soft.a D:\w\EPPC\workspace_codegen\ewl\EWL_Runtime\Runtime_PA_CmdLineData\librt_E200z0_VLE_Soft\obj\runtime.o
    3] .text.205 (notype,local) found in librt_E200z0_VLE_Soft.a D:\w\EPPC\workspace_codegen\ewl\EWL_Runtime\Runtime_PA_CmdLineData\librt_E200z0_VLE_Soft\obj\runtime.o
    3] .text (section,local) found in MPC5606B_HWInit_c.obj 
    3] .text.13 (notype,local) found in MPC5606B_HWInit_c.obj 


.ivor_branch_table section layout
  Starting        Virtual  File
  address  Size   address  offset
  ---------------------------------
  00000000 0000f2 40000000 000001c0  1 .ivor_branch_table 	SERV_ivor_branch_table_c.obj 
  00000000 0000f2 40000000 000001c0 16 ivor_branch_table_p0 	SERV_ivor_branch_table_c.obj 
  000000f2 000000 400000f2 000002b2  1 .ivor_branch_table.24 	SERV_ivor_branch_table_c.obj 


.intc_hw_branch_table section layout
  Starting        Virtual  File
  address  Size   address  offset
  ---------------------------------


.init section layout
  Starting        Virtual  File
  address  Size   address  offset
  ---------------------------------
  00000000 000098 40001000 000002b4  1 .init 	Linker Generated Symbol File 
  00000000 000078 40001000 000002b4  4 _rom_copy_info 	Linker Generated Symbol File 
  00000078 000020 40001078 0000032c  4 _bss_init_info 	Linker Generated Symbol File 


.init_vle section layout
  Starting        Virtual  File
  address  Size   address  offset
  ---------------------------------
  00000000 00002c 40001098 0000034c  1 .init 	__ppc_eabi_init_c.obj 
  00000000 00000a 40001098 0000034c  2 __init_hardware 	__ppc_eabi_init_c.obj 
  0000000a 000022 400010a2 00000356  2 __flush_cache 	__ppc_eabi_init_c.obj 
  0000002c 00000e 400010c4 00000378  1 .init 	MPC5606B_init_ram_c.obj 
  0000002c 00000e 400010c4 00000378  2 usr_init 	MPC5606B_init_ram_c.obj 
  0000003a 000000 400010d2 00000386  1 .init.11 	MPC5606B_init_ram_c.obj 
  0000003a 000002 400010d4 00000388  4 *fill*
  0000003c 000004 400010d4 00000388  1 .init 	MPC5606B_Startup_c.obj 
  0000003c 000004 400010d4 00000388  4 __startup 	MPC5606B_Startup_c.obj 
  00000040 000000 400010d8 0000038c  1 .init.21 	MPC5606B_Startup_c.obj 
  00000040 0000f4 400010d8 0000038c  1 .init 	librt_E200z0_VLE_Soft.a D:\w\EPPC\workspace_codegen\ewl\EWL_Runtime\Runtime_PA_CmdLineData\librt_E200z0_VLE_Soft\obj\__start.o
  00000040 000048 400010d8 0000038c  2 __start 	librt_E200z0_VLE_Soft.a D:\w\EPPC\workspace_codegen\ewl\EWL_Runtime\Runtime_PA_CmdLineData\librt_E200z0_VLE_Soft\obj\__start.o
  00000088 000030 40001120 000003d4  2 __copy_rom_section 	librt_E200z0_VLE_Soft.a D:\w\EPPC\workspace_codegen\ewl\EWL_Runtime\Runtime_PA_CmdLineData\librt_E200z0_VLE_Soft\obj\__start.o
  000000b8 00000e 40001150 00000404  2 __init_bss_section 	librt_E200z0_VLE_Soft.a D:\w\EPPC\workspace_codegen\ewl\EWL_Runtime\Runtime_PA_CmdLineData\librt_E200z0_VLE_Soft\obj\__start.o
  000000c6 00001a 4000115e 00000412  2 __init_registers 	librt_E200z0_VLE_Soft.a D:\w\EPPC\workspace_codegen\ewl\EWL_Runtime\Runtime_PA_CmdLineData\librt_E200z0_VLE_Soft\obj\__start.o
  000000e0 000054 40001178 0000042c  2 __init_data 	librt_E200z0_VLE_Soft.a D:\w\EPPC\workspace_codegen\ewl\EWL_Runtime\Runtime_PA_CmdLineData\librt_E200z0_VLE_Soft\obj\__start.o
  00000134 000000 400011cc 00000480  1 .init.104 	librt_E200z0_VLE_Soft.a D:\w\EPPC\workspace_codegen\ewl\EWL_Runtime\Runtime_PA_CmdLineData\librt_E200z0_VLE_Soft\obj\__start.o
  00000134 0000d4 400011cc 00000480  1 .init 	librt_E200z0_VLE_Soft.a D:\w\EPPC\workspace_codegen\ewl\EWL_Runtime\Runtime_PA_CmdLineData\librt_E200z0_VLE_Soft\obj\__mem.o
  00000134 000038 400011cc 00000480  2 memcpy 	librt_E200z0_VLE_Soft.a D:\w\EPPC\workspace_codegen\ewl\EWL_Runtime\Runtime_PA_CmdLineData\librt_E200z0_VLE_Soft\obj\__mem.o
  0000016c 000082 40001204 000004b8  2 __fill_mem 	librt_E200z0_VLE_Soft.a D:\w\EPPC\workspace_codegen\ewl\EWL_Runtime\Runtime_PA_CmdLineData\librt_E200z0_VLE_Soft\obj\__mem.o
  000001ee 00001a 40001286 0000053a  2 memset 	librt_E200z0_VLE_Soft.a D:\w\EPPC\workspace_codegen\ewl\EWL_Runtime\Runtime_PA_CmdLineData\librt_E200z0_VLE_Soft\obj\__mem.o


.__exception_handlers section layout
  Starting        Virtual  File
  address  Size   address  offset
  ---------------------------------
  00000000 000096 400012a0 00000560  1 .__exception_handlers 	SERV_IntcInterrupts_c.obj 
  00000000 000096 400012a0 00000560 16 INTC_INTCInterruptHandler 	SERV_IntcInterrupts_c.obj 
  00000096 00000a 40001340 00000600 16 *fill*
  000000a0 000002 40001340 00000600  1 .__exception_handlers 	SERV_Exceptions_c.obj 
  000000a0 000002 40001340 00000600 16 EXCEP_DefaultExceptionHandler 	SERV_Exceptions_c.obj 


.text section layout
  Starting        Virtual  File
  address  Size   address  offset
  ---------------------------------


.text_vle section layout
  Starting        Virtual  File
  address  Size   address  offset
  ---------------------------------
  00000000 000052 40001350 00000610  1 .text 	__ppc_eabi_init_c.obj 
  00000000 00003e 40001350 00000610  2 FlashConfig 	__ppc_eabi_init_c.obj 
  0000003e 000012 4000138e 0000064e  2 __init_user 	__ppc_eabi_init_c.obj 
  00000050 000002 400013a0 00000660  2 _ExitProcess 	__ppc_eabi_init_c.obj 
  00000052 000000 400013a2 00000662  1 .text 	MPC5606B_HWInit_c.obj 
  UNUSED   000050 ........ ........    INIT_Derivative MPC5606B_HWInit_c.obj 
  UNUSED   000002 ........ ........    INIT_ExternalBusAndMemory MPC5606B_HWInit_c.obj 
  00000052 000000 400013a2 00000662  1 .text.13 	MPC5606B_HWInit_c.obj 
  00000052 0001bc 400013a2 00000662  1 .text 	APP_dummy_c.obj 
  00000052 0001bc 400013a2 00000662  2 Test 	APP_dummy_c.obj 
  0000020e 000000 4000155e 0000081e  1 .text.22 	APP_dummy_c.obj 
  0000020e 00018e 4000155e 0000081e  1 .text 	BIOS_sysinit_c.obj 
  0000020e 000032 4000155e 0000081e  2 sysinit_disableWatchdog 	BIOS_sysinit_c.obj 
  00000240 000086 40001590 00000850  2 sysinit_InitSysClock 	BIOS_sysinit_c.obj 
  000002c6 000094 40001616 000008d6  2 sysinit_InitMode 	BIOS_sysinit_c.obj 
  0000035a 000042 400016aa 0000096a  2 sysinit_ChangeMode 	BIOS_sysinit_c.obj 
  0000039c 000000 400016ec 000009ac  1 .text.35 	BIOS_sysinit_c.obj 
  0000039c 0001d2 400016ec 000009ac  1 .text 	BIOS_bspimain_c.obj 
  0000039c 000080 400016ec 000009ac  2 InitDSPI_1 	BIOS_bspimain_c.obj 
  0000041c 00002c 4000176c 00000a2c  2 ReadDataDSPI_1 	BIOS_bspimain_c.obj 
  00000448 000126 40001798 00000a58  2 ConfigureMZC33905DSPI_1 	BIOS_bspimain_c.obj 
  0000056e 000000 400018be 00000b7e  1 .text.23 	BIOS_bspimain_c.obj 
  0000056e 0000de 400018be 00000b7e  1 .text 	BIOS_PIT_c.obj 
  0000056e 00000a 400018be 00000b7e  2 PIT_device_init 	BIOS_PIT_c.obj 
  00000578 000068 400018c8 00000b88  2 PIT_channel_configure 	BIOS_PIT_c.obj 
  000005e0 000018 40001930 00000bf0  2 PIT_channel_start 	BIOS_PIT_c.obj 
  UNUSED   000018 ........ ........    PIT_channel_stop BIOS_PIT_c.obj 
  000005f8 000054 40001948 00000c08  2 PIT_channel_0_isr 	BIOS_PIT_c.obj 
  0000064c 000000 4000199c 00000c5c  1 .text.45 	BIOS_PIT_c.obj 
  0000064c 000170 4000199c 00000c5c  1 .text 	BIOS_GPIO_c.obj 
  0000064c 0000d2 4000199c 00000c5c  2 vfnGPIO_Init_channel 	BIOS_GPIO_c.obj 
  0000071e 00001e 40001a6e 00000d2e  2 vfnGPIO_Output 	BIOS_GPIO_c.obj 
  UNUSED   000128 ........ ........    vfnGPIO_FlashMainLED BIOS_GPIO_c.obj 
  0000073c 000080 40001a8c 00000d4c  2 vfnGPIO_LED_Init 	BIOS_GPIO_c.obj 
  000007bc 000000 40001b0c 00000dcc  1 .text.48 	BIOS_GPIO_c.obj 
  000007bc 001086 40001b0c 00000dcc  1 .text 	BIOS_Can_c.obj 
  000007bc 00013e 40001b0c 00000dcc  2 CAN_SendFrameInt 	BIOS_Can_c.obj 
  000008fa 0002a2 40001c4a 00000f0a  2 CANB_Isr 	BIOS_Can_c.obj 
  00000b9c 000110 40001eec 000011ac  2 CAN_IO_Config 	BIOS_Can_c.obj 
  00000cac 000978 40001ffc 000012bc  2 CAN_Initialization 	BIOS_Can_c.obj 
  00001624 00003c 40002974 00001c34  2 CAN_SendFrame 	BIOS_Can_c.obj 
  00001660 0001e2 400029b0 00001c70  2 CAN_ReceiveFrame 	BIOS_Can_c.obj 
  UNUSED   000170 ........ ........    CAN_Stop BIOS_Can_c.obj 
  00001842 000000 40002b92 00001e52  1 .text.256 	BIOS_Can_c.obj 
  00001842 000054 40002b92 00001e52  1 .text 	SERV_SchM_Tasks_c.obj 
  00001842 000002 40002b92 00001e52  2 SchM_3p125ms_Task 	SERV_SchM_Tasks_c.obj 
  00001844 000014 40002b94 00001e54  2 SchM_6p25ms_Task 	SERV_SchM_Tasks_c.obj 
  00001858 000014 40002ba8 00001e68  2 SchM_12p5ms_Task 	SERV_SchM_Tasks_c.obj 
  0000186c 000014 40002bbc 00001e7c  2 SchM_25ms_Task 	SERV_SchM_Tasks_c.obj 
  00001880 000002 40002bd0 00001e90  2 SchM_50ms_Task 	SERV_SchM_Tasks_c.obj 
  00001882 000014 40002bd2 00001e92  2 SchM_100ms_Task 	SERV_SchM_Tasks_c.obj 
  00001896 000000 40002be6 00001ea6  1 .text.41 	SERV_SchM_Tasks_c.obj 
  00001896 0001be 40002be6 00001ea6  1 .text 	SERV_SchM_c.obj 
  00001896 00006c 40002be6 00001ea6  2 SchM_OsTick 	SERV_SchM_c.obj 
  00001902 00009e 40002c52 00001f12  2 SchM_Background 	SERV_SchM_c.obj 
  000019a0 000090 40002cf0 00001fb0  2 SchM_Init 	SERV_SchM_c.obj 
  00001a30 000024 40002d80 00002040  2 SchM_Start 	SERV_SchM_c.obj 
  UNUSED   000020 ........ ........    SchM_Stop SERV_SchM_c.obj 
  00001a54 000000 40002da4 00002064  1 .text.80 	SERV_SchM_c.obj 
  00001a54 000066 40002da4 00002064  1 .text 	SERV_IntcInterrupts_c.obj 
  00001a54 00002c 40002da4 00002064  2 INTC_InstallINTCInterruptHandler 	SERV_IntcInterrupts_c.obj 
  00001a80 000018 40002dd0 00002090  2 INTC_EnableInterrupts 	SERV_IntcInterrupts_c.obj 
  00001a98 000022 40002de8 000020a8  2 INTC_InitINTCInterrupts 	SERV_IntcInterrupts_c.obj 
  00001aba 00000e 40002e0a 000020ca  1 .text 	SERV_Exceptions_c.obj 
  00001aba 00000e 40002e0a 000020ca  2 EXCEP_InitExceptionHandlers 	SERV_Exceptions_c.obj 
  00001ac8 00017c 40002e18 000020d8  1 .text 	SERV_Can_Manager_c.obj 
  00001ac8 00005a 40002e18 000020d8  2 Can_Manager_PduHandler0 	SERV_Can_Manager_c.obj 
  00001b22 000064 40002e72 00002132  2 Can_Manager_PduHandler7 	SERV_Can_Manager_c.obj 
  00001b86 000062 40002ed6 00002196  2 CanManager_SendMessage_12p5ms 	SERV_Can_Manager_c.obj 
  00001be8 000044 40002f38 000021f8  2 CanManager_SendMessage_25ms 	SERV_Can_Manager_c.obj 
  00001c2c 000018 40002f7c 0000223c  2 CanManager_SendMessage_100ms 	SERV_Can_Manager_c.obj 
  00001c44 000000 40002f94 00002254  1 .text.58 	SERV_Can_Manager_c.obj 
  00001c44 00004e 40002f94 00002254  1 .text 	main_c.obj 
  00001c44 00004e 40002f94 00002254  2 main 	main_c.obj 
  00001c92 000000 40002fe2 000022a2  1 .text.65 	main_c.obj 
  00001c92 000026 40002fe2 000022a2  1 .text 	MemAlloc_c.obj 
  00001c92 00000e 40002fe2 000022a2  2 MemAllocInit 	MemAlloc_c.obj 
  00001ca0 000018 40002ff0 000022b0  2 MemAlloc 	MemAlloc_c.obj 
  00001cb8 000000 40003008 000022c8  1 .text.29 	MemAlloc_c.obj 
  00001cb8 000040 40003008 000022c8  1 .text 	libc_E200z0_VLE_Soft.a D:\w\EPPC\workspace_codegen\ewl\EWL_C\EWL_C.PA_CmdLineData\libc_E200z0_VLE_Soft\obj\abort_exit.o
  UNUSED   00002c ........ ........    abort libc_E200z0_VLE_Soft.a D:\w\EPPC\workspace_codegen\ewl\EWL_C\EWL_C.PA_CmdLineData\libc_E200z0_VLE_Soft\obj\abort_exit.o
  UNUSED   000004 ........ ........    atexit libc_E200z0_VLE_Soft.a D:\w\EPPC\workspace_codegen\ewl\EWL_C\EWL_C.PA_CmdLineData\libc_E200z0_VLE_Soft\obj\abort_exit.o
  00001cb8 000040 40003008 000022c8  2 exit 	libc_E200z0_VLE_Soft.a D:\w\EPPC\workspace_codegen\ewl\EWL_C\EWL_C.PA_CmdLineData\libc_E200z0_VLE_Soft\obj\abort_exit.o
  UNUSED   00002a ........ ........    __atexit libc_E200z0_VLE_Soft.a D:\w\EPPC\workspace_codegen\ewl\EWL_C\EWL_C.PA_CmdLineData\libc_E200z0_VLE_Soft\obj\abort_exit.o
  UNUSED   000056 ........ ........    __exit libc_E200z0_VLE_Soft.a D:\w\EPPC\workspace_codegen\ewl\EWL_C\EWL_C.PA_CmdLineData\libc_E200z0_VLE_Soft\obj\abort_exit.o
  00001cf8 000000 40003048 00002308  1 .text.86 	libc_E200z0_VLE_Soft.a D:\w\EPPC\workspace_codegen\ewl\EWL_C\EWL_C.PA_CmdLineData\libc_E200z0_VLE_Soft\obj\abort_exit.o
  00001cf8 000032 40003048 00002308  1 .text 	librt_E200z0_VLE_Soft.a D:\w\EPPC\workspace_codegen\ewl\EWL_Runtime\Runtime_PA_CmdLineData\librt_E200z0_VLE_Soft\obj\global_destructor_chain.o
  UNUSED   000010 ........ ........    __register_global_object librt_E200z0_VLE_Soft.a D:\w\EPPC\workspace_codegen\ewl\EWL_Runtime\Runtime_PA_CmdLineData\librt_E200z0_VLE_Soft\obj\global_destructor_chain.o
  00001cf8 000032 40003048 00002308  2 __destroy_global_chain 	librt_E200z0_VLE_Soft.a D:\w\EPPC\workspace_codegen\ewl\EWL_Runtime\Runtime_PA_CmdLineData\librt_E200z0_VLE_Soft\obj\global_destructor_chain.o
  UNUSED   00003a ........ ........    __register_atexit librt_E200z0_VLE_Soft.a D:\w\EPPC\workspace_codegen\ewl\EWL_Runtime\Runtime_PA_CmdLineData\librt_E200z0_VLE_Soft\obj\global_destructor_chain.o
  00001d2a 000000 4000307a 0000233a  1 .text.104 	librt_E200z0_VLE_Soft.a D:\w\EPPC\workspace_codegen\ewl\EWL_Runtime\Runtime_PA_CmdLineData\librt_E200z0_VLE_Soft\obj\global_destructor_chain.o
  00001d2a 000008 4000307a 0000233a  1 .text 	librt_E200z0_VLE_Soft.a D:\w\EPPC\workspace_codegen\ewl\EWL_Runtime\Runtime_PA_CmdLineData\librt_E200z0_VLE_Soft\obj\runtime.o
  UNUSED   00004a ........ ........    __save_gpr librt_E200z0_VLE_Soft.a D:\w\EPPC\workspace_codegen\ewl\EWL_Runtime\Runtime_PA_CmdLineData\librt_E200z0_VLE_Soft\obj\runtime.o
  UNUSED   000000 ........ ........    _savegpr_14 librt_E200z0_VLE_Soft.a D:\w\EPPC\workspace_codegen\ewl\EWL_Runtime\Runtime_PA_CmdLineData\librt_E200z0_VLE_Soft\obj\runtime.o
  UNUSED   000000 ........ ........    _save32gpr_14 librt_E200z0_VLE_Soft.a D:\w\EPPC\workspace_codegen\ewl\EWL_Runtime\Runtime_PA_CmdLineData\librt_E200z0_VLE_Soft\obj\runtime.o
  UNUSED   000000 ........ ........    _savegpr_15 librt_E200z0_VLE_Soft.a D:\w\EPPC\workspace_codegen\ewl\EWL_Runtime\Runtime_PA_CmdLineData\librt_E200z0_VLE_Soft\obj\runtime.o
  UNUSED   000000 ........ ........    _save32gpr_15 librt_E200z0_VLE_Soft.a D:\w\EPPC\workspace_codegen\ewl\EWL_Runtime\Runtime_PA_CmdLineData\librt_E200z0_VLE_Soft\obj\runtime.o
  UNUSED   000000 ........ ........    _savegpr_16 librt_E200z0_VLE_Soft.a D:\w\EPPC\workspace_codegen\ewl\EWL_Runtime\Runtime_PA_CmdLineData\librt_E200z0_VLE_Soft\obj\runtime.o
  UNUSED   000000 ........ ........    _save32gpr_16 librt_E200z0_VLE_Soft.a D:\w\EPPC\workspace_codegen\ewl\EWL_Runtime\Runtime_PA_CmdLineData\librt_E200z0_VLE_Soft\obj\runtime.o
  UNUSED   000000 ........ ........    _savegpr_17 librt_E200z0_VLE_Soft.a D:\w\EPPC\workspace_codegen\ewl\EWL_Runtime\Runtime_PA_CmdLineData\librt_E200z0_VLE_Soft\obj\runtime.o
  UNUSED   000000 ........ ........    _save32gpr_17 librt_E200z0_VLE_Soft.a D:\w\EPPC\workspace_codegen\ewl\EWL_Runtime\Runtime_PA_CmdLineData\librt_E200z0_VLE_Soft\obj\runtime.o
  UNUSED   000000 ........ ........    _savegpr_18 librt_E200z0_VLE_Soft.a D:\w\EPPC\workspace_codegen\ewl\EWL_Runtime\Runtime_PA_CmdLineData\librt_E200z0_VLE_Soft\obj\runtime.o
  UNUSED   000000 ........ ........    _save32gpr_18 librt_E200z0_VLE_Soft.a D:\w\EPPC\workspace_codegen\ewl\EWL_Runtime\Runtime_PA_CmdLineData\librt_E200z0_VLE_Soft\obj\runtime.o
  UNUSED   000000 ........ ........    _savegpr_19 librt_E200z0_VLE_Soft.a D:\w\EPPC\workspace_codegen\ewl\EWL_Runtime\Runtime_PA_CmdLineData\librt_E200z0_VLE_Soft\obj\runtime.o
  UNUSED   000000 ........ ........    _save32gpr_19 librt_E200z0_VLE_Soft.a D:\w\EPPC\workspace_codegen\ewl\EWL_Runtime\Runtime_PA_CmdLineData\librt_E200z0_VLE_Soft\obj\runtime.o
  UNUSED   000000 ........ ........    _savegpr_20 librt_E200z0_VLE_Soft.a D:\w\EPPC\workspace_codegen\ewl\EWL_Runtime\Runtime_PA_CmdLineData\librt_E200z0_VLE_Soft\obj\runtime.o
  UNUSED   000000 ........ ........    _save32gpr_20 librt_E200z0_VLE_Soft.a D:\w\EPPC\workspace_codegen\ewl\EWL_Runtime\Runtime_PA_CmdLineData\librt_E200z0_VLE_Soft\obj\runtime.o
  UNUSED   000000 ........ ........    _savegpr_21 librt_E200z0_VLE_Soft.a D:\w\EPPC\workspace_codegen\ewl\EWL_Runtime\Runtime_PA_CmdLineData\librt_E200z0_VLE_Soft\obj\runtime.o
  UNUSED   000000 ........ ........    _save32gpr_21 librt_E200z0_VLE_Soft.a D:\w\EPPC\workspace_codegen\ewl\EWL_Runtime\Runtime_PA_CmdLineData\librt_E200z0_VLE_Soft\obj\runtime.o
  UNUSED   000000 ........ ........    _savegpr_22 librt_E200z0_VLE_Soft.a D:\w\EPPC\workspace_codegen\ewl\EWL_Runtime\Runtime_PA_CmdLineData\librt_E200z0_VLE_Soft\obj\runtime.o
  UNUSED   000000 ........ ........    _save32gpr_22 librt_E200z0_VLE_Soft.a D:\w\EPPC\workspace_codegen\ewl\EWL_Runtime\Runtime_PA_CmdLineData\librt_E200z0_VLE_Soft\obj\runtime.o
  UNUSED   000000 ........ ........    _savegpr_23 librt_E200z0_VLE_Soft.a D:\w\EPPC\workspace_codegen\ewl\EWL_Runtime\Runtime_PA_CmdLineData\librt_E200z0_VLE_Soft\obj\runtime.o
  UNUSED   000000 ........ ........    _save32gpr_23 librt_E200z0_VLE_Soft.a D:\w\EPPC\workspace_codegen\ewl\EWL_Runtime\Runtime_PA_CmdLineData\librt_E200z0_VLE_Soft\obj\runtime.o
  UNUSED   000000 ........ ........    _savegpr_24 librt_E200z0_VLE_Soft.a D:\w\EPPC\workspace_codegen\ewl\EWL_Runtime\Runtime_PA_CmdLineData\librt_E200z0_VLE_Soft\obj\runtime.o
  UNUSED   000000 ........ ........    _save32gpr_24 librt_E200z0_VLE_Soft.a D:\w\EPPC\workspace_codegen\ewl\EWL_Runtime\Runtime_PA_CmdLineData\librt_E200z0_VLE_Soft\obj\runtime.o
  UNUSED   000000 ........ ........    _savegpr_25 librt_E200z0_VLE_Soft.a D:\w\EPPC\workspace_codegen\ewl\EWL_Runtime\Runtime_PA_CmdLineData\librt_E200z0_VLE_Soft\obj\runtime.o
  UNUSED   000000 ........ ........    _save32gpr_25 librt_E200z0_VLE_Soft.a D:\w\EPPC\workspace_codegen\ewl\EWL_Runtime\Runtime_PA_CmdLineData\librt_E200z0_VLE_Soft\obj\runtime.o
  UNUSED   000000 ........ ........    _savegpr_26 librt_E200z0_VLE_Soft.a D:\w\EPPC\workspace_codegen\ewl\EWL_Runtime\Runtime_PA_CmdLineData\librt_E200z0_VLE_Soft\obj\runtime.o
  UNUSED   000000 ........ ........    _save32gpr_26 librt_E200z0_VLE_Soft.a D:\w\EPPC\workspace_codegen\ewl\EWL_Runtime\Runtime_PA_CmdLineData\librt_E200z0_VLE_Soft\obj\runtime.o
  UNUSED   000000 ........ ........    _savegpr_27 librt_E200z0_VLE_Soft.a D:\w\EPPC\workspace_codegen\ewl\EWL_Runtime\Runtime_PA_CmdLineData\librt_E200z0_VLE_Soft\obj\runtime.o
  UNUSED   000000 ........ ........    _save32gpr_27 librt_E200z0_VLE_Soft.a D:\w\EPPC\workspace_codegen\ewl\EWL_Runtime\Runtime_PA_CmdLineData\librt_E200z0_VLE_Soft\obj\runtime.o
  UNUSED   000000 ........ ........    _savegpr_28 librt_E200z0_VLE_Soft.a D:\w\EPPC\workspace_codegen\ewl\EWL_Runtime\Runtime_PA_CmdLineData\librt_E200z0_VLE_Soft\obj\runtime.o
  UNUSED   000000 ........ ........    _save32gpr_28 librt_E200z0_VLE_Soft.a D:\w\EPPC\workspace_codegen\ewl\EWL_Runtime\Runtime_PA_CmdLineData\librt_E200z0_VLE_Soft\obj\runtime.o
  UNUSED   000000 ........ ........    _savegpr_29 librt_E200z0_VLE_Soft.a D:\w\EPPC\workspace_codegen\ewl\EWL_Runtime\Runtime_PA_CmdLineData\librt_E200z0_VLE_Soft\obj\runtime.o
  UNUSED   000000 ........ ........    _save32gpr_29 librt_E200z0_VLE_Soft.a D:\w\EPPC\workspace_codegen\ewl\EWL_Runtime\Runtime_PA_CmdLineData\librt_E200z0_VLE_Soft\obj\runtime.o
  UNUSED   000000 ........ ........    _savegpr_30 librt_E200z0_VLE_Soft.a D:\w\EPPC\workspace_codegen\ewl\EWL_Runtime\Runtime_PA_CmdLineData\librt_E200z0_VLE_Soft\obj\runtime.o
  UNUSED   000000 ........ ........    _save32gpr_30 librt_E200z0_VLE_Soft.a D:\w\EPPC\workspace_codegen\ewl\EWL_Runtime\Runtime_PA_CmdLineData\librt_E200z0_VLE_Soft\obj\runtime.o
  UNUSED   000000 ........ ........    _savegpr_31 librt_E200z0_VLE_Soft.a D:\w\EPPC\workspace_codegen\ewl\EWL_Runtime\Runtime_PA_CmdLineData\librt_E200z0_VLE_Soft\obj\runtime.o
  UNUSED   000000 ........ ........    _save32gpr_31 librt_E200z0_VLE_Soft.a D:\w\EPPC\workspace_codegen\ewl\EWL_Runtime\Runtime_PA_CmdLineData\librt_E200z0_VLE_Soft\obj\runtime.o
  UNUSED   00004a ........ ........    __restore_gpr librt_E200z0_VLE_Soft.a D:\w\EPPC\workspace_codegen\ewl\EWL_Runtime\Runtime_PA_CmdLineData\librt_E200z0_VLE_Soft\obj\runtime.o
  UNUSED   000000 ........ ........    _restgpr_14 librt_E200z0_VLE_Soft.a D:\w\EPPC\workspace_codegen\ewl\EWL_Runtime\Runtime_PA_CmdLineData\librt_E200z0_VLE_Soft\obj\runtime.o
  UNUSED   000000 ........ ........    _rest32gpr_14 librt_E200z0_VLE_Soft.a D:\w\EPPC\workspace_codegen\ewl\EWL_Runtime\Runtime_PA_CmdLineData\librt_E200z0_VLE_Soft\obj\runtime.o
  UNUSED   000000 ........ ........    _restgpr_15 librt_E200z0_VLE_Soft.a D:\w\EPPC\workspace_codegen\ewl\EWL_Runtime\Runtime_PA_CmdLineData\librt_E200z0_VLE_Soft\obj\runtime.o
  UNUSED   000000 ........ ........    _rest32gpr_15 librt_E200z0_VLE_Soft.a D:\w\EPPC\workspace_codegen\ewl\EWL_Runtime\Runtime_PA_CmdLineData\librt_E200z0_VLE_Soft\obj\runtime.o
  UNUSED   000000 ........ ........    _restgpr_16 librt_E200z0_VLE_Soft.a D:\w\EPPC\workspace_codegen\ewl\EWL_Runtime\Runtime_PA_CmdLineData\librt_E200z0_VLE_Soft\obj\runtime.o
  UNUSED   000000 ........ ........    _rest32gpr_16 librt_E200z0_VLE_Soft.a D:\w\EPPC\workspace_codegen\ewl\EWL_Runtime\Runtime_PA_CmdLineData\librt_E200z0_VLE_Soft\obj\runtime.o
  UNUSED   000000 ........ ........    _restgpr_17 librt_E200z0_VLE_Soft.a D:\w\EPPC\workspace_codegen\ewl\EWL_Runtime\Runtime_PA_CmdLineData\librt_E200z0_VLE_Soft\obj\runtime.o
  UNUSED   000000 ........ ........    _rest32gpr_17 librt_E200z0_VLE_Soft.a D:\w\EPPC\workspace_codegen\ewl\EWL_Runtime\Runtime_PA_CmdLineData\librt_E200z0_VLE_Soft\obj\runtime.o
  UNUSED   000000 ........ ........    _restgpr_18 librt_E200z0_VLE_Soft.a D:\w\EPPC\workspace_codegen\ewl\EWL_Runtime\Runtime_PA_CmdLineData\librt_E200z0_VLE_Soft\obj\runtime.o
  UNUSED   000000 ........ ........    _rest32gpr_18 librt_E200z0_VLE_Soft.a D:\w\EPPC\workspace_codegen\ewl\EWL_Runtime\Runtime_PA_CmdLineData\librt_E200z0_VLE_Soft\obj\runtime.o
  UNUSED   000000 ........ ........    _restgpr_19 librt_E200z0_VLE_Soft.a D:\w\EPPC\workspace_codegen\ewl\EWL_Runtime\Runtime_PA_CmdLineData\librt_E200z0_VLE_Soft\obj\runtime.o
  UNUSED   000000 ........ ........    _rest32gpr_19 librt_E200z0_VLE_Soft.a D:\w\EPPC\workspace_codegen\ewl\EWL_Runtime\Runtime_PA_CmdLineData\librt_E200z0_VLE_Soft\obj\runtime.o
  UNUSED   000000 ........ ........    _restgpr_20 librt_E200z0_VLE_Soft.a D:\w\EPPC\workspace_codegen\ewl\EWL_Runtime\Runtime_PA_CmdLineData\librt_E200z0_VLE_Soft\obj\runtime.o
  UNUSED   000000 ........ ........    _rest32gpr_20 librt_E200z0_VLE_Soft.a D:\w\EPPC\workspace_codegen\ewl\EWL_Runtime\Runtime_PA_CmdLineData\librt_E200z0_VLE_Soft\obj\runtime.o
  UNUSED   000000 ........ ........    _restgpr_21 librt_E200z0_VLE_Soft.a D:\w\EPPC\workspace_codegen\ewl\EWL_Runtime\Runtime_PA_CmdLineData\librt_E200z0_VLE_Soft\obj\runtime.o
  UNUSED   000000 ........ ........    _rest32gpr_21 librt_E200z0_VLE_Soft.a D:\w\EPPC\workspace_codegen\ewl\EWL_Runtime\Runtime_PA_CmdLineData\librt_E200z0_VLE_Soft\obj\runtime.o
  UNUSED   000000 ........ ........    _restgpr_22 librt_E200z0_VLE_Soft.a D:\w\EPPC\workspace_codegen\ewl\EWL_Runtime\Runtime_PA_CmdLineData\librt_E200z0_VLE_Soft\obj\runtime.o
  UNUSED   000000 ........ ........    _rest32gpr_22 librt_E200z0_VLE_Soft.a D:\w\EPPC\workspace_codegen\ewl\EWL_Runtime\Runtime_PA_CmdLineData\librt_E200z0_VLE_Soft\obj\runtime.o
  UNUSED   000000 ........ ........    _restgpr_23 librt_E200z0_VLE_Soft.a D:\w\EPPC\workspace_codegen\ewl\EWL_Runtime\Runtime_PA_CmdLineData\librt_E200z0_VLE_Soft\obj\runtime.o
  UNUSED   000000 ........ ........    _rest32gpr_23 librt_E200z0_VLE_Soft.a D:\w\EPPC\workspace_codegen\ewl\EWL_Runtime\Runtime_PA_CmdLineData\librt_E200z0_VLE_Soft\obj\runtime.o
  UNUSED   000000 ........ ........    _restgpr_24 librt_E200z0_VLE_Soft.a D:\w\EPPC\workspace_codegen\ewl\EWL_Runtime\Runtime_PA_CmdLineData\librt_E200z0_VLE_Soft\obj\runtime.o
  UNUSED   000000 ........ ........    _rest32gpr_24 librt_E200z0_VLE_Soft.a D:\w\EPPC\workspace_codegen\ewl\EWL_Runtime\Runtime_PA_CmdLineData\librt_E200z0_VLE_Soft\obj\runtime.o
  UNUSED   000000 ........ ........    _restgpr_25 librt_E200z0_VLE_Soft.a D:\w\EPPC\workspace_codegen\ewl\EWL_Runtime\Runtime_PA_CmdLineData\librt_E200z0_VLE_Soft\obj\runtime.o
  UNUSED   000000 ........ ........    _rest32gpr_25 librt_E200z0_VLE_Soft.a D:\w\EPPC\workspace_codegen\ewl\EWL_Runtime\Runtime_PA_CmdLineData\librt_E200z0_VLE_Soft\obj\runtime.o
  UNUSED   000000 ........ ........    _restgpr_26 librt_E200z0_VLE_Soft.a D:\w\EPPC\workspace_codegen\ewl\EWL_Runtime\Runtime_PA_CmdLineData\librt_E200z0_VLE_Soft\obj\runtime.o
  UNUSED   000000 ........ ........    _rest32gpr_26 librt_E200z0_VLE_Soft.a D:\w\EPPC\workspace_codegen\ewl\EWL_Runtime\Runtime_PA_CmdLineData\librt_E200z0_VLE_Soft\obj\runtime.o
  UNUSED   000000 ........ ........    _restgpr_27 librt_E200z0_VLE_Soft.a D:\w\EPPC\workspace_codegen\ewl\EWL_Runtime\Runtime_PA_CmdLineData\librt_E200z0_VLE_Soft\obj\runtime.o
  UNUSED   000000 ........ ........    _rest32gpr_27 librt_E200z0_VLE_Soft.a D:\w\EPPC\workspace_codegen\ewl\EWL_Runtime\Runtime_PA_CmdLineData\librt_E200z0_VLE_Soft\obj\runtime.o
  UNUSED   000000 ........ ........    _restgpr_28 librt_E200z0_VLE_Soft.a D:\w\EPPC\workspace_codegen\ewl\EWL_Runtime\Runtime_PA_CmdLineData\librt_E200z0_VLE_Soft\obj\runtime.o
  UNUSED   000000 ........ ........    _rest32gpr_28 librt_E200z0_VLE_Soft.a D:\w\EPPC\workspace_codegen\ewl\EWL_Runtime\Runtime_PA_CmdLineData\librt_E200z0_VLE_Soft\obj\runtime.o
  UNUSED   000000 ........ ........    _restgpr_29 librt_E200z0_VLE_Soft.a D:\w\EPPC\workspace_codegen\ewl\EWL_Runtime\Runtime_PA_CmdLineData\librt_E200z0_VLE_Soft\obj\runtime.o
  UNUSED   000000 ........ ........    _rest32gpr_29 librt_E200z0_VLE_Soft.a D:\w\EPPC\workspace_codegen\ewl\EWL_Runtime\Runtime_PA_CmdLineData\librt_E200z0_VLE_Soft\obj\runtime.o
  UNUSED   000000 ........ ........    _restgpr_30 librt_E200z0_VLE_Soft.a D:\w\EPPC\workspace_codegen\ewl\EWL_Runtime\Runtime_PA_CmdLineData\librt_E200z0_VLE_Soft\obj\runtime.o
  UNUSED   000000 ........ ........    _rest32gpr_30 librt_E200z0_VLE_Soft.a D:\w\EPPC\workspace_codegen\ewl\EWL_Runtime\Runtime_PA_CmdLineData\librt_E200z0_VLE_Soft\obj\runtime.o
  UNUSED   000000 ........ ........    _restgpr_31 librt_E200z0_VLE_Soft.a D:\w\EPPC\workspace_codegen\ewl\EWL_Runtime\Runtime_PA_CmdLineData\librt_E200z0_VLE_Soft\obj\runtime.o
  UNUSED   000000 ........ ........    _rest32gpr_31 librt_E200z0_VLE_Soft.a D:\w\EPPC\workspace_codegen\ewl\EWL_Runtime\Runtime_PA_CmdLineData\librt_E200z0_VLE_Soft\obj\runtime.o
  00001d2a 000008 4000307a 0000233a  2 __restore_frame_and_exit 	librt_E200z0_VLE_Soft.a D:\w\EPPC\workspace_codegen\ewl\EWL_Runtime\Runtime_PA_CmdLineData\librt_E200z0_VLE_Soft\obj\runtime.o
  UNUSED   000000 ........ ........    __finish_restore_frame_and_exit2 librt_E200z0_VLE_Soft.a D:\w\EPPC\workspace_codegen\ewl\EWL_Runtime\Runtime_PA_CmdLineData\librt_E200z0_VLE_Soft\obj\runtime.o
  UNUSED   00000a ........ ........    __restore_gpr_31_exit librt_E200z0_VLE_Soft.a D:\w\EPPC\workspace_codegen\ewl\EWL_Runtime\Runtime_PA_CmdLineData\librt_E200z0_VLE_Soft\obj\runtime.o
  UNUSED   000000 ........ ........    __finish_restore_frame_and_exit librt_E200z0_VLE_Soft.a D:\w\EPPC\workspace_codegen\ewl\EWL_Runtime\Runtime_PA_CmdLineData\librt_E200z0_VLE_Soft\obj\runtime.o
  UNUSED   000008 ........ ........    __restore_gpr_30_exit librt_E200z0_VLE_Soft.a D:\w\EPPC\workspace_codegen\ewl\EWL_Runtime\Runtime_PA_CmdLineData\librt_E200z0_VLE_Soft\obj\runtime.o
  UNUSED   000008 ........ ........    __restore_gpr_29_exit librt_E200z0_VLE_Soft.a D:\w\EPPC\workspace_codegen\ewl\EWL_Runtime\Runtime_PA_CmdLineData\librt_E200z0_VLE_Soft\obj\runtime.o
  UNUSED   000008 ........ ........    __restore_gpr_28_exit librt_E200z0_VLE_Soft.a D:\w\EPPC\workspace_codegen\ewl\EWL_Runtime\Runtime_PA_CmdLineData\librt_E200z0_VLE_Soft\obj\runtime.o
  UNUSED   000008 ........ ........    __restore_gpr_27_exit librt_E200z0_VLE_Soft.a D:\w\EPPC\workspace_codegen\ewl\EWL_Runtime\Runtime_PA_CmdLineData\librt_E200z0_VLE_Soft\obj\runtime.o
  UNUSED   000008 ........ ........    __restore_gpr_26_exit librt_E200z0_VLE_Soft.a D:\w\EPPC\workspace_codegen\ewl\EWL_Runtime\Runtime_PA_CmdLineData\librt_E200z0_VLE_Soft\obj\runtime.o
  UNUSED   00000a ........ ........    __restore_gpr_25_exit librt_E200z0_VLE_Soft.a D:\w\EPPC\workspace_codegen\ewl\EWL_Runtime\Runtime_PA_CmdLineData\librt_E200z0_VLE_Soft\obj\runtime.o
  UNUSED   000008 ........ ........    __restore_gpr_24_exit librt_E200z0_VLE_Soft.a D:\w\EPPC\workspace_codegen\ewl\EWL_Runtime\Runtime_PA_CmdLineData\librt_E200z0_VLE_Soft\obj\runtime.o
  UNUSED   000008 ........ ........    __restore_gpr_23_exit librt_E200z0_VLE_Soft.a D:\w\EPPC\workspace_codegen\ewl\EWL_Runtime\Runtime_PA_CmdLineData\librt_E200z0_VLE_Soft\obj\runtime.o
  UNUSED   000008 ........ ........    __restore_gpr_22_exit librt_E200z0_VLE_Soft.a D:\w\EPPC\workspace_codegen\ewl\EWL_Runtime\Runtime_PA_CmdLineData\librt_E200z0_VLE_Soft\obj\runtime.o
  UNUSED   000008 ........ ........    __restore_gpr_21_exit librt_E200z0_VLE_Soft.a D:\w\EPPC\workspace_codegen\ewl\EWL_Runtime\Runtime_PA_CmdLineData\librt_E200z0_VLE_Soft\obj\runtime.o
  UNUSED   000008 ........ ........    __restore_gpr_20_exit librt_E200z0_VLE_Soft.a D:\w\EPPC\workspace_codegen\ewl\EWL_Runtime\Runtime_PA_CmdLineData\librt_E200z0_VLE_Soft\obj\runtime.o
  UNUSED   000008 ........ ........    __restore_gpr_19_exit librt_E200z0_VLE_Soft.a D:\w\EPPC\workspace_codegen\ewl\EWL_Runtime\Runtime_PA_CmdLineData\librt_E200z0_VLE_Soft\obj\runtime.o
  UNUSED   000008 ........ ........    __restore_gpr_18_exit librt_E200z0_VLE_Soft.a D:\w\EPPC\workspace_codegen\ewl\EWL_Runtime\Runtime_PA_CmdLineData\librt_E200z0_VLE_Soft\obj\runtime.o
  UNUSED   000008 ........ ........    __restore_gpr_17_exit librt_E200z0_VLE_Soft.a D:\w\EPPC\workspace_codegen\ewl\EWL_Runtime\Runtime_PA_CmdLineData\librt_E200z0_VLE_Soft\obj\runtime.o
  UNUSED   000008 ........ ........    __restore_gpr_16_exit librt_E200z0_VLE_Soft.a D:\w\EPPC\workspace_codegen\ewl\EWL_Runtime\Runtime_PA_CmdLineData\librt_E200z0_VLE_Soft\obj\runtime.o
  UNUSED   000008 ........ ........    __restore_gpr_15_exit librt_E200z0_VLE_Soft.a D:\w\EPPC\workspace_codegen\ewl\EWL_Runtime\Runtime_PA_CmdLineData\librt_E200z0_VLE_Soft\obj\runtime.o
  UNUSED   000008 ........ ........    __restore_gpr_14_exit librt_E200z0_VLE_Soft.a D:\w\EPPC\workspace_codegen\ewl\EWL_Runtime\Runtime_PA_CmdLineData\librt_E200z0_VLE_Soft\obj\runtime.o
  UNUSED   00000c ........ ........    __create_frame librt_E200z0_VLE_Soft.a D:\w\EPPC\workspace_codegen\ewl\EWL_Runtime\Runtime_PA_CmdLineData\librt_E200z0_VLE_Soft\obj\runtime.o
  UNUSED   000000 ........ ........    __save_lr librt_E200z0_VLE_Soft.a D:\w\EPPC\workspace_codegen\ewl\EWL_Runtime\Runtime_PA_CmdLineData\librt_E200z0_VLE_Soft\obj\runtime.o
  UNUSED   00000c ........ ........    __create_frame_and_save_gpr_31 librt_E200z0_VLE_Soft.a D:\w\EPPC\workspace_codegen\ewl\EWL_Runtime\Runtime_PA_CmdLineData\librt_E200z0_VLE_Soft\obj\runtime.o
  UNUSED   00000c ........ ........    __create_frame_and_save_gpr_30 librt_E200z0_VLE_Soft.a D:\w\EPPC\workspace_codegen\ewl\EWL_Runtime\Runtime_PA_CmdLineData\librt_E200z0_VLE_Soft\obj\runtime.o
  UNUSED   00000c ........ ........    __create_frame_and_save_gpr_29 librt_E200z0_VLE_Soft.a D:\w\EPPC\workspace_codegen\ewl\EWL_Runtime\Runtime_PA_CmdLineData\librt_E200z0_VLE_Soft\obj\runtime.o
  UNUSED   00000c ........ ........    __create_frame_and_save_gpr_28 librt_E200z0_VLE_Soft.a D:\w\EPPC\workspace_codegen\ewl\EWL_Runtime\Runtime_PA_CmdLineData\librt_E200z0_VLE_Soft\obj\runtime.o
  UNUSED   00000c ........ ........    __create_frame_and_save_gpr_27 librt_E200z0_VLE_Soft.a D:\w\EPPC\workspace_codegen\ewl\EWL_Runtime\Runtime_PA_CmdLineData\librt_E200z0_VLE_Soft\obj\runtime.o
  UNUSED   00000c ........ ........    __create_frame_and_save_gpr_26 librt_E200z0_VLE_Soft.a D:\w\EPPC\workspace_codegen\ewl\EWL_Runtime\Runtime_PA_CmdLineData\librt_E200z0_VLE_Soft\obj\runtime.o
  UNUSED   00000c ........ ........    __create_frame_and_save_gpr_25 librt_E200z0_VLE_Soft.a D:\w\EPPC\workspace_codegen\ewl\EWL_Runtime\Runtime_PA_CmdLineData\librt_E200z0_VLE_Soft\obj\runtime.o
  UNUSED   00000c ........ ........    __create_frame_and_save_gpr_24 librt_E200z0_VLE_Soft.a D:\w\EPPC\workspace_codegen\ewl\EWL_Runtime\Runtime_PA_CmdLineData\librt_E200z0_VLE_Soft\obj\runtime.o
  UNUSED   00000c ........ ........    __create_frame_and_save_gpr_23 librt_E200z0_VLE_Soft.a D:\w\EPPC\workspace_codegen\ewl\EWL_Runtime\Runtime_PA_CmdLineData\librt_E200z0_VLE_Soft\obj\runtime.o
  UNUSED   00000c ........ ........    __create_frame_and_save_gpr_22 librt_E200z0_VLE_Soft.a D:\w\EPPC\workspace_codegen\ewl\EWL_Runtime\Runtime_PA_CmdLineData\librt_E200z0_VLE_Soft\obj\runtime.o
  UNUSED   00000c ........ ........    __create_frame_and_save_gpr_21 librt_E200z0_VLE_Soft.a D:\w\EPPC\workspace_codegen\ewl\EWL_Runtime\Runtime_PA_CmdLineData\librt_E200z0_VLE_Soft\obj\runtime.o
  UNUSED   00000c ........ ........    __create_frame_and_save_gpr_20 librt_E200z0_VLE_Soft.a D:\w\EPPC\workspace_codegen\ewl\EWL_Runtime\Runtime_PA_CmdLineData\librt_E200z0_VLE_Soft\obj\runtime.o
  UNUSED   00000c ........ ........    __create_frame_and_save_gpr_19 librt_E200z0_VLE_Soft.a D:\w\EPPC\workspace_codegen\ewl\EWL_Runtime\Runtime_PA_CmdLineData\librt_E200z0_VLE_Soft\obj\runtime.o
  UNUSED   00000c ........ ........    __create_frame_and_save_gpr_18 librt_E200z0_VLE_Soft.a D:\w\EPPC\workspace_codegen\ewl\EWL_Runtime\Runtime_PA_CmdLineData\librt_E200z0_VLE_Soft\obj\runtime.o
  UNUSED   00000c ........ ........    __create_frame_and_save_gpr_17 librt_E200z0_VLE_Soft.a D:\w\EPPC\workspace_codegen\ewl\EWL_Runtime\Runtime_PA_CmdLineData\librt_E200z0_VLE_Soft\obj\runtime.o
  UNUSED   00000c ........ ........    __create_frame_and_save_gpr_16 librt_E200z0_VLE_Soft.a D:\w\EPPC\workspace_codegen\ewl\EWL_Runtime\Runtime_PA_CmdLineData\librt_E200z0_VLE_Soft\obj\runtime.o
  UNUSED   00000c ........ ........    __create_frame_and_save_gpr_15 librt_E200z0_VLE_Soft.a D:\w\EPPC\workspace_codegen\ewl\EWL_Runtime\Runtime_PA_CmdLineData\librt_E200z0_VLE_Soft\obj\runtime.o
  UNUSED   00000c ........ ........    __create_frame_and_save_gpr_14 librt_E200z0_VLE_Soft.a D:\w\EPPC\workspace_codegen\ewl\EWL_Runtime\Runtime_PA_CmdLineData\librt_E200z0_VLE_Soft\obj\runtime.o
  UNUSED   0000c4 ........ ........    __div2u librt_E200z0_VLE_Soft.a D:\w\EPPC\workspace_codegen\ewl\EWL_Runtime\Runtime_PA_CmdLineData\librt_E200z0_VLE_Soft\obj\runtime.o
  UNUSED   000108 ........ ........    __div2i librt_E200z0_VLE_Soft.a D:\w\EPPC\workspace_codegen\ewl\EWL_Runtime\Runtime_PA_CmdLineData\librt_E200z0_VLE_Soft\obj\runtime.o
  UNUSED   0000ba ........ ........    __mod2u librt_E200z0_VLE_Soft.a D:\w\EPPC\workspace_codegen\ewl\EWL_Runtime\Runtime_PA_CmdLineData\librt_E200z0_VLE_Soft\obj\runtime.o
  UNUSED   0000e2 ........ ........    __mod2i librt_E200z0_VLE_Soft.a D:\w\EPPC\workspace_codegen\ewl\EWL_Runtime\Runtime_PA_CmdLineData\librt_E200z0_VLE_Soft\obj\runtime.o
  UNUSED   00001a ........ ........    __shl2i librt_E200z0_VLE_Soft.a D:\w\EPPC\workspace_codegen\ewl\EWL_Runtime\Runtime_PA_CmdLineData\librt_E200z0_VLE_Soft\obj\runtime.o
  UNUSED   00001a ........ ........    __shr2u librt_E200z0_VLE_Soft.a D:\w\EPPC\workspace_codegen\ewl\EWL_Runtime\Runtime_PA_CmdLineData\librt_E200z0_VLE_Soft\obj\runtime.o
  UNUSED   00001c ........ ........    __shr2i librt_E200z0_VLE_Soft.a D:\w\EPPC\workspace_codegen\ewl\EWL_Runtime\Runtime_PA_CmdLineData\librt_E200z0_VLE_Soft\obj\runtime.o
  00001d32 000000 40003082 00002342  1 .text.205 	librt_E200z0_VLE_Soft.a D:\w\EPPC\workspace_codegen\ewl\EWL_Runtime\Runtime_PA_CmdLineData\librt_E200z0_VLE_Soft\obj\runtime.o


.rodata section layout
  Starting        Virtual  File
  address  Size   address  offset
  ---------------------------------
  00000000 00000c 40003088 00002348  1 .rodata 	__ppc_eabi_init_c.obj 
  00000000 00000c 40003088 00002348  4 @23 	__ppc_eabi_init_c.obj 
  0000000c 000004 40003098 00002358  8 *fill*
  00000010 000030 40003098 00002358  1 .rodata 	SERV_SchM_Cfg_c.obj 
  00000010 000030 40003098 00002358  8 SchMTaskDescConfig 	SERV_SchM_Cfg_c.obj 


.ctors section layout
  Starting        Virtual  File
  address  Size   address  offset
  ---------------------------------


.dtors section layout
  Starting        Virtual  File
  address  Size   address  offset
  ---------------------------------


extab section layout
  Starting        Virtual  File
  address  Size   address  offset
  ---------------------------------


extabindex section layout
  Starting        Virtual  File
  address  Size   address  offset
  ---------------------------------


.__uninitialized_intc_handlertable section layout
  Starting        Virtual  File
  address  Size   address  offset
  ---------------------------------
  00000000 0003a4 400030d0 00002390  1 .__uninitialized_intc_handlertable 	SERV_IntcInterrupts_c.obj 
  00000000 0003a4 400030d0 00002390  4 INTCInterruptsHandlerTable 	SERV_IntcInterrupts_c.obj 


.data section layout
  Starting        Virtual  File
  address  Size   address  offset
  ---------------------------------
  00000000 0000bc 40003478 00002390  1 .data 	BIOS_Can_Cfg_c.obj 
  00000000 000010 40003478 00002390  8 bios_cnf_can_baudrate_options 	BIOS_Can_Cfg_c.obj 
  00000010 0000a0 40003488 000023a0  8 bios_cnf_can_messages 	BIOS_Can_Cfg_c.obj 
  000000b0 00000c 40003528 00002440  4 bios_cnf_can_dev 	BIOS_Can_Cfg_c.obj 


.sdata section layout
  Starting        Virtual  File
  address  Size   address  offset
  ---------------------------------
  00000000 000008 40003538 00002450  1 .sdata 	BIOS_Can_Cfg_c.obj 
  00000000 000008 40003538 00002450  8 can_driver_config 	BIOS_Can_Cfg_c.obj 
  00000008 000050 40003540 00002458  1 .sdata 	SERV_Can_Manager_c.obj 
  00000008 000008 40003540 00002458  8 dummy_msg0 	SERV_Can_Manager_c.obj 
  00000010 000008 40003548 00002460  8 dummy_msg1 	SERV_Can_Manager_c.obj 
  00000018 000008 40003550 00002468  8 dummy_msg2 	SERV_Can_Manager_c.obj 
  00000020 000008 40003558 00002470  8 dummy_msg9 	SERV_Can_Manager_c.obj 
  00000028 000008 40003560 00002478  8 pdu_handler4 	SERV_Can_Manager_c.obj 
  00000030 000008 40003568 00002480  8 pdu_handler5 	SERV_Can_Manager_c.obj 
  00000038 000008 40003570 00002488  8 pdu_handler6 	SERV_Can_Manager_c.obj 
  00000040 000008 40003578 00002490  8 pdu_handler7 	SERV_Can_Manager_c.obj 
  00000048 000008 40003580 00002498  8 pdu_handler8 	SERV_Can_Manager_c.obj 
  00000050 000008 40003588 000024a0  8 pdu_handler9 	SERV_Can_Manager_c.obj 


.sbss section layout
  Starting        Virtual  File
  address  Size   address  offset
  ---------------------------------
  00000000 000002 40003590 000024a8  1 .sbss 	APP_dummy_c.obj 
  00000000 000002 40003590 000024a8  2 @LOCAL@Test__Fv@rub_U16Counter 	APP_dummy_c.obj 
  00000002 000006 40003598 000024b0  8 *fill*
  00000008 000002 40003598 000024b0  1 .sbss 	BIOS_bspimain_c.obj 
  00000008 000002 40003598 000024b0  2 RecDataMaster 	BIOS_bspimain_c.obj 
  0000000a 000006 400035a0 000024b8  8 *fill*
  00000010 000020 400035a0 000024b8  1 .sbss 	BIOS_Can_c.obj 
  00000010 000004 400035a0 000024b8  4 bios_can_prevent_clear_flag_low 	BIOS_Can_c.obj 
  00000014 000004 400035a4 000024bc  4 bios_can_prevent_clear_flag_high 	BIOS_Can_c.obj 
  00000018 000004 400035a8 000024c0  4 can_config_ptr 	BIOS_Can_c.obj 
  00000020 000008 400035b0 000024c8  8 can_config_dev_ptr 	BIOS_Can_c.obj 
  00000028 000008 400035b8 000024d0  8 bios_cnf_can_eng 	BIOS_Can_c.obj 
  00000030 00000b 400035c0 000024d8  1 .sbss 	SERV_SchM_c.obj 
  00000030 000004 400035c0 000024d8  4 SchMConfigGlob 	SERV_SchM_c.obj 
  00000034 000004 400035c4 000024dc  4 SchMTaskControlBlock 	SERV_SchM_c.obj 
  00000038 000003 400035c8 000024e0  4 SchMControl 	SERV_SchM_c.obj 
  0000003b 000005 400035d0 000024e8  8 *fill*
  00000040 000010 400035d0 000024e8  1 .sbss 	SERV_Can_Manager_c.obj 
  00000040 000002 400035d0 000024e8  4 dummy_msg8 	SERV_Can_Manager_c.obj 
  00000044 000004 400035d4 000024ec  4 PduHandlerCnt0 	SERV_Can_Manager_c.obj 
  00000048 000004 400035d8 000024f0  4 PduHandlerCnt6 	SERV_Can_Manager_c.obj 
  0000004c 000002 400035dc 000024f4  2 pdu_handler8_cnt 	SERV_Can_Manager_c.obj 
  0000004e 000001 400035de 000024f6  1 msg_rx_pdu0 	SERV_Can_Manager_c.obj 
  0000004f 000001 400035df 000024f7  1 msg_rx_pdu7 	SERV_Can_Manager_c.obj 
  00000050 000008 400035e0 000024f8  1 .sbss 	MemAlloc_c.obj 
  00000050 000004 400035e0 000024f8  4 pool_end 	MemAlloc_c.obj 
  00000054 000004 400035e4 000024fc  4 pool_start 	MemAlloc_c.obj 
  00000058 000008 400035e8 00002500  1 .sbss 	libc_E200z0_VLE_Soft.a D:\w\EPPC\workspace_codegen\ewl\EWL_C\EWL_C.PA_CmdLineData\libc_E200z0_VLE_Soft\obj\abort_exit.o
  UNUSED   000004 ........ ........    __atexit_curr_func_C libc_E200z0_VLE_Soft.a D:\w\EPPC\workspace_codegen\ewl\EWL_C\EWL_C.PA_CmdLineData\libc_E200z0_VLE_Soft\obj\abort_exit.o
  00000058 000004 400035e8 00002500  4 __stdio_exit 	libc_E200z0_VLE_Soft.a D:\w\EPPC\workspace_codegen\ewl\EWL_C\EWL_C.PA_CmdLineData\libc_E200z0_VLE_Soft\obj\abort_exit.o
  0000005c 000004 400035ec 00002504  4 __console_exit 	libc_E200z0_VLE_Soft.a D:\w\EPPC\workspace_codegen\ewl\EWL_C\EWL_C.PA_CmdLineData\libc_E200z0_VLE_Soft\obj\abort_exit.o
  00000060 000004 400035f0 00002508  1 .sbss 	librt_E200z0_VLE_Soft.a D:\w\EPPC\workspace_codegen\ewl\EWL_Runtime\Runtime_PA_CmdLineData\librt_E200z0_VLE_Soft\obj\global_destructor_chain.o
  UNUSED   000004 ........ ........    atexit_curr_func librt_E200z0_VLE_Soft.a D:\w\EPPC\workspace_codegen\ewl\EWL_Runtime\Runtime_PA_CmdLineData\librt_E200z0_VLE_Soft\obj\global_destructor_chain.o
  00000060 000004 400035f0 00002508  4 __global_destructor_chain 	librt_E200z0_VLE_Soft.a D:\w\EPPC\workspace_codegen\ewl\EWL_Runtime\Runtime_PA_CmdLineData\librt_E200z0_VLE_Soft\obj\global_destructor_chain.o


.sdata2 section layout
  Starting        Virtual  File
  address  Size   address  offset
  ---------------------------------
  00000000 000008 400035f8 000024a8  1 .sdata2 	SERV_SchM_Cfg_c.obj 
  00000000 000008 400035f8 000024a8  8 SchMConfig 	SERV_SchM_Cfg_c.obj 
  00000008 000008 40003600 000024b0  1 .sdata2 	MemAlloc_Cfg_c.obj 
  00000008 000008 40003600 000024b0  8 MemAllocConfig 	MemAlloc_Cfg_c.obj 


.sbss2 section layout
  Starting        Virtual  File
  address  Size   address  offset
  ---------------------------------


.bss section layout
  Starting        Virtual  File
  address  Size   address  offset
  ---------------------------------
  00000000 000020 40003608 000024b8  1 .bss 	BIOS_PIT_c.obj 
  00000000 000020 40003608 000024b8  8 PIT_Callback 	BIOS_PIT_c.obj 
  00000020 000a00 40003628 000024d8  1 .bss 	BIOS_Can_c.obj 
  00000020 000500 40003628 000024d8  8 txd_messages 	BIOS_Can_c.obj 
  00000520 000500 40003b28 000029d8  8 received_messages 	BIOS_Can_c.obj 
  00000a20 00003c 40004028 00002ed8  1 .bss 	SERV_Can_Manager_c.obj 
  00000a20 000014 40004028 00002ed8  4 CanMessage_PduHandler2 	SERV_Can_Manager_c.obj 
  00000a34 000014 4000403c 00002eec  4 CanMessage_PduHandler7 	SERV_Can_Manager_c.obj 
  00000a48 000014 40004050 00002f00  4 CanMessage_PduHandler0 	SERV_Can_Manager_c.obj 


Memory map:
                       Starting Size     File       S-Record
                       address           Offset     Line
    .ivor_branch_table 40000000 000000f4 000001c0          2
  .intc_hw_branch_table 400000f4 00000000 000002b4          0
                 .init 40001000 00000098 000002b4         15
             .init_vle 40001098 00000208 0000034c         23
  .__exception_handlers 400012a0 000000a4 00000560         49
                 .text 40001344 00000000 00000610          0
             .text_vle 40001350 00001d34 00000610         58
               .rodata 40003088 00000040 00002348        432
                .ctors 400030c8 00000000 00002388          0
                .dtors 400030c8 00000000 00002388          0
                 extab 400030c8 00000000 00002388          0
            extabindex 400030c8 00000000 00002388          0
  .__uninitialized_intc_handlertable 400030d0 000003a4 00002390          0
                 .data 40003478 000000bc 00002390        436
                .sdata 40003538 00000058 00002450        446
                 .sbss 40003590 00000064 000024a8          0
               .sdata2 400035f8 00000010 000024a8        451
                .sbss2 40003608 00000000 000024b8          0
                  .bss 40003608 00000a5c 000024b8          0
      .PPC.EMB.apuinfo 0000cc9c 00000000 0000f160          0
         .debug_abbrev          0000017b 000024b8
           .debug_info          00005094 00002633
           .debug_line          0000512c 000076c7
            .debug_loc          000006e4 0000c7f3
       .debug_pubnames          00000a6b 0000ced7


Linker generated symbols:
         _heap_start_addr 40012000
           _heap_end_addr 40013000
       EXCEPTION_HANDLERS 40000000
     _f_ivor_branch_table 40000000
 _f_ivor_branch_table_rom 40000000
     _e_ivor_branch_table 400000f4
  _f_intc_hw_branch_table 400000f4
_f_intc_hw_branch_table_rom 40000800
  _e_intc_hw_branch_table 400000f4
                  _f_init 40001000
              _f_init_rom 40001000
                  _e_init 40001098
              _f_init_vle 40001098
          _f_init_vle_rom 40001098
              _e_init_vle 400012a0
  _f___exception_handlers 400012a0
_f___exception_handlers_rom 400012a0
  _e___exception_handlers 40001344
                  _f_text 40001344
              _f_text_rom 40001350
                  _e_text 40001344
              _f_text_vle 40001350
          _f_text_vle_rom 40001350
              _e_text_vle 40003084
                _f_rodata 40003088
            _f_rodata_rom 40003088
                _e_rodata 400030c8
                 _f_ctors 400030c8
             _f_ctors_rom 400030c8
                 _e_ctors 400030c8
                 _f_dtors 400030c8
             _f_dtors_rom 400030c8
                 _e_dtors 400030c8
                  _fextab 400030c8
              _fextab_rom 400030c8
                  _eextab 400030c8
             _fextabindex 400030c8
         _fextabindex_rom 400030c8
             _eextabindex 400030c8
_f___uninitialized_intc_handlertable 400030d0
_e___uninitialized_intc_handlertable 40003474
                  _f_data 40003478
              _f_data_rom 40003478
                  _e_data 40003534
                 _f_sdata 40003538
             _f_sdata_rom 40003538
                 _e_sdata 40003590
                  _f_sbss 40003590
                  _e_sbss 400035f4
                _f_sdata2 400035f8
            _f_sdata2_rom 400035f8
                _e_sdata2 40003608
                 _f_sbss2 40003608
                 _e_sbss2 40003608
                   _f_bss 40003608
                   _e_bss 40004064
              _stack_addr 40014000
               _stack_end 40013000
               _heap_addr 40012000
                _heap_end 40013000
             _nbfunctions 00000040
           SIZEOF_HEADERS 000001c0
               _SDA_BASE_ 4000b538
              _SDA2_BASE_ 4000b5f8
           _ABS_SDA_BASE_ 4000b538
          _ABS_SDA2_BASE_ 4000b5f8
                 _SP_INIT 40014000
             __HEAP_START 40012000
              __mem_limit 40013000
           __stack_safety 00000010
