Link map of __startup
  1] __startup (func,global) found in MPC5606B_Startup_c.obj 
   2] __start (func,global) found in librt_E200z0_VLE_Soft.a D:\w\EPPC\workspace_codegen\ewl\EWL_Runtime\Runtime_PA_CmdLineData\librt_E200z0_VLE_Soft\obj\__start.o
    3] __init_registers (func,weak) found in librt_E200z0_VLE_Soft.a D:\w\EPPC\workspace_codegen\ewl\EWL_Runtime\Runtime_PA_CmdLineData\librt_E200z0_VLE_Soft\obj\__start.o
     4] _stack_addr found as linker generated symbol
     4] _SDA2_BASE_ found as linker generated symbol
     4] _SDA_BASE_ found as linker generated symbol
    3] __init_hardware (func,global) found in __ppc_eabi_init_c.obj 
     4] usr_init (func,global) found in MPC5606B_init_ram_c.obj 
      5] EXCEP_InitExceptionHandlers (func,global) found in SERV_Exceptions_c.obj 
       6] EXCEPTION_HANDLERS found as linker generated symbol
      5] INTC_InitINTCInterrupts (func,global) found in SERV_IntcInterrupts_c.obj 
       6] INTCInterruptsHandlerTable (object,global) found in SERV_IntcInterrupts_c.obj 
    3] __init_data (func,weak) found in librt_E200z0_VLE_Soft.a D:\w\EPPC\workspace_codegen\ewl\EWL_Runtime\Runtime_PA_CmdLineData\librt_E200z0_VLE_Soft\obj\__start.o
     4] _rom_copy_info (object,global) found in Linker Generated Symbol File 
     4] __copy_rom_section (func,global) found in librt_E200z0_VLE_Soft.a D:\w\EPPC\workspace_codegen\ewl\EWL_Runtime\Runtime_PA_CmdLineData\librt_E200z0_VLE_Soft\obj\__start.o
      5] memcpy (func,global) found in librt_E200z0_VLE_Soft.a D:\w\EPPC\workspace_codegen\ewl\EWL_Runtime\Runtime_PA_CmdLineData\librt_E200z0_VLE_Soft\obj\__mem.o
      5] __flush_cache (func,global) found in __ppc_eabi_init_c.obj 
     4] _bss_init_info (object,global) found in Linker Generated Symbol File 
     4] __init_bss_section (func,global) found in librt_E200z0_VLE_Soft.a D:\w\EPPC\workspace_codegen\ewl\EWL_Runtime\Runtime_PA_CmdLineData\librt_E200z0_VLE_Soft\obj\__start.o
      5] memset (func,global) found in librt_E200z0_VLE_Soft.a D:\w\EPPC\workspace_codegen\ewl\EWL_Runtime\Runtime_PA_CmdLineData\librt_E200z0_VLE_Soft\obj\__mem.o
       6] __fill_mem (func,global) found in librt_E200z0_VLE_Soft.a D:\w\EPPC\workspace_codegen\ewl\EWL_Runtime\Runtime_PA_CmdLineData\librt_E200z0_VLE_Soft\obj\__mem.o
    3] __init_user (func,global) found in __ppc_eabi_init_c.obj 
     4] FlashConfig (func,global) found in __ppc_eabi_init_c.obj 
      5] @23 (object,local) found in __ppc_eabi_init_c.obj 
    3] main (func,global) found in main_c.obj 
     4] sysinit_InitMode (func,global) found in BIOS_sysinit_c.obj 
      5] sysinit_ChangeMode (func,global) found in BIOS_sysinit_c.obj 
     4] sysinit_InitSysClock (func,global) found in BIOS_sysinit_c.obj 
      5] sysinit_disableWatchdog (func,global) found in BIOS_sysinit_c.obj 
     4] vfnGPIO_LED_Init (func,global) found in BIOS_GPIO_c.obj 
      5] vfnGPIO_Init_channel (func,global) found in BIOS_GPIO_c.obj 
      5] vfnGPIO_Output (func,global) found in BIOS_GPIO_c.obj 
     4] InitDSPI_1 (func,global) found in BIOS_bspimain_c.obj 
     4] ConfigureMZC33905DSPI_1 (func,global) found in BIOS_bspimain_c.obj 
      5] ReadDataDSPI_1 (func,global) found in BIOS_bspimain_c.obj 
       6] RecDataMaster (object,global) found in BIOS_bspimain_c.obj 
     4] can_driver_config (object,global) found in BIOS_Can_Cfg_c.obj 
      5] bios_cnf_can_dev (object,global) found in BIOS_Can_Cfg_c.obj 
       6] bios_cnf_can_baudrate_options (object,global) found in BIOS_Can_Cfg_c.obj 
       6] bios_cnf_can_messages (object,global) found in BIOS_Can_Cfg_c.obj 
        7] Can_Manager_PduHandler0 (func,global) found in SERV_Can_Manager_c.obj 
         8] CanMessage_PduHandler0 (object,global) found in SERV_Can_Manager_c.obj 
         8] pdu_handler7 (object,global) found in SERV_Can_Manager_c.obj 
          9] dummy_msg2 (object,global) found in SERV_Can_Manager_c.obj 
         8] msg_rx_pdu0 (object,global) found in SERV_Can_Manager_c.obj 
         8] PduHandlerCnt0 (object,global) found in SERV_Can_Manager_c.obj 
        7] Can_Manager_PduHandler7 (func,global) found in SERV_Can_Manager_c.obj 
         8] CanMessage_PduHandler7 (object,global) found in SERV_Can_Manager_c.obj 
         8] msg_rx_pdu7 (object,global) found in SERV_Can_Manager_c.obj 
         8] pdu_handler8_cnt (object,global) found in SERV_Can_Manager_c.obj 
         8] dummy_msg8 (object,global) found in SERV_Can_Manager_c.obj 
         8] PduHandlerCnt6 (object,global) found in SERV_Can_Manager_c.obj 
     4] CAN_Initialization (func,global) found in BIOS_Can_c.obj 
      5] can_config_ptr (object,global) found in BIOS_Can_c.obj 
      5] can_config_dev_ptr (object,global) found in BIOS_Can_c.obj 
      5] bios_cnf_can_eng (object,global) found in BIOS_Can_c.obj 
      5] CAN_IO_Config (func,global) found in BIOS_Can_c.obj 
      5] bios_can_prevent_clear_flag_low (object,global) found in BIOS_Can_c.obj 
      5] bios_can_prevent_clear_flag_high (object,global) found in BIOS_Can_c.obj 
      5] CANB_Isr (func,global) found in BIOS_Can_c.obj 
       6] received_messages (object,global) found in BIOS_Can_c.obj 
       6] txd_messages (object,global) found in BIOS_Can_c.obj 
      5] INTC_InstallINTCInterruptHandler (func,global) found in SERV_IntcInterrupts_c.obj 
     4] SchM_Init (func,global) found in SERV_SchM_c.obj 
      5] rul_Index (object,global) found in SERV_SchM_c.obj 
      5] PIT_device_init (func,global) found in BIOS_PIT_c.obj 
      5] PIT_channel_configure (func,global) found in BIOS_PIT_c.obj 
      5] TickFlag (func,global) found in SERV_SchM_c.obj 
       6] rub_TickFlag (object,global) found in SERV_SchM_c.obj 
      5] cas_TaskList (object,global) found in SERV_SchM_c.obj 
       6] SchM_6p25ms_Task (func,global) found in SERV_SchM_Tasks_c.obj 
        7] Test (func,global) found in APP_dummy_c.obj 
         8] @LOCAL@Test__Fv@rub_U16Counter (object,local) found in APP_dummy_c.obj 
       6] SchM_12p5ms_Task (func,global) found in SERV_SchM_Tasks_c.obj 
        7] CanManager_SendMessage_12p5ms (func,global) found in SERV_Can_Manager_c.obj 
         8] pdu_handler4 (object,global) found in SERV_Can_Manager_c.obj 
          9] dummy_msg0 (object,global) found in SERV_Can_Manager_c.obj 
         8] CAN_SendFrame (func,global) found in BIOS_Can_c.obj 
          9] CAN_SendFrameInt (func,global) found in BIOS_Can_c.obj 
         8] CanMessage_PduHandler2 (object,global) found in SERV_Can_Manager_c.obj 
         8] CAN_ReceiveFrame (func,global) found in BIOS_Can_c.obj 
         8] pdu_handler9 (object,global) found in SERV_Can_Manager_c.obj 
          9] dummy_msg9 (object,global) found in SERV_Can_Manager_c.obj 
       6] SchM_25ms_Task (func,global) found in SERV_SchM_Tasks_c.obj 
        7] CanManager_SendMessage_25ms (func,global) found in SERV_Can_Manager_c.obj 
         8] pdu_handler6 (object,global) found in SERV_Can_Manager_c.obj 
         8] pdu_handler8 (object,global) found in SERV_Can_Manager_c.obj 
      5] raul_NTask (object,global) found in SERV_SchM_c.obj 
      5] PIT_channel_start (func,global) found in BIOS_PIT_c.obj 
     4] INTC_EnableInterrupts (func,global) found in SERV_IntcInterrupts_c.obj 
     4] kernel (func,global) found in SERV_SchM_c.obj 
      5] rul_Count (object,global) found in SERV_SchM_c.obj 
    3] exit (func,global) found in libc_E200z0_VLE_Soft.a D:\w\EPPC\workspace_codegen\ewl\EWL_C\EWL_C.PA_CmdLineData\libc_E200z0_VLE_Soft\obj\abort_exit.o
    3] >>> UNREFERENCED DUPLICATE exit
    3] >>> (func,weak) found in __ppc_eabi_init_c.obj 
     4] __destroy_global_chain (func,global) found in librt_E200z0_VLE_Soft.a D:\w\EPPC\workspace_codegen\ewl\EWL_Runtime\Runtime_PA_CmdLineData\librt_E200z0_VLE_Soft\obj\global_destructor_chain.o
      5] __global_destructor_chain (object,global) found in librt_E200z0_VLE_Soft.a D:\w\EPPC\workspace_codegen\ewl\EWL_Runtime\Runtime_PA_CmdLineData\librt_E200z0_VLE_Soft\obj\global_destructor_chain.o
     4] __stdio_exit (object,global) found in libc_E200z0_VLE_Soft.a D:\w\EPPC\workspace_codegen\ewl\EWL_C\EWL_C.PA_CmdLineData\libc_E200z0_VLE_Soft\obj\abort_exit.o
     4] __console_exit (object,global) found in libc_E200z0_VLE_Soft.a D:\w\EPPC\workspace_codegen\ewl\EWL_C\EWL_C.PA_CmdLineData\libc_E200z0_VLE_Soft\obj\abort_exit.o
     4] _ExitProcess (func,weak) found in __ppc_eabi_init_c.obj 
     4] __restore_frame_and_exit (func,global) found in librt_E200z0_VLE_Soft.a D:\w\EPPC\workspace_codegen\ewl\EWL_Runtime\Runtime_PA_CmdLineData\librt_E200z0_VLE_Soft\obj\runtime.o
  1] EXCEP_DefaultExceptionHandler (func,global) found in SERV_Exceptions_c.obj 
  1] INTC_INTCInterruptHandler (func,global) found in SERV_IntcInterrupts_c.obj 
  1] ivor_branch_table_p0 (func,global) found in SERV_ivor_branch_table_c.obj 
    3] .init (section,local) found in MPC5606B_init_ram_c.obj 
    3] .init.11 (notype,local) found in MPC5606B_init_ram_c.obj 
    3] .init (section,local) found in MPC5606B_Startup_c.obj 
    3] .init.21 (notype,local) found in MPC5606B_Startup_c.obj 
    3] .text (section,local) found in APP_dummy_c.obj 
    3] .text.22 (notype,local) found in APP_dummy_c.obj 
    3] .text (section,local) found in BIOS_sysinit_c.obj 
    3] .text.35 (notype,local) found in BIOS_sysinit_c.obj 
    3] .text (section,local) found in BIOS_bspimain_c.obj 
    3] .text.23 (notype,local) found in BIOS_bspimain_c.obj 
    3] .text (section,local) found in BIOS_PIT_c.obj 
    3] .text.34 (notype,local) found in BIOS_PIT_c.obj 
    3] .text (section,local) found in BIOS_GPIO_c.obj 
    3] .text.39 (notype,local) found in BIOS_GPIO_c.obj 
    3] .text (section,local) found in BIOS_Can_c.obj 
    3] .text.256 (notype,local) found in BIOS_Can_c.obj 
    3] .ivor_branch_table (section,local) found in SERV_ivor_branch_table_c.obj 
    3] .ivor_branch_table.24 (notype,local) found in SERV_ivor_branch_table_c.obj 
    3] .text (section,local) found in SERV_SchM_Tasks_c.obj 
    3] .text.41 (notype,local) found in SERV_SchM_Tasks_c.obj 
    3] .text (section,local) found in SERV_SchM_c.obj 
    3] .text.53 (notype,local) found in SERV_SchM_c.obj 
    3] .text (section,local) found in SERV_Can_Manager_c.obj 
    3] .text.58 (notype,local) found in SERV_Can_Manager_c.obj 
    3] .text (section,local) found in main_c.obj 
    3] .text.46 (notype,local) found in main_c.obj 
    3] .text (section,local) found in libc_E200z0_VLE_Soft.a D:\w\EPPC\workspace_codegen\ewl\EWL_C\EWL_C.PA_CmdLineData\libc_E200z0_VLE_Soft\obj\abort_exit.o
    3] .text.86 (notype,local) found in libc_E200z0_VLE_Soft.a D:\w\EPPC\workspace_codegen\ewl\EWL_C\EWL_C.PA_CmdLineData\libc_E200z0_VLE_Soft\obj\abort_exit.o
    3] .init (section,local) found in librt_E200z0_VLE_Soft.a D:\w\EPPC\workspace_codegen\ewl\EWL_Runtime\Runtime_PA_CmdLineData\librt_E200z0_VLE_Soft\obj\__start.o
    3] .init.104 (notype,local) found in librt_E200z0_VLE_Soft.a D:\w\EPPC\workspace_codegen\ewl\EWL_Runtime\Runtime_PA_CmdLineData\librt_E200z0_VLE_Soft\obj\__start.o
    3] .text (section,local) found in librt_E200z0_VLE_Soft.a D:\w\EPPC\workspace_codegen\ewl\EWL_Runtime\Runtime_PA_CmdLineData\librt_E200z0_VLE_Soft\obj\global_destructor_chain.o
    3] .text.104 (notype,local) found in librt_E200z0_VLE_Soft.a D:\w\EPPC\workspace_codegen\ewl\EWL_Runtime\Runtime_PA_CmdLineData\librt_E200z0_VLE_Soft\obj\global_destructor_chain.o
    3] .text (section,local) found in librt_E200z0_VLE_Soft.a D:\w\EPPC\workspace_codegen\ewl\EWL_Runtime\Runtime_PA_CmdLineData\librt_E200z0_VLE_Soft\obj\runtime.o
    3] .text.205 (notype,local) found in librt_E200z0_VLE_Soft.a D:\w\EPPC\workspace_codegen\ewl\EWL_Runtime\Runtime_PA_CmdLineData\librt_E200z0_VLE_Soft\obj\runtime.o
    3] .text (section,local) found in MPC5606B_HWInit_c.obj 
    3] .text.13 (notype,local) found in MPC5606B_HWInit_c.obj 


.ivor_branch_table section layout
  Starting        Virtual  File
  address  Size   address  offset
  ---------------------------------
  00000000 0000f2 40000000 000001a0  1 .ivor_branch_table 	SERV_ivor_branch_table_c.obj 
  00000000 0000f2 40000000 000001a0 16 ivor_branch_table_p0 	SERV_ivor_branch_table_c.obj 
  000000f2 000000 400000f2 00000292  1 .ivor_branch_table.24 	SERV_ivor_branch_table_c.obj 


.intc_hw_branch_table section layout
  Starting        Virtual  File
  address  Size   address  offset
  ---------------------------------


.init section layout
  Starting        Virtual  File
  address  Size   address  offset
  ---------------------------------
  00000000 00008c 40001000 00000294  1 .init 	Linker Generated Symbol File 
  00000000 00006c 40001000 00000294  4 _rom_copy_info 	Linker Generated Symbol File 
  0000006c 000020 4000106c 00000300  4 _bss_init_info 	Linker Generated Symbol File 


.init_vle section layout
  Starting        Virtual  File
  address  Size   address  offset
  ---------------------------------
  00000000 00002c 4000108c 00000320  1 .init 	__ppc_eabi_init_c.obj 
  00000000 00000a 4000108c 00000320  2 __init_hardware 	__ppc_eabi_init_c.obj 
  0000000a 000022 40001096 0000032a  2 __flush_cache 	__ppc_eabi_init_c.obj 
  0000002c 00000e 400010b8 0000034c  1 .init 	MPC5606B_init_ram_c.obj 
  0000002c 00000e 400010b8 0000034c  2 usr_init 	MPC5606B_init_ram_c.obj 
  0000003a 000000 400010c6 0000035a  1 .init.11 	MPC5606B_init_ram_c.obj 
  0000003a 000002 400010c8 0000035c  4 *fill*
  0000003c 000004 400010c8 0000035c  1 .init 	MPC5606B_Startup_c.obj 
  0000003c 000004 400010c8 0000035c  4 __startup 	MPC5606B_Startup_c.obj 
  00000040 000000 400010cc 00000360  1 .init.21 	MPC5606B_Startup_c.obj 
  00000040 0000f4 400010cc 00000360  1 .init 	librt_E200z0_VLE_Soft.a D:\w\EPPC\workspace_codegen\ewl\EWL_Runtime\Runtime_PA_CmdLineData\librt_E200z0_VLE_Soft\obj\__start.o
  00000040 000048 400010cc 00000360  2 __start 	librt_E200z0_VLE_Soft.a D:\w\EPPC\workspace_codegen\ewl\EWL_Runtime\Runtime_PA_CmdLineData\librt_E200z0_VLE_Soft\obj\__start.o
  00000088 000030 40001114 000003a8  2 __copy_rom_section 	librt_E200z0_VLE_Soft.a D:\w\EPPC\workspace_codegen\ewl\EWL_Runtime\Runtime_PA_CmdLineData\librt_E200z0_VLE_Soft\obj\__start.o
  000000b8 00000e 40001144 000003d8  2 __init_bss_section 	librt_E200z0_VLE_Soft.a D:\w\EPPC\workspace_codegen\ewl\EWL_Runtime\Runtime_PA_CmdLineData\librt_E200z0_VLE_Soft\obj\__start.o
  000000c6 00001a 40001152 000003e6  2 __init_registers 	librt_E200z0_VLE_Soft.a D:\w\EPPC\workspace_codegen\ewl\EWL_Runtime\Runtime_PA_CmdLineData\librt_E200z0_VLE_Soft\obj\__start.o
  000000e0 000054 4000116c 00000400  2 __init_data 	librt_E200z0_VLE_Soft.a D:\w\EPPC\workspace_codegen\ewl\EWL_Runtime\Runtime_PA_CmdLineData\librt_E200z0_VLE_Soft\obj\__start.o
  00000134 000000 400011c0 00000454  1 .init.104 	librt_E200z0_VLE_Soft.a D:\w\EPPC\workspace_codegen\ewl\EWL_Runtime\Runtime_PA_CmdLineData\librt_E200z0_VLE_Soft\obj\__start.o
  00000134 0000d4 400011c0 00000454  1 .init 	librt_E200z0_VLE_Soft.a D:\w\EPPC\workspace_codegen\ewl\EWL_Runtime\Runtime_PA_CmdLineData\librt_E200z0_VLE_Soft\obj\__mem.o
  00000134 000038 400011c0 00000454  2 memcpy 	librt_E200z0_VLE_Soft.a D:\w\EPPC\workspace_codegen\ewl\EWL_Runtime\Runtime_PA_CmdLineData\librt_E200z0_VLE_Soft\obj\__mem.o
  0000016c 000082 400011f8 0000048c  2 __fill_mem 	librt_E200z0_VLE_Soft.a D:\w\EPPC\workspace_codegen\ewl\EWL_Runtime\Runtime_PA_CmdLineData\librt_E200z0_VLE_Soft\obj\__mem.o
  000001ee 00001a 4000127a 0000050e  2 memset 	librt_E200z0_VLE_Soft.a D:\w\EPPC\workspace_codegen\ewl\EWL_Runtime\Runtime_PA_CmdLineData\librt_E200z0_VLE_Soft\obj\__mem.o


.__exception_handlers section layout
  Starting        Virtual  File
  address  Size   address  offset
  ---------------------------------
  00000000 000096 400012a0 00000530  1 .__exception_handlers 	SERV_IntcInterrupts_c.obj 
  00000000 000096 400012a0 00000530 16 INTC_INTCInterruptHandler 	SERV_IntcInterrupts_c.obj 
  00000096 00000a 40001340 000005d0 16 *fill*
  000000a0 000002 40001340 000005d0  1 .__exception_handlers 	SERV_Exceptions_c.obj 
  000000a0 000002 40001340 000005d0 16 EXCEP_DefaultExceptionHandler 	SERV_Exceptions_c.obj 


.text section layout
  Starting        Virtual  File
  address  Size   address  offset
  ---------------------------------


.text_vle section layout
  Starting        Virtual  File
  address  Size   address  offset
  ---------------------------------
  00000000 000052 40001350 000005e0  1 .text 	__ppc_eabi_init_c.obj 
  00000000 00003e 40001350 000005e0  2 FlashConfig 	__ppc_eabi_init_c.obj 
  0000003e 000012 4000138e 0000061e  2 __init_user 	__ppc_eabi_init_c.obj 
  00000050 000002 400013a0 00000630  2 _ExitProcess 	__ppc_eabi_init_c.obj 
  00000052 000000 400013a2 00000632  1 .text 	MPC5606B_HWInit_c.obj 
  UNUSED   000050 ........ ........    INIT_Derivative MPC5606B_HWInit_c.obj 
  UNUSED   000002 ........ ........    INIT_ExternalBusAndMemory MPC5606B_HWInit_c.obj 
  00000052 000000 400013a2 00000632  1 .text.13 	MPC5606B_HWInit_c.obj 
  00000052 0001bc 400013a2 00000632  1 .text 	APP_dummy_c.obj 
  00000052 0001bc 400013a2 00000632  2 Test 	APP_dummy_c.obj 
  0000020e 000000 4000155e 000007ee  1 .text.22 	APP_dummy_c.obj 
  0000020e 00018e 4000155e 000007ee  1 .text 	BIOS_sysinit_c.obj 
  0000020e 000032 4000155e 000007ee  2 sysinit_disableWatchdog 	BIOS_sysinit_c.obj 
  00000240 000086 40001590 00000820  2 sysinit_InitSysClock 	BIOS_sysinit_c.obj 
  000002c6 000094 40001616 000008a6  2 sysinit_InitMode 	BIOS_sysinit_c.obj 
  0000035a 000042 400016aa 0000093a  2 sysinit_ChangeMode 	BIOS_sysinit_c.obj 
  0000039c 000000 400016ec 0000097c  1 .text.35 	BIOS_sysinit_c.obj 
  0000039c 0001d2 400016ec 0000097c  1 .text 	BIOS_bspimain_c.obj 
  0000039c 000080 400016ec 0000097c  2 InitDSPI_1 	BIOS_bspimain_c.obj 
  0000041c 00002c 4000176c 000009fc  2 ReadDataDSPI_1 	BIOS_bspimain_c.obj 
  00000448 000126 40001798 00000a28  2 ConfigureMZC33905DSPI_1 	BIOS_bspimain_c.obj 
  0000056e 000000 400018be 00000b4e  1 .text.23 	BIOS_bspimain_c.obj 
  0000056e 000092 400018be 00000b4e  1 .text 	BIOS_PIT_c.obj 
  0000056e 00001e 400018be 00000b4e  2 PIT_device_init 	BIOS_PIT_c.obj 
  0000058c 000054 400018dc 00000b6c  2 PIT_channel_configure 	BIOS_PIT_c.obj 
  000005e0 000020 40001930 00000bc0  2 PIT_channel_start 	BIOS_PIT_c.obj 
  UNUSED   000018 ........ ........    PIT_channel_stop BIOS_PIT_c.obj 
  00000600 000000 40001950 00000be0  1 .text.34 	BIOS_PIT_c.obj 
  00000600 0001b8 40001950 00000be0  1 .text 	BIOS_GPIO_c.obj 
  00000600 0000f2 40001950 00000be0  2 vfnGPIO_Init_channel 	BIOS_GPIO_c.obj 
  000006f2 00001e 40001a42 00000cd2  2 vfnGPIO_Output 	BIOS_GPIO_c.obj 
  00000710 0000a8 40001a60 00000cf0  2 vfnGPIO_LED_Init 	BIOS_GPIO_c.obj 
  000007b8 000000 40001b08 00000d98  1 .text.39 	BIOS_GPIO_c.obj 
  000007b8 001086 40001b08 00000d98  1 .text 	BIOS_Can_c.obj 
  000007b8 00013e 40001b08 00000d98  2 CAN_SendFrameInt 	BIOS_Can_c.obj 
  000008f6 0002a2 40001c46 00000ed6  2 CANB_Isr 	BIOS_Can_c.obj 
  00000b98 000110 40001ee8 00001178  2 CAN_IO_Config 	BIOS_Can_c.obj 
  00000ca8 000978 40001ff8 00001288  2 CAN_Initialization 	BIOS_Can_c.obj 
  00001620 00003c 40002970 00001c00  2 CAN_SendFrame 	BIOS_Can_c.obj 
  0000165c 0001e2 400029ac 00001c3c  2 CAN_ReceiveFrame 	BIOS_Can_c.obj 
  UNUSED   000170 ........ ........    CAN_Stop BIOS_Can_c.obj 
  0000183e 000000 40002b8e 00001e1e  1 .text.256 	BIOS_Can_c.obj 
  0000183e 00003c 40002b8e 00001e1e  1 .text 	SERV_SchM_Tasks_c.obj 
  UNUSED   000002 ........ ........    SchM_3p125ms_Task SERV_SchM_Tasks_c.obj 
  0000183e 000014 40002b8e 00001e1e  2 SchM_6p25ms_Task 	SERV_SchM_Tasks_c.obj 
  00001852 000014 40002ba2 00001e32  2 SchM_12p5ms_Task 	SERV_SchM_Tasks_c.obj 
  00001866 000014 40002bb6 00001e46  2 SchM_25ms_Task 	SERV_SchM_Tasks_c.obj 
  UNUSED   000002 ........ ........    SchM_50ms_Task SERV_SchM_Tasks_c.obj 
  UNUSED   000014 ........ ........    SchM_100ms_Task SERV_SchM_Tasks_c.obj 
  0000187a 000000 40002bca 00001e5a  1 .text.41 	SERV_SchM_Tasks_c.obj 
  0000187a 00014c 40002bca 00001e5a  1 .text 	SERV_SchM_c.obj 
  0000187a 00007c 40002bca 00001e5a  2 SchM_Init 	SERV_SchM_c.obj 
  000018f6 0000a6 40002c46 00001ed6  2 kernel 	SERV_SchM_c.obj 
  0000199c 00002a 40002cec 00001f7c  2 TickFlag 	SERV_SchM_c.obj 
  000019c6 000000 40002d16 00001fa6  1 .text.53 	SERV_SchM_c.obj 
  000019c6 000066 40002d16 00001fa6  1 .text 	SERV_IntcInterrupts_c.obj 
  000019c6 00002c 40002d16 00001fa6  2 INTC_InstallINTCInterruptHandler 	SERV_IntcInterrupts_c.obj 
  000019f2 000018 40002d42 00001fd2  2 INTC_EnableInterrupts 	SERV_IntcInterrupts_c.obj 
  00001a0a 000022 40002d5a 00001fea  2 INTC_InitINTCInterrupts 	SERV_IntcInterrupts_c.obj 
  00001a2c 00000e 40002d7c 0000200c  1 .text 	SERV_Exceptions_c.obj 
  00001a2c 00000e 40002d7c 0000200c  2 EXCEP_InitExceptionHandlers 	SERV_Exceptions_c.obj 
  00001a3a 000164 40002d8a 0000201a  1 .text 	SERV_Can_Manager_c.obj 
  00001a3a 00005a 40002d8a 0000201a  2 Can_Manager_PduHandler0 	SERV_Can_Manager_c.obj 
  00001a94 000064 40002de4 00002074  2 Can_Manager_PduHandler7 	SERV_Can_Manager_c.obj 
  00001af8 000062 40002e48 000020d8  2 CanManager_SendMessage_12p5ms 	SERV_Can_Manager_c.obj 
  00001b5a 000044 40002eaa 0000213a  2 CanManager_SendMessage_25ms 	SERV_Can_Manager_c.obj 
  UNUSED   000018 ........ ........    CanManager_SendMessage_100ms SERV_Can_Manager_c.obj 
  00001b9e 000000 40002eee 0000217e  1 .text.58 	SERV_Can_Manager_c.obj 
  00001b9e 000042 40002eee 0000217e  1 .text 	main_c.obj 
  00001b9e 000042 40002eee 0000217e  2 main 	main_c.obj 
  00001be0 000000 40002f30 000021c0  1 .text.46 	main_c.obj 
  00001be0 000040 40002f30 000021c0  1 .text 	libc_E200z0_VLE_Soft.a D:\w\EPPC\workspace_codegen\ewl\EWL_C\EWL_C.PA_CmdLineData\libc_E200z0_VLE_Soft\obj\abort_exit.o
  UNUSED   00002c ........ ........    abort libc_E200z0_VLE_Soft.a D:\w\EPPC\workspace_codegen\ewl\EWL_C\EWL_C.PA_CmdLineData\libc_E200z0_VLE_Soft\obj\abort_exit.o
  UNUSED   000004 ........ ........    atexit libc_E200z0_VLE_Soft.a D:\w\EPPC\workspace_codegen\ewl\EWL_C\EWL_C.PA_CmdLineData\libc_E200z0_VLE_Soft\obj\abort_exit.o
  00001be0 000040 40002f30 000021c0  2 exit 	libc_E200z0_VLE_Soft.a D:\w\EPPC\workspace_codegen\ewl\EWL_C\EWL_C.PA_CmdLineData\libc_E200z0_VLE_Soft\obj\abort_exit.o
  UNUSED   00002a ........ ........    __atexit libc_E200z0_VLE_Soft.a D:\w\EPPC\workspace_codegen\ewl\EWL_C\EWL_C.PA_CmdLineData\libc_E200z0_VLE_Soft\obj\abort_exit.o
  UNUSED   000056 ........ ........    __exit libc_E200z0_VLE_Soft.a D:\w\EPPC\workspace_codegen\ewl\EWL_C\EWL_C.PA_CmdLineData\libc_E200z0_VLE_Soft\obj\abort_exit.o
  00001c20 000000 40002f70 00002200  1 .text.86 	libc_E200z0_VLE_Soft.a D:\w\EPPC\workspace_codegen\ewl\EWL_C\EWL_C.PA_CmdLineData\libc_E200z0_VLE_Soft\obj\abort_exit.o
  00001c20 000032 40002f70 00002200  1 .text 	librt_E200z0_VLE_Soft.a D:\w\EPPC\workspace_codegen\ewl\EWL_Runtime\Runtime_PA_CmdLineData\librt_E200z0_VLE_Soft\obj\global_destructor_chain.o
  UNUSED   000010 ........ ........    __register_global_object librt_E200z0_VLE_Soft.a D:\w\EPPC\workspace_codegen\ewl\EWL_Runtime\Runtime_PA_CmdLineData\librt_E200z0_VLE_Soft\obj\global_destructor_chain.o
  00001c20 000032 40002f70 00002200  2 __destroy_global_chain 	librt_E200z0_VLE_Soft.a D:\w\EPPC\workspace_codegen\ewl\EWL_Runtime\Runtime_PA_CmdLineData\librt_E200z0_VLE_Soft\obj\global_destructor_chain.o
  UNUSED   00003a ........ ........    __register_atexit librt_E200z0_VLE_Soft.a D:\w\EPPC\workspace_codegen\ewl\EWL_Runtime\Runtime_PA_CmdLineData\librt_E200z0_VLE_Soft\obj\global_destructor_chain.o
  00001c52 000000 40002fa2 00002232  1 .text.104 	librt_E200z0_VLE_Soft.a D:\w\EPPC\workspace_codegen\ewl\EWL_Runtime\Runtime_PA_CmdLineData\librt_E200z0_VLE_Soft\obj\global_destructor_chain.o
  00001c52 000008 40002fa2 00002232  1 .text 	librt_E200z0_VLE_Soft.a D:\w\EPPC\workspace_codegen\ewl\EWL_Runtime\Runtime_PA_CmdLineData\librt_E200z0_VLE_Soft\obj\runtime.o
  UNUSED   00004a ........ ........    __save_gpr librt_E200z0_VLE_Soft.a D:\w\EPPC\workspace_codegen\ewl\EWL_Runtime\Runtime_PA_CmdLineData\librt_E200z0_VLE_Soft\obj\runtime.o
  UNUSED   000000 ........ ........    _savegpr_14 librt_E200z0_VLE_Soft.a D:\w\EPPC\workspace_codegen\ewl\EWL_Runtime\Runtime_PA_CmdLineData\librt_E200z0_VLE_Soft\obj\runtime.o
  UNUSED   000000 ........ ........    _save32gpr_14 librt_E200z0_VLE_Soft.a D:\w\EPPC\workspace_codegen\ewl\EWL_Runtime\Runtime_PA_CmdLineData\librt_E200z0_VLE_Soft\obj\runtime.o
  UNUSED   000000 ........ ........    _savegpr_15 librt_E200z0_VLE_Soft.a D:\w\EPPC\workspace_codegen\ewl\EWL_Runtime\Runtime_PA_CmdLineData\librt_E200z0_VLE_Soft\obj\runtime.o
  UNUSED   000000 ........ ........    _save32gpr_15 librt_E200z0_VLE_Soft.a D:\w\EPPC\workspace_codegen\ewl\EWL_Runtime\Runtime_PA_CmdLineData\librt_E200z0_VLE_Soft\obj\runtime.o
  UNUSED   000000 ........ ........    _savegpr_16 librt_E200z0_VLE_Soft.a D:\w\EPPC\workspace_codegen\ewl\EWL_Runtime\Runtime_PA_CmdLineData\librt_E200z0_VLE_Soft\obj\runtime.o
  UNUSED   000000 ........ ........    _save32gpr_16 librt_E200z0_VLE_Soft.a D:\w\EPPC\workspace_codegen\ewl\EWL_Runtime\Runtime_PA_CmdLineData\librt_E200z0_VLE_Soft\obj\runtime.o
  UNUSED   000000 ........ ........    _savegpr_17 librt_E200z0_VLE_Soft.a D:\w\EPPC\workspace_codegen\ewl\EWL_Runtime\Runtime_PA_CmdLineData\librt_E200z0_VLE_Soft\obj\runtime.o
  UNUSED   000000 ........ ........    _save32gpr_17 librt_E200z0_VLE_Soft.a D:\w\EPPC\workspace_codegen\ewl\EWL_Runtime\Runtime_PA_CmdLineData\librt_E200z0_VLE_Soft\obj\runtime.o
  UNUSED   000000 ........ ........    _savegpr_18 librt_E200z0_VLE_Soft.a D:\w\EPPC\workspace_codegen\ewl\EWL_Runtime\Runtime_PA_CmdLineData\librt_E200z0_VLE_Soft\obj\runtime.o
  UNUSED   000000 ........ ........    _save32gpr_18 librt_E200z0_VLE_Soft.a D:\w\EPPC\workspace_codegen\ewl\EWL_Runtime\Runtime_PA_CmdLineData\librt_E200z0_VLE_Soft\obj\runtime.o
  UNUSED   000000 ........ ........    _savegpr_19 librt_E200z0_VLE_Soft.a D:\w\EPPC\workspace_codegen\ewl\EWL_Runtime\Runtime_PA_CmdLineData\librt_E200z0_VLE_Soft\obj\runtime.o
  UNUSED   000000 ........ ........    _save32gpr_19 librt_E200z0_VLE_Soft.a D:\w\EPPC\workspace_codegen\ewl\EWL_Runtime\Runtime_PA_CmdLineData\librt_E200z0_VLE_Soft\obj\runtime.o
  UNUSED   000000 ........ ........    _savegpr_20 librt_E200z0_VLE_Soft.a D:\w\EPPC\workspace_codegen\ewl\EWL_Runtime\Runtime_PA_CmdLineData\librt_E200z0_VLE_Soft\obj\runtime.o
  UNUSED   000000 ........ ........    _save32gpr_20 librt_E200z0_VLE_Soft.a D:\w\EPPC\workspace_codegen\ewl\EWL_Runtime\Runtime_PA_CmdLineData\librt_E200z0_VLE_Soft\obj\runtime.o
  UNUSED   000000 ........ ........    _savegpr_21 librt_E200z0_VLE_Soft.a D:\w\EPPC\workspace_codegen\ewl\EWL_Runtime\Runtime_PA_CmdLineData\librt_E200z0_VLE_Soft\obj\runtime.o
  UNUSED   000000 ........ ........    _save32gpr_21 librt_E200z0_VLE_Soft.a D:\w\EPPC\workspace_codegen\ewl\EWL_Runtime\Runtime_PA_CmdLineData\librt_E200z0_VLE_Soft\obj\runtime.o
  UNUSED   000000 ........ ........    _savegpr_22 librt_E200z0_VLE_Soft.a D:\w\EPPC\workspace_codegen\ewl\EWL_Runtime\Runtime_PA_CmdLineData\librt_E200z0_VLE_Soft\obj\runtime.o
  UNUSED   000000 ........ ........    _save32gpr_22 librt_E200z0_VLE_Soft.a D:\w\EPPC\workspace_codegen\ewl\EWL_Runtime\Runtime_PA_CmdLineData\librt_E200z0_VLE_Soft\obj\runtime.o
  UNUSED   000000 ........ ........    _savegpr_23 librt_E200z0_VLE_Soft.a D:\w\EPPC\workspace_codegen\ewl\EWL_Runtime\Runtime_PA_CmdLineData\librt_E200z0_VLE_Soft\obj\runtime.o
  UNUSED   000000 ........ ........    _save32gpr_23 librt_E200z0_VLE_Soft.a D:\w\EPPC\workspace_codegen\ewl\EWL_Runtime\Runtime_PA_CmdLineData\librt_E200z0_VLE_Soft\obj\runtime.o
  UNUSED   000000 ........ ........    _savegpr_24 librt_E200z0_VLE_Soft.a D:\w\EPPC\workspace_codegen\ewl\EWL_Runtime\Runtime_PA_CmdLineData\librt_E200z0_VLE_Soft\obj\runtime.o
  UNUSED   000000 ........ ........    _save32gpr_24 librt_E200z0_VLE_Soft.a D:\w\EPPC\workspace_codegen\ewl\EWL_Runtime\Runtime_PA_CmdLineData\librt_E200z0_VLE_Soft\obj\runtime.o
  UNUSED   000000 ........ ........    _savegpr_25 librt_E200z0_VLE_Soft.a D:\w\EPPC\workspace_codegen\ewl\EWL_Runtime\Runtime_PA_CmdLineData\librt_E200z0_VLE_Soft\obj\runtime.o
  UNUSED   000000 ........ ........    _save32gpr_25 librt_E200z0_VLE_Soft.a D:\w\EPPC\workspace_codegen\ewl\EWL_Runtime\Runtime_PA_CmdLineData\librt_E200z0_VLE_Soft\obj\runtime.o
  UNUSED   000000 ........ ........    _savegpr_26 librt_E200z0_VLE_Soft.a D:\w\EPPC\workspace_codegen\ewl\EWL_Runtime\Runtime_PA_CmdLineData\librt_E200z0_VLE_Soft\obj\runtime.o
  UNUSED   000000 ........ ........    _save32gpr_26 librt_E200z0_VLE_Soft.a D:\w\EPPC\workspace_codegen\ewl\EWL_Runtime\Runtime_PA_CmdLineData\librt_E200z0_VLE_Soft\obj\runtime.o
  UNUSED   000000 ........ ........    _savegpr_27 librt_E200z0_VLE_Soft.a D:\w\EPPC\workspace_codegen\ewl\EWL_Runtime\Runtime_PA_CmdLineData\librt_E200z0_VLE_Soft\obj\runtime.o
  UNUSED   000000 ........ ........    _save32gpr_27 librt_E200z0_VLE_Soft.a D:\w\EPPC\workspace_codegen\ewl\EWL_Runtime\Runtime_PA_CmdLineData\librt_E200z0_VLE_Soft\obj\runtime.o
  UNUSED   000000 ........ ........    _savegpr_28 librt_E200z0_VLE_Soft.a D:\w\EPPC\workspace_codegen\ewl\EWL_Runtime\Runtime_PA_CmdLineData\librt_E200z0_VLE_Soft\obj\runtime.o
  UNUSED   000000 ........ ........    _save32gpr_28 librt_E200z0_VLE_Soft.a D:\w\EPPC\workspace_codegen\ewl\EWL_Runtime\Runtime_PA_CmdLineData\librt_E200z0_VLE_Soft\obj\runtime.o
  UNUSED   000000 ........ ........    _savegpr_29 librt_E200z0_VLE_Soft.a D:\w\EPPC\workspace_codegen\ewl\EWL_Runtime\Runtime_PA_CmdLineData\librt_E200z0_VLE_Soft\obj\runtime.o
  UNUSED   000000 ........ ........    _save32gpr_29 librt_E200z0_VLE_Soft.a D:\w\EPPC\workspace_codegen\ewl\EWL_Runtime\Runtime_PA_CmdLineData\librt_E200z0_VLE_Soft\obj\runtime.o
  UNUSED   000000 ........ ........    _savegpr_30 librt_E200z0_VLE_Soft.a D:\w\EPPC\workspace_codegen\ewl\EWL_Runtime\Runtime_PA_CmdLineData\librt_E200z0_VLE_Soft\obj\runtime.o
  UNUSED   000000 ........ ........    _save32gpr_30 librt_E200z0_VLE_Soft.a D:\w\EPPC\workspace_codegen\ewl\EWL_Runtime\Runtime_PA_CmdLineData\librt_E200z0_VLE_Soft\obj\runtime.o
  UNUSED   000000 ........ ........    _savegpr_31 librt_E200z0_VLE_Soft.a D:\w\EPPC\workspace_codegen\ewl\EWL_Runtime\Runtime_PA_CmdLineData\librt_E200z0_VLE_Soft\obj\runtime.o
  UNUSED   000000 ........ ........    _save32gpr_31 librt_E200z0_VLE_Soft.a D:\w\EPPC\workspace_codegen\ewl\EWL_Runtime\Runtime_PA_CmdLineData\librt_E200z0_VLE_Soft\obj\runtime.o
  UNUSED   00004a ........ ........    __restore_gpr librt_E200z0_VLE_Soft.a D:\w\EPPC\workspace_codegen\ewl\EWL_Runtime\Runtime_PA_CmdLineData\librt_E200z0_VLE_Soft\obj\runtime.o
  UNUSED   000000 ........ ........    _restgpr_14 librt_E200z0_VLE_Soft.a D:\w\EPPC\workspace_codegen\ewl\EWL_Runtime\Runtime_PA_CmdLineData\librt_E200z0_VLE_Soft\obj\runtime.o
  UNUSED   000000 ........ ........    _rest32gpr_14 librt_E200z0_VLE_Soft.a D:\w\EPPC\workspace_codegen\ewl\EWL_Runtime\Runtime_PA_CmdLineData\librt_E200z0_VLE_Soft\obj\runtime.o
  UNUSED   000000 ........ ........    _restgpr_15 librt_E200z0_VLE_Soft.a D:\w\EPPC\workspace_codegen\ewl\EWL_Runtime\Runtime_PA_CmdLineData\librt_E200z0_VLE_Soft\obj\runtime.o
  UNUSED   000000 ........ ........    _rest32gpr_15 librt_E200z0_VLE_Soft.a D:\w\EPPC\workspace_codegen\ewl\EWL_Runtime\Runtime_PA_CmdLineData\librt_E200z0_VLE_Soft\obj\runtime.o
  UNUSED   000000 ........ ........    _restgpr_16 librt_E200z0_VLE_Soft.a D:\w\EPPC\workspace_codegen\ewl\EWL_Runtime\Runtime_PA_CmdLineData\librt_E200z0_VLE_Soft\obj\runtime.o
  UNUSED   000000 ........ ........    _rest32gpr_16 librt_E200z0_VLE_Soft.a D:\w\EPPC\workspace_codegen\ewl\EWL_Runtime\Runtime_PA_CmdLineData\librt_E200z0_VLE_Soft\obj\runtime.o
  UNUSED   000000 ........ ........    _restgpr_17 librt_E200z0_VLE_Soft.a D:\w\EPPC\workspace_codegen\ewl\EWL_Runtime\Runtime_PA_CmdLineData\librt_E200z0_VLE_Soft\obj\runtime.o
  UNUSED   000000 ........ ........    _rest32gpr_17 librt_E200z0_VLE_Soft.a D:\w\EPPC\workspace_codegen\ewl\EWL_Runtime\Runtime_PA_CmdLineData\librt_E200z0_VLE_Soft\obj\runtime.o
  UNUSED   000000 ........ ........    _restgpr_18 librt_E200z0_VLE_Soft.a D:\w\EPPC\workspace_codegen\ewl\EWL_Runtime\Runtime_PA_CmdLineData\librt_E200z0_VLE_Soft\obj\runtime.o
  UNUSED   000000 ........ ........    _rest32gpr_18 librt_E200z0_VLE_Soft.a D:\w\EPPC\workspace_codegen\ewl\EWL_Runtime\Runtime_PA_CmdLineData\librt_E200z0_VLE_Soft\obj\runtime.o
  UNUSED   000000 ........ ........    _restgpr_19 librt_E200z0_VLE_Soft.a D:\w\EPPC\workspace_codegen\ewl\EWL_Runtime\Runtime_PA_CmdLineData\librt_E200z0_VLE_Soft\obj\runtime.o
  UNUSED   000000 ........ ........    _rest32gpr_19 librt_E200z0_VLE_Soft.a D:\w\EPPC\workspace_codegen\ewl\EWL_Runtime\Runtime_PA_CmdLineData\librt_E200z0_VLE_Soft\obj\runtime.o
  UNUSED   000000 ........ ........    _restgpr_20 librt_E200z0_VLE_Soft.a D:\w\EPPC\workspace_codegen\ewl\EWL_Runtime\Runtime_PA_CmdLineData\librt_E200z0_VLE_Soft\obj\runtime.o
  UNUSED   000000 ........ ........    _rest32gpr_20 librt_E200z0_VLE_Soft.a D:\w\EPPC\workspace_codegen\ewl\EWL_Runtime\Runtime_PA_CmdLineData\librt_E200z0_VLE_Soft\obj\runtime.o
  UNUSED   000000 ........ ........    _restgpr_21 librt_E200z0_VLE_Soft.a D:\w\EPPC\workspace_codegen\ewl\EWL_Runtime\Runtime_PA_CmdLineData\librt_E200z0_VLE_Soft\obj\runtime.o
  UNUSED   000000 ........ ........    _rest32gpr_21 librt_E200z0_VLE_Soft.a D:\w\EPPC\workspace_codegen\ewl\EWL_Runtime\Runtime_PA_CmdLineData\librt_E200z0_VLE_Soft\obj\runtime.o
  UNUSED   000000 ........ ........    _restgpr_22 librt_E200z0_VLE_Soft.a D:\w\EPPC\workspace_codegen\ewl\EWL_Runtime\Runtime_PA_CmdLineData\librt_E200z0_VLE_Soft\obj\runtime.o
  UNUSED   000000 ........ ........    _rest32gpr_22 librt_E200z0_VLE_Soft.a D:\w\EPPC\workspace_codegen\ewl\EWL_Runtime\Runtime_PA_CmdLineData\librt_E200z0_VLE_Soft\obj\runtime.o
  UNUSED   000000 ........ ........    _restgpr_23 librt_E200z0_VLE_Soft.a D:\w\EPPC\workspace_codegen\ewl\EWL_Runtime\Runtime_PA_CmdLineData\librt_E200z0_VLE_Soft\obj\runtime.o
  UNUSED   000000 ........ ........    _rest32gpr_23 librt_E200z0_VLE_Soft.a D:\w\EPPC\workspace_codegen\ewl\EWL_Runtime\Runtime_PA_CmdLineData\librt_E200z0_VLE_Soft\obj\runtime.o
  UNUSED   000000 ........ ........    _restgpr_24 librt_E200z0_VLE_Soft.a D:\w\EPPC\workspace_codegen\ewl\EWL_Runtime\Runtime_PA_CmdLineData\librt_E200z0_VLE_Soft\obj\runtime.o
  UNUSED   000000 ........ ........    _rest32gpr_24 librt_E200z0_VLE_Soft.a D:\w\EPPC\workspace_codegen\ewl\EWL_Runtime\Runtime_PA_CmdLineData\librt_E200z0_VLE_Soft\obj\runtime.o
  UNUSED   000000 ........ ........    _restgpr_25 librt_E200z0_VLE_Soft.a D:\w\EPPC\workspace_codegen\ewl\EWL_Runtime\Runtime_PA_CmdLineData\librt_E200z0_VLE_Soft\obj\runtime.o
  UNUSED   000000 ........ ........    _rest32gpr_25 librt_E200z0_VLE_Soft.a D:\w\EPPC\workspace_codegen\ewl\EWL_Runtime\Runtime_PA_CmdLineData\librt_E200z0_VLE_Soft\obj\runtime.o
  UNUSED   000000 ........ ........    _restgpr_26 librt_E200z0_VLE_Soft.a D:\w\EPPC\workspace_codegen\ewl\EWL_Runtime\Runtime_PA_CmdLineData\librt_E200z0_VLE_Soft\obj\runtime.o
  UNUSED   000000 ........ ........    _rest32gpr_26 librt_E200z0_VLE_Soft.a D:\w\EPPC\workspace_codegen\ewl\EWL_Runtime\Runtime_PA_CmdLineData\librt_E200z0_VLE_Soft\obj\runtime.o
  UNUSED   000000 ........ ........    _restgpr_27 librt_E200z0_VLE_Soft.a D:\w\EPPC\workspace_codegen\ewl\EWL_Runtime\Runtime_PA_CmdLineData\librt_E200z0_VLE_Soft\obj\runtime.o
  UNUSED   000000 ........ ........    _rest32gpr_27 librt_E200z0_VLE_Soft.a D:\w\EPPC\workspace_codegen\ewl\EWL_Runtime\Runtime_PA_CmdLineData\librt_E200z0_VLE_Soft\obj\runtime.o
  UNUSED   000000 ........ ........    _restgpr_28 librt_E200z0_VLE_Soft.a D:\w\EPPC\workspace_codegen\ewl\EWL_Runtime\Runtime_PA_CmdLineData\librt_E200z0_VLE_Soft\obj\runtime.o
  UNUSED   000000 ........ ........    _rest32gpr_28 librt_E200z0_VLE_Soft.a D:\w\EPPC\workspace_codegen\ewl\EWL_Runtime\Runtime_PA_CmdLineData\librt_E200z0_VLE_Soft\obj\runtime.o
  UNUSED   000000 ........ ........    _restgpr_29 librt_E200z0_VLE_Soft.a D:\w\EPPC\workspace_codegen\ewl\EWL_Runtime\Runtime_PA_CmdLineData\librt_E200z0_VLE_Soft\obj\runtime.o
  UNUSED   000000 ........ ........    _rest32gpr_29 librt_E200z0_VLE_Soft.a D:\w\EPPC\workspace_codegen\ewl\EWL_Runtime\Runtime_PA_CmdLineData\librt_E200z0_VLE_Soft\obj\runtime.o
  UNUSED   000000 ........ ........    _restgpr_30 librt_E200z0_VLE_Soft.a D:\w\EPPC\workspace_codegen\ewl\EWL_Runtime\Runtime_PA_CmdLineData\librt_E200z0_VLE_Soft\obj\runtime.o
  UNUSED   000000 ........ ........    _rest32gpr_30 librt_E200z0_VLE_Soft.a D:\w\EPPC\workspace_codegen\ewl\EWL_Runtime\Runtime_PA_CmdLineData\librt_E200z0_VLE_Soft\obj\runtime.o
  UNUSED   000000 ........ ........    _restgpr_31 librt_E200z0_VLE_Soft.a D:\w\EPPC\workspace_codegen\ewl\EWL_Runtime\Runtime_PA_CmdLineData\librt_E200z0_VLE_Soft\obj\runtime.o
  UNUSED   000000 ........ ........    _rest32gpr_31 librt_E200z0_VLE_Soft.a D:\w\EPPC\workspace_codegen\ewl\EWL_Runtime\Runtime_PA_CmdLineData\librt_E200z0_VLE_Soft\obj\runtime.o
  00001c52 000008 40002fa2 00002232  2 __restore_frame_and_exit 	librt_E200z0_VLE_Soft.a D:\w\EPPC\workspace_codegen\ewl\EWL_Runtime\Runtime_PA_CmdLineData\librt_E200z0_VLE_Soft\obj\runtime.o
  UNUSED   000000 ........ ........    __finish_restore_frame_and_exit2 librt_E200z0_VLE_Soft.a D:\w\EPPC\workspace_codegen\ewl\EWL_Runtime\Runtime_PA_CmdLineData\librt_E200z0_VLE_Soft\obj\runtime.o
  UNUSED   00000a ........ ........    __restore_gpr_31_exit librt_E200z0_VLE_Soft.a D:\w\EPPC\workspace_codegen\ewl\EWL_Runtime\Runtime_PA_CmdLineData\librt_E200z0_VLE_Soft\obj\runtime.o
  UNUSED   000000 ........ ........    __finish_restore_frame_and_exit librt_E200z0_VLE_Soft.a D:\w\EPPC\workspace_codegen\ewl\EWL_Runtime\Runtime_PA_CmdLineData\librt_E200z0_VLE_Soft\obj\runtime.o
  UNUSED   000008 ........ ........    __restore_gpr_30_exit librt_E200z0_VLE_Soft.a D:\w\EPPC\workspace_codegen\ewl\EWL_Runtime\Runtime_PA_CmdLineData\librt_E200z0_VLE_Soft\obj\runtime.o
  UNUSED   000008 ........ ........    __restore_gpr_29_exit librt_E200z0_VLE_Soft.a D:\w\EPPC\workspace_codegen\ewl\EWL_Runtime\Runtime_PA_CmdLineData\librt_E200z0_VLE_Soft\obj\runtime.o
  UNUSED   000008 ........ ........    __restore_gpr_28_exit librt_E200z0_VLE_Soft.a D:\w\EPPC\workspace_codegen\ewl\EWL_Runtime\Runtime_PA_CmdLineData\librt_E200z0_VLE_Soft\obj\runtime.o
  UNUSED   000008 ........ ........    __restore_gpr_27_exit librt_E200z0_VLE_Soft.a D:\w\EPPC\workspace_codegen\ewl\EWL_Runtime\Runtime_PA_CmdLineData\librt_E200z0_VLE_Soft\obj\runtime.o
  UNUSED   000008 ........ ........    __restore_gpr_26_exit librt_E200z0_VLE_Soft.a D:\w\EPPC\workspace_codegen\ewl\EWL_Runtime\Runtime_PA_CmdLineData\librt_E200z0_VLE_Soft\obj\runtime.o
  UNUSED   00000a ........ ........    __restore_gpr_25_exit librt_E200z0_VLE_Soft.a D:\w\EPPC\workspace_codegen\ewl\EWL_Runtime\Runtime_PA_CmdLineData\librt_E200z0_VLE_Soft\obj\runtime.o
  UNUSED   000008 ........ ........    __restore_gpr_24_exit librt_E200z0_VLE_Soft.a D:\w\EPPC\workspace_codegen\ewl\EWL_Runtime\Runtime_PA_CmdLineData\librt_E200z0_VLE_Soft\obj\runtime.o
  UNUSED   000008 ........ ........    __restore_gpr_23_exit librt_E200z0_VLE_Soft.a D:\w\EPPC\workspace_codegen\ewl\EWL_Runtime\Runtime_PA_CmdLineData\librt_E200z0_VLE_Soft\obj\runtime.o
  UNUSED   000008 ........ ........    __restore_gpr_22_exit librt_E200z0_VLE_Soft.a D:\w\EPPC\workspace_codegen\ewl\EWL_Runtime\Runtime_PA_CmdLineData\librt_E200z0_VLE_Soft\obj\runtime.o
  UNUSED   000008 ........ ........    __restore_gpr_21_exit librt_E200z0_VLE_Soft.a D:\w\EPPC\workspace_codegen\ewl\EWL_Runtime\Runtime_PA_CmdLineData\librt_E200z0_VLE_Soft\obj\runtime.o
  UNUSED   000008 ........ ........    __restore_gpr_20_exit librt_E200z0_VLE_Soft.a D:\w\EPPC\workspace_codegen\ewl\EWL_Runtime\Runtime_PA_CmdLineData\librt_E200z0_VLE_Soft\obj\runtime.o
  UNUSED   000008 ........ ........    __restore_gpr_19_exit librt_E200z0_VLE_Soft.a D:\w\EPPC\workspace_codegen\ewl\EWL_Runtime\Runtime_PA_CmdLineData\librt_E200z0_VLE_Soft\obj\runtime.o
  UNUSED   000008 ........ ........    __restore_gpr_18_exit librt_E200z0_VLE_Soft.a D:\w\EPPC\workspace_codegen\ewl\EWL_Runtime\Runtime_PA_CmdLineData\librt_E200z0_VLE_Soft\obj\runtime.o
  UNUSED   000008 ........ ........    __restore_gpr_17_exit librt_E200z0_VLE_Soft.a D:\w\EPPC\workspace_codegen\ewl\EWL_Runtime\Runtime_PA_CmdLineData\librt_E200z0_VLE_Soft\obj\runtime.o
  UNUSED   000008 ........ ........    __restore_gpr_16_exit librt_E200z0_VLE_Soft.a D:\w\EPPC\workspace_codegen\ewl\EWL_Runtime\Runtime_PA_CmdLineData\librt_E200z0_VLE_Soft\obj\runtime.o
  UNUSED   000008 ........ ........    __restore_gpr_15_exit librt_E200z0_VLE_Soft.a D:\w\EPPC\workspace_codegen\ewl\EWL_Runtime\Runtime_PA_CmdLineData\librt_E200z0_VLE_Soft\obj\runtime.o
  UNUSED   000008 ........ ........    __restore_gpr_14_exit librt_E200z0_VLE_Soft.a D:\w\EPPC\workspace_codegen\ewl\EWL_Runtime\Runtime_PA_CmdLineData\librt_E200z0_VLE_Soft\obj\runtime.o
  UNUSED   00000c ........ ........    __create_frame librt_E200z0_VLE_Soft.a D:\w\EPPC\workspace_codegen\ewl\EWL_Runtime\Runtime_PA_CmdLineData\librt_E200z0_VLE_Soft\obj\runtime.o
  UNUSED   000000 ........ ........    __save_lr librt_E200z0_VLE_Soft.a D:\w\EPPC\workspace_codegen\ewl\EWL_Runtime\Runtime_PA_CmdLineData\librt_E200z0_VLE_Soft\obj\runtime.o
  UNUSED   00000c ........ ........    __create_frame_and_save_gpr_31 librt_E200z0_VLE_Soft.a D:\w\EPPC\workspace_codegen\ewl\EWL_Runtime\Runtime_PA_CmdLineData\librt_E200z0_VLE_Soft\obj\runtime.o
  UNUSED   00000c ........ ........    __create_frame_and_save_gpr_30 librt_E200z0_VLE_Soft.a D:\w\EPPC\workspace_codegen\ewl\EWL_Runtime\Runtime_PA_CmdLineData\librt_E200z0_VLE_Soft\obj\runtime.o
  UNUSED   00000c ........ ........    __create_frame_and_save_gpr_29 librt_E200z0_VLE_Soft.a D:\w\EPPC\workspace_codegen\ewl\EWL_Runtime\Runtime_PA_CmdLineData\librt_E200z0_VLE_Soft\obj\runtime.o
  UNUSED   00000c ........ ........    __create_frame_and_save_gpr_28 librt_E200z0_VLE_Soft.a D:\w\EPPC\workspace_codegen\ewl\EWL_Runtime\Runtime_PA_CmdLineData\librt_E200z0_VLE_Soft\obj\runtime.o
  UNUSED   00000c ........ ........    __create_frame_and_save_gpr_27 librt_E200z0_VLE_Soft.a D:\w\EPPC\workspace_codegen\ewl\EWL_Runtime\Runtime_PA_CmdLineData\librt_E200z0_VLE_Soft\obj\runtime.o
  UNUSED   00000c ........ ........    __create_frame_and_save_gpr_26 librt_E200z0_VLE_Soft.a D:\w\EPPC\workspace_codegen\ewl\EWL_Runtime\Runtime_PA_CmdLineData\librt_E200z0_VLE_Soft\obj\runtime.o
  UNUSED   00000c ........ ........    __create_frame_and_save_gpr_25 librt_E200z0_VLE_Soft.a D:\w\EPPC\workspace_codegen\ewl\EWL_Runtime\Runtime_PA_CmdLineData\librt_E200z0_VLE_Soft\obj\runtime.o
  UNUSED   00000c ........ ........    __create_frame_and_save_gpr_24 librt_E200z0_VLE_Soft.a D:\w\EPPC\workspace_codegen\ewl\EWL_Runtime\Runtime_PA_CmdLineData\librt_E200z0_VLE_Soft\obj\runtime.o
  UNUSED   00000c ........ ........    __create_frame_and_save_gpr_23 librt_E200z0_VLE_Soft.a D:\w\EPPC\workspace_codegen\ewl\EWL_Runtime\Runtime_PA_CmdLineData\librt_E200z0_VLE_Soft\obj\runtime.o
  UNUSED   00000c ........ ........    __create_frame_and_save_gpr_22 librt_E200z0_VLE_Soft.a D:\w\EPPC\workspace_codegen\ewl\EWL_Runtime\Runtime_PA_CmdLineData\librt_E200z0_VLE_Soft\obj\runtime.o
  UNUSED   00000c ........ ........    __create_frame_and_save_gpr_21 librt_E200z0_VLE_Soft.a D:\w\EPPC\workspace_codegen\ewl\EWL_Runtime\Runtime_PA_CmdLineData\librt_E200z0_VLE_Soft\obj\runtime.o
  UNUSED   00000c ........ ........    __create_frame_and_save_gpr_20 librt_E200z0_VLE_Soft.a D:\w\EPPC\workspace_codegen\ewl\EWL_Runtime\Runtime_PA_CmdLineData\librt_E200z0_VLE_Soft\obj\runtime.o
  UNUSED   00000c ........ ........    __create_frame_and_save_gpr_19 librt_E200z0_VLE_Soft.a D:\w\EPPC\workspace_codegen\ewl\EWL_Runtime\Runtime_PA_CmdLineData\librt_E200z0_VLE_Soft\obj\runtime.o
  UNUSED   00000c ........ ........    __create_frame_and_save_gpr_18 librt_E200z0_VLE_Soft.a D:\w\EPPC\workspace_codegen\ewl\EWL_Runtime\Runtime_PA_CmdLineData\librt_E200z0_VLE_Soft\obj\runtime.o
  UNUSED   00000c ........ ........    __create_frame_and_save_gpr_17 librt_E200z0_VLE_Soft.a D:\w\EPPC\workspace_codegen\ewl\EWL_Runtime\Runtime_PA_CmdLineData\librt_E200z0_VLE_Soft\obj\runtime.o
  UNUSED   00000c ........ ........    __create_frame_and_save_gpr_16 librt_E200z0_VLE_Soft.a D:\w\EPPC\workspace_codegen\ewl\EWL_Runtime\Runtime_PA_CmdLineData\librt_E200z0_VLE_Soft\obj\runtime.o
  UNUSED   00000c ........ ........    __create_frame_and_save_gpr_15 librt_E200z0_VLE_Soft.a D:\w\EPPC\workspace_codegen\ewl\EWL_Runtime\Runtime_PA_CmdLineData\librt_E200z0_VLE_Soft\obj\runtime.o
  UNUSED   00000c ........ ........    __create_frame_and_save_gpr_14 librt_E200z0_VLE_Soft.a D:\w\EPPC\workspace_codegen\ewl\EWL_Runtime\Runtime_PA_CmdLineData\librt_E200z0_VLE_Soft\obj\runtime.o
  UNUSED   0000c4 ........ ........    __div2u librt_E200z0_VLE_Soft.a D:\w\EPPC\workspace_codegen\ewl\EWL_Runtime\Runtime_PA_CmdLineData\librt_E200z0_VLE_Soft\obj\runtime.o
  UNUSED   000108 ........ ........    __div2i librt_E200z0_VLE_Soft.a D:\w\EPPC\workspace_codegen\ewl\EWL_Runtime\Runtime_PA_CmdLineData\librt_E200z0_VLE_Soft\obj\runtime.o
  UNUSED   0000ba ........ ........    __mod2u librt_E200z0_VLE_Soft.a D:\w\EPPC\workspace_codegen\ewl\EWL_Runtime\Runtime_PA_CmdLineData\librt_E200z0_VLE_Soft\obj\runtime.o
  UNUSED   0000e2 ........ ........    __mod2i librt_E200z0_VLE_Soft.a D:\w\EPPC\workspace_codegen\ewl\EWL_Runtime\Runtime_PA_CmdLineData\librt_E200z0_VLE_Soft\obj\runtime.o
  UNUSED   00001a ........ ........    __shl2i librt_E200z0_VLE_Soft.a D:\w\EPPC\workspace_codegen\ewl\EWL_Runtime\Runtime_PA_CmdLineData\librt_E200z0_VLE_Soft\obj\runtime.o
  UNUSED   00001a ........ ........    __shr2u librt_E200z0_VLE_Soft.a D:\w\EPPC\workspace_codegen\ewl\EWL_Runtime\Runtime_PA_CmdLineData\librt_E200z0_VLE_Soft\obj\runtime.o
  UNUSED   00001c ........ ........    __shr2i librt_E200z0_VLE_Soft.a D:\w\EPPC\workspace_codegen\ewl\EWL_Runtime\Runtime_PA_CmdLineData\librt_E200z0_VLE_Soft\obj\runtime.o
  00001c5a 000000 40002faa 0000223a  1 .text.205 	librt_E200z0_VLE_Soft.a D:\w\EPPC\workspace_codegen\ewl\EWL_Runtime\Runtime_PA_CmdLineData\librt_E200z0_VLE_Soft\obj\runtime.o


.rodata section layout
  Starting        Virtual  File
  address  Size   address  offset
  ---------------------------------
  00000000 00000c 40002fb0 00002240  1 .rodata 	__ppc_eabi_init_c.obj 
  00000000 00000c 40002fb0 00002240  4 @23 	__ppc_eabi_init_c.obj 
  0000000c 000004 40002fc0 00002250  8 *fill*
  00000010 000024 40002fc0 00002250  1 .rodata 	SERV_SchM_c.obj 
  00000010 000024 40002fc0 00002250  4 cas_TaskList 	SERV_SchM_c.obj 


.ctors section layout
  Starting        Virtual  File
  address  Size   address  offset
  ---------------------------------


.dtors section layout
  Starting        Virtual  File
  address  Size   address  offset
  ---------------------------------


extab section layout
  Starting        Virtual  File
  address  Size   address  offset
  ---------------------------------


extabindex section layout
  Starting        Virtual  File
  address  Size   address  offset
  ---------------------------------


.__uninitialized_intc_handlertable section layout
  Starting        Virtual  File
  address  Size   address  offset
  ---------------------------------
  00000000 0003a4 40002ff0 00002280  1 .__uninitialized_intc_handlertable 	SERV_IntcInterrupts_c.obj 
  00000000 0003a4 40002ff0 00002280  4 INTCInterruptsHandlerTable 	SERV_IntcInterrupts_c.obj 


.data section layout
  Starting        Virtual  File
  address  Size   address  offset
  ---------------------------------
  00000000 0000bc 40003398 00002280  1 .data 	BIOS_Can_Cfg_c.obj 
  00000000 000010 40003398 00002280  8 bios_cnf_can_baudrate_options 	BIOS_Can_Cfg_c.obj 
  00000010 0000a0 400033a8 00002290  8 bios_cnf_can_messages 	BIOS_Can_Cfg_c.obj 
  000000b0 00000c 40003448 00002330  4 bios_cnf_can_dev 	BIOS_Can_Cfg_c.obj 


.sdata section layout
  Starting        Virtual  File
  address  Size   address  offset
  ---------------------------------
  00000000 000008 40003458 00002340  1 .sdata 	BIOS_Can_Cfg_c.obj 
  00000000 000008 40003458 00002340  8 can_driver_config 	BIOS_Can_Cfg_c.obj 
  00000008 000040 40003460 00002348  1 .sdata 	SERV_Can_Manager_c.obj 
  00000008 000008 40003460 00002348  8 dummy_msg0 	SERV_Can_Manager_c.obj 
  UNUSED   000008 ........ ........    dummy_msg1 SERV_Can_Manager_c.obj 
  00000010 000008 40003468 00002350  8 dummy_msg2 	SERV_Can_Manager_c.obj 
  00000018 000008 40003470 00002358  8 dummy_msg9 	SERV_Can_Manager_c.obj 
  00000020 000008 40003478 00002360  8 pdu_handler4 	SERV_Can_Manager_c.obj 
  UNUSED   000008 ........ ........    pdu_handler5 SERV_Can_Manager_c.obj 
  00000028 000008 40003480 00002368  8 pdu_handler6 	SERV_Can_Manager_c.obj 
  00000030 000008 40003488 00002370  8 pdu_handler7 	SERV_Can_Manager_c.obj 
  00000038 000008 40003490 00002378  8 pdu_handler8 	SERV_Can_Manager_c.obj 
  00000040 000008 40003498 00002380  8 pdu_handler9 	SERV_Can_Manager_c.obj 


.sbss section layout
  Starting        Virtual  File
  address  Size   address  offset
  ---------------------------------
  00000000 000002 400034a0 00002388  1 .sbss 	APP_dummy_c.obj 
  00000000 000002 400034a0 00002388  2 @LOCAL@Test__Fv@rub_U16Counter 	APP_dummy_c.obj 
  00000002 000006 400034a8 00002390  8 *fill*
  00000008 000002 400034a8 00002390  1 .sbss 	BIOS_bspimain_c.obj 
  00000008 000002 400034a8 00002390  2 RecDataMaster 	BIOS_bspimain_c.obj 
  0000000a 000006 400034b0 00002398  8 *fill*
  00000010 000020 400034b0 00002398  1 .sbss 	BIOS_Can_c.obj 
  00000010 000004 400034b0 00002398  4 bios_can_prevent_clear_flag_low 	BIOS_Can_c.obj 
  00000014 000004 400034b4 0000239c  4 bios_can_prevent_clear_flag_high 	BIOS_Can_c.obj 
  00000018 000004 400034b8 000023a0  4 can_config_ptr 	BIOS_Can_c.obj 
  00000020 000008 400034c0 000023a8  8 can_config_dev_ptr 	BIOS_Can_c.obj 
  00000028 000008 400034c8 000023b0  8 bios_cnf_can_eng 	BIOS_Can_c.obj 
  00000030 00000c 400034d0 000023b8  1 .sbss 	SERV_SchM_c.obj 
  00000030 000001 400034d0 000023b8  1 rub_TickFlag 	SERV_SchM_c.obj 
  00000034 000004 400034d4 000023bc  4 rul_Index 	SERV_SchM_c.obj 
  00000038 000004 400034d8 000023c0  4 rul_Count 	SERV_SchM_c.obj 
  0000003c 000004 400034e0 000023c8  8 *fill*
  00000040 000010 400034e0 000023c8  1 .sbss 	SERV_Can_Manager_c.obj 
  00000040 000002 400034e0 000023c8  4 dummy_msg8 	SERV_Can_Manager_c.obj 
  00000044 000004 400034e4 000023cc  4 PduHandlerCnt0 	SERV_Can_Manager_c.obj 
  00000048 000004 400034e8 000023d0  4 PduHandlerCnt6 	SERV_Can_Manager_c.obj 
  0000004c 000002 400034ec 000023d4  2 pdu_handler8_cnt 	SERV_Can_Manager_c.obj 
  0000004e 000001 400034ee 000023d6  1 msg_rx_pdu0 	SERV_Can_Manager_c.obj 
  0000004f 000001 400034ef 000023d7  1 msg_rx_pdu7 	SERV_Can_Manager_c.obj 
  00000050 000008 400034f0 000023d8  1 .sbss 	libc_E200z0_VLE_Soft.a D:\w\EPPC\workspace_codegen\ewl\EWL_C\EWL_C.PA_CmdLineData\libc_E200z0_VLE_Soft\obj\abort_exit.o
  UNUSED   000004 ........ ........    __atexit_curr_func_C libc_E200z0_VLE_Soft.a D:\w\EPPC\workspace_codegen\ewl\EWL_C\EWL_C.PA_CmdLineData\libc_E200z0_VLE_Soft\obj\abort_exit.o
  00000050 000004 400034f0 000023d8  4 __stdio_exit 	libc_E200z0_VLE_Soft.a D:\w\EPPC\workspace_codegen\ewl\EWL_C\EWL_C.PA_CmdLineData\libc_E200z0_VLE_Soft\obj\abort_exit.o
  00000054 000004 400034f4 000023dc  4 __console_exit 	libc_E200z0_VLE_Soft.a D:\w\EPPC\workspace_codegen\ewl\EWL_C\EWL_C.PA_CmdLineData\libc_E200z0_VLE_Soft\obj\abort_exit.o
  00000058 000004 400034f8 000023e0  1 .sbss 	librt_E200z0_VLE_Soft.a D:\w\EPPC\workspace_codegen\ewl\EWL_Runtime\Runtime_PA_CmdLineData\librt_E200z0_VLE_Soft\obj\global_destructor_chain.o
  UNUSED   000004 ........ ........    atexit_curr_func librt_E200z0_VLE_Soft.a D:\w\EPPC\workspace_codegen\ewl\EWL_Runtime\Runtime_PA_CmdLineData\librt_E200z0_VLE_Soft\obj\global_destructor_chain.o
  00000058 000004 400034f8 000023e0  4 __global_destructor_chain 	librt_E200z0_VLE_Soft.a D:\w\EPPC\workspace_codegen\ewl\EWL_Runtime\Runtime_PA_CmdLineData\librt_E200z0_VLE_Soft\obj\global_destructor_chain.o


.sdata2 section layout
  Starting        Virtual  File
  address  Size   address  offset
  ---------------------------------


.sbss2 section layout
  Starting        Virtual  File
  address  Size   address  offset
  ---------------------------------


.bss section layout
  Starting        Virtual  File
  address  Size   address  offset
  ---------------------------------
  00000000 000a00 40003500 00002388  1 .bss 	BIOS_Can_c.obj 
  00000000 000500 40003500 00002388  8 txd_messages 	BIOS_Can_c.obj 
  00000500 000500 40003a00 00002888  8 received_messages 	BIOS_Can_c.obj 
  00000a00 00000c 40003f00 00002d88  1 .bss 	SERV_SchM_c.obj 
  00000a00 00000c 40003f00 00002d88  4 raul_NTask 	SERV_SchM_c.obj 
  00000a0c 000004 40003f10 00002d98  8 *fill*
  00000a10 00003c 40003f10 00002d98  1 .bss 	SERV_Can_Manager_c.obj 
  00000a10 000014 40003f10 00002d98  4 CanMessage_PduHandler2 	SERV_Can_Manager_c.obj 
  00000a24 000014 40003f24 00002dac  4 CanMessage_PduHandler7 	SERV_Can_Manager_c.obj 
  00000a38 000014 40003f38 00002dc0  4 CanMessage_PduHandler0 	SERV_Can_Manager_c.obj 


Memory map:
                       Starting Size     File       S-Record
                       address           Offset     Line
    .ivor_branch_table 40000000 000000f4 000001a0          2
  .intc_hw_branch_table 400000f4 00000000 00000294          0
                 .init 40001000 0000008c 00000294         15
             .init_vle 4000108c 00000208 00000320         22
  .__exception_handlers 400012a0 000000a4 00000530         48
                 .text 40001344 00000000 000005e0          0
             .text_vle 40001350 00001c5c 000005e0         57
               .rodata 40002fb0 00000034 00002240        420
                .ctors 40002fe4 00000000 00002274          0
                .dtors 40002fe4 00000000 00002274          0
                 extab 40002fe4 00000000 00002274          0
            extabindex 40002fe4 00000000 00002274          0
  .__uninitialized_intc_handlertable 40002ff0 000003a4 00002280          0
                 .data 40003398 000000bc 00002280        423
                .sdata 40003458 00000048 00002340        433
                 .sbss 400034a0 0000005c 00002388          0
               .sdata2 400034fc 00000000 00002388          0
                .sbss2 400034fc 00000000 00002388          0
                  .bss 40003500 00000a4c 00002388          0
      .PPC.EMB.apuinfo 0000b4a4 00000000 0000d830          0
         .debug_abbrev          00000167 00002388
           .debug_info          00004653 000024ef
           .debug_line          0000487e 00006b42
            .debug_loc          000005f0 0000b3c0
       .debug_pubnames          0000092f 0000b9b0


Linker generated symbols:
         _heap_start_addr 40012000
           _heap_end_addr 40013000
       EXCEPTION_HANDLERS 40000000
     _f_ivor_branch_table 40000000
 _f_ivor_branch_table_rom 40000000
     _e_ivor_branch_table 400000f4
  _f_intc_hw_branch_table 400000f4
_f_intc_hw_branch_table_rom 40000800
  _e_intc_hw_branch_table 400000f4
                  _f_init 40001000
              _f_init_rom 40001000
                  _e_init 4000108c
              _f_init_vle 4000108c
          _f_init_vle_rom 4000108c
              _e_init_vle 40001294
  _f___exception_handlers 400012a0
_f___exception_handlers_rom 400012a0
  _e___exception_handlers 40001344
                  _f_text 40001344
              _f_text_rom 40001350
                  _e_text 40001344
              _f_text_vle 40001350
          _f_text_vle_rom 40001350
              _e_text_vle 40002fac
                _f_rodata 40002fb0
            _f_rodata_rom 40002fb0
                _e_rodata 40002fe4
                 _f_ctors 40002fe4
             _f_ctors_rom 40002fe4
                 _e_ctors 40002fe4
                 _f_dtors 40002fe4
             _f_dtors_rom 40002fe4
                 _e_dtors 40002fe4
                  _fextab 40002fe4
              _fextab_rom 40002fe4
                  _eextab 40002fe4
             _fextabindex 40002fe4
         _fextabindex_rom 40002fe4
             _eextabindex 40002fe4
_f___uninitialized_intc_handlertable 40002ff0
_e___uninitialized_intc_handlertable 40003394
                  _f_data 40003398
              _f_data_rom 40003398
                  _e_data 40003454
                 _f_sdata 40003458
             _f_sdata_rom 40003458
                 _e_sdata 400034a0
                  _f_sbss 400034a0
                  _e_sbss 400034fc
                _f_sdata2 400034fc
            _f_sdata2_rom 40003500
                _e_sdata2 400034fc
                 _f_sbss2 400034fc
                 _e_sbss2 400034fc
                   _f_bss 40003500
                   _e_bss 40003f4c
              _stack_addr 40014000
               _stack_end 40013000
               _heap_addr 40012000
                _heap_end 40013000
             _nbfunctions 00000038
           SIZEOF_HEADERS 000001a0
               _SDA_BASE_ 4000b458
              _SDA2_BASE_ 4000b4fc
           _ABS_SDA_BASE_ 4000b458
          _ABS_SDA2_BASE_ 4000b4fc
                 _SP_INIT 40014000
             __HEAP_START 40012000
              __mem_limit 40013000
           __stack_safety 00000010
